L 07/04/2026 - 18:32:30: [navbot_stuck_logger.smx] Bot "[NAV] Bot 5<24><BOT><>" got stuck [1] at <719.968749 -908.003295 -95.968749> Eye Position <719.968749 -908.003295 -31.968749> Eye Angles <0.000000 0.357055 0.000000> Last Known Nav Area ID <126>
L 07/04/2026 - 18:32:31: [navbot_stuck_logger.smx] Bot "[NAV] Bot 5<24><BOT><>" got stuck [2] at <700.337585 -927.683532 -95.968749> Eye Position <700.337585 -927.683532 -67.968749> Eye Angles <0.000000 -34.714172 0.000000> Last Known Nav Area ID <213>
L 07/04/2026 - 18:33:31: [navbot_stuck_logger.smx] Bot "[NAV] Bot 8<25><BOT><>" got stuck [1] at <-2991.082519 -752.031249 -183.523117> Eye Position <-2991.082519 -752.031249 -119.523117> Eye Angles <0.000000 121.453857 0.000000> Last Known Nav Area ID <1090>
L 07/04/2026 - 18:34:08: [navbot_stuck_logger.smx] Bot "[NAV] Bot 4<27><BOT><>" got stuck [1] at <-3020.784179 -752.031249 -191.968734> Eye Position <-3020.784179 -752.031249 -127.968734> Eye Angles <18.424072 60.309448 0.000000> Last Known Nav Area ID <1090>
L 07/04/2026 - 18:34:08: [navbot_stuck_logger.smx] Bot "[NAV] Bot 9<29><BOT><>" got stuck [1] at <-2920.569824 -772.271301 -191.968749> Eye Position <-2920.569824 -772.271301 -127.968749> Eye Angles <19.149169 70.175170 0.000000> Last Known Nav Area ID <1090>
L 07/04/2026 - 18:34:09: [navbot_stuck_logger.smx] Bot "[NAV] Bot 4<27><BOT><>" got stuck [2] at <-2897.767578 -788.243896 -191.968749> Eye Position <-2897.767578 -788.243896 -127.968749> Eye Angles <23.126220 88.165283 0.000000> Last Known Nav Area ID <1090>
L 07/04/2026 - 18:34:55: [navbot_stuck_logger.smx] Bot "[NAV] Bot 9<29><BOT><>" got stuck [1] at <-3020.795410 -752.021423 -191.968749> Eye Position <-3020.795410 -752.021423 -127.968749> Eye Angles <0.000000 -159.881393 0.000000> Last Known Nav Area ID <1090>
L 07/04/2026 - 18:34:56: [navbot_stuck_logger.smx] Bot "[NAV] Bot 9<29><BOT><>" got stuck [2] at <-3018.582519 -753.954223 -191.968749> Eye Position <-3018.582519 -753.954223 -127.968749> Eye Angles <0.000000 135.898239 0.000000> Last Known Nav Area ID <1090>
L 07/04/2026 - 18:34:57: [navbot_stuck_logger.smx] Bot "[NAV] Bot 9<29><BOT><>" got stuck [3] at <-3020.795410 -752.021423 -191.968749> Eye Position <-3020.795410 -752.021423 -127.968749> Eye Angles <0.000000 -159.881393 0.000000> Last Known Nav Area ID <1090>
L 07/04/2026 - 18:34:58: [navbot_stuck_logger.smx] Bot "[NAV] Bot 9<29><BOT><>" got stuck [4] at <-3018.582519 -753.954223 -191.968749> Eye Position <-3018.582519 -753.954223 -127.968749> Eye Angles <0.000000 135.898239 0.000000> Last Known Nav Area ID <1090>
L 07/04/2026 - 18:34:59: [navbot_stuck_logger.smx] Bot "[NAV] Bot 9<29><BOT><>" got stuck [5] at <-3020.795410 -752.021423 -191.968749> Eye Position <-3020.795410 -752.021423 -127.968749> Eye Angles <0.000000 -159.881393 0.000000> Last Known Nav Area ID <1090>
L 07/04/2026 - 18:35:00: [navbot_stuck_logger.smx] Bot "[NAV] Bot 9<29><BOT><>" got stuck [6] at <-3018.582519 -753.954223 -191.968749> Eye Position <-3018.582519 -753.954223 -127.968749> Eye Angles <0.000000 135.898239 0.000000> Last Known Nav Area ID <1090>
L 07/04/2026 - 18:35:01: [navbot_stuck_logger.smx] Bot "[NAV] Bot 9<29><BOT><>" got stuck [7] at <-3020.795410 -752.021423 -191.968749> Eye Position <-3020.795410 -752.021423 -127.968749> Eye Angles <0.000000 -159.881393 0.000000> Last Known Nav Area ID <1090>
L 07/04/2026 - 18:35:02: [navbot_stuck_logger.smx] Bot "[NAV] Bot 9<29><BOT><>" got stuck [8] at <-3018.582519 -753.954223 -191.968749> Eye Position <-3018.582519 -753.954223 -127.968749> Eye Angles <0.000000 135.898239 0.000000> Last Known Nav Area ID <1090>
L 07/04/2026 - 18:35:03: [navbot_stuck_logger.smx] Bot "[NAV] Bot 9<29><BOT><>" got stuck [9] at <-3020.795410 -752.021423 -191.968749> Eye Position <-3020.795410 -752.021423 -127.968749> Eye Angles <0.000000 -159.881393 0.000000> Last Known Nav Area ID <1090>
L 07/04/2026 - 18:35:04: [navbot_stuck_logger.smx] Bot "[NAV] Bot 9<29><BOT><>" got stuck [10] at <-3016.148925 -756.787414 -191.968749> Eye Position <-3016.148925 -756.787414 -127.968749> Eye Angles <0.000000 103.499343 0.000000> Last Known Nav Area ID <1090>
L 07/04/2026 - 18:35:05: [navbot_stuck_logger.smx] Bot "[NAV] Bot 9<29><BOT><>" got stuck [11] at <-2922.655761 -767.055236 -191.968749> Eye Position <-2922.655761 -767.055236 -127.968749> Eye Angles <0.000000 64.058639 0.000000> Last Known Nav Area ID <1090>
L 07/04/2026 - 18:37:30: [navbot_stuck_logger.smx] Bot "[NAV] Bot 11<31><BOT><>" got stuck [1] at <253.948699 21.836383 -95.968749> Eye Position <253.948699 21.836383 -31.968749> Eye Angles <9.047241 95.273437 0.000000> Last Known Nav Area ID <121>
L 07/04/2026 - 18:37:31: [navbot_stuck_logger.smx] Bot "[NAV] Bot 11<31><BOT><>" got stuck [2] at <255.060470 17.443880 -71.983398> Eye Position <255.060470 17.443880 -43.983398> Eye Angles <-20.072021 43.805126 0.000000> Last Known Nav Area ID <316>
L 07/04/2026 - 18:37:32: [navbot_stuck_logger.smx] Bot "[NAV] Bot 11<31><BOT><>" got stuck [3] at <253.801712 25.024784 -95.961433> Eye Position <253.801712 25.024784 -31.961433> Eye Angles <0.000000 17.559009 0.000000> Last Known Nav Area ID <121>
L 07/04/2026 - 18:37:40: [navbot_stuck_logger.smx] Bot "[NAV] Bot 11<31><BOT><>" got stuck [1] at <252.163009 44.816146 -95.961433> Eye Position <252.163009 44.816146 -31.961433> Eye Angles <3.784790 -9.709289 0.000000> Last Known Nav Area ID <121>
L 07/04/2026 - 18:39:40: [navbot_stuck_logger.smx] Bot "[NAV] Bot 9<29><BOT><>" got stuck [1] at <-2701.354003 542.184997 -308.116271> Eye Position <-2701.354003 542.184997 -244.116271> Eye Angles <0.137329 81.578979 0.000000> Last Known Nav Area ID <925>
L 07/04/2026 - 18:40:14: [navbot_stuck_logger.smx] Bot "[NAV] Bot 8<25><BOT><>" got stuck [1] at <-2726.765136 -334.664398 112.031249> Eye Position <-2726.765136 -334.664398 176.031249> Eye Angles <0.000000 97.646484 0.000000> Last Known Nav Area ID <1032>
L 07/04/2026 - 18:40:15: [navbot_stuck_logger.smx] Bot "[NAV] Bot 8<25><BOT><>" got stuck [2] at <-2726.765136 -334.664398 112.031249> Eye Position <-2726.765136 -334.664398 176.031249> Eye Angles <17.671508 54.678955 0.000000> Last Known Nav Area ID <1032>
L 07/04/2026 - 18:40:16: [navbot_stuck_logger.smx] Bot "[NAV] Bot 8<25><BOT><>" got stuck [3] at <-2726.765136 -334.664398 112.031249> Eye Position <-2726.765136 -334.664398 176.031249> Eye Angles <22.296752 45.763549 0.000000> Last Known Nav Area ID <1032>
L 07/04/2026 - 18:40:17: [navbot_stuck_logger.smx] Bot "[NAV] Bot 8<25><BOT><>" got stuck [4] at <-2725.628906 -331.511322 112.031249> Eye Position <-2725.628906 -331.511322 176.031249> Eye Angles <25.587158 40.281372 0.000000> Last Known Nav Area ID <1032>
L 07/04/2026 - 18:40:23: [navbot_stuck_logger.smx] Bot "[NAV] Bot 2<22><BOT><>" got stuck [1] at <-2650.943115 679.968749 152.012985> Eye Position <-2650.943115 679.968749 216.012985> Eye Angles <0.000000 89.412231 0.000000> Last Known Nav Area ID <397>
L 07/04/2026 - 18:40:24: [navbot_stuck_logger.smx] Bot "[NAV] Bot 2<22><BOT><>" got stuck [2] at <-2650.754394 679.968749 152.012985> Eye Position <-2650.754394 679.968749 216.012985> Eye Angles <0.000000 89.527587 0.000000> Last Known Nav Area ID <397>
L 07/04/2026 - 18:40:25: [navbot_stuck_logger.smx] Bot "[NAV] Bot 2<22><BOT><>" got stuck [3] at <-2650.602539 679.968749 152.012985> Eye Position <-2650.602539 679.968749 216.012985> Eye Angles <0.000000 89.620971 0.000000> Last Known Nav Area ID <397>
L 07/04/2026 - 18:40:25: [navbot_stuck_logger.smx] Bot "[NAV] Bot 1<23><BOT><>" got stuck [1] at <-2792.989013 874.110534 -103.968749> Eye Position <-2792.989013 874.110534 -39.968749> Eye Angles <0.000000 136.546218 0.000000> Last Known Nav Area ID <1089>
L 07/04/2026 - 18:40:26: [navbot_stuck_logger.smx] Bot "[NAV] Bot 2<22><BOT><>" got stuck [4] at <-2650.481445 679.968749 152.012985> Eye Position <-2650.481445 679.968749 216.012985> Eye Angles <0.000000 89.697875 0.000000> Last Known Nav Area ID <397>
L 07/04/2026 - 18:40:27: [navbot_stuck_logger.smx] Bot "[NAV] Bot 2<22><BOT><>" got stuck [5] at <-2654.088867 679.968749 152.012985> Eye Position <-2654.088867 679.968749 216.012985> Eye Angles <8.789062 -151.537063 0.000000> Last Known Nav Area ID <397>
L 07/04/2026 - 18:40:28: [navbot_stuck_logger.smx] Bot "[NAV] Bot 2<22><BOT><>" got stuck [6] at <-2657.880371 679.968749 152.012985> Eye Position <-2657.880371 679.968749 216.012985> Eye Angles <10.129394 -85.512084 0.000000> Last Known Nav Area ID <397>
L 07/04/2026 - 18:40:29: [navbot_stuck_logger.smx] Bot "[NAV] Bot 2<22><BOT><>" got stuck [7] at <-2657.987792 679.968749 152.012985> Eye Position <-2657.987792 679.968749 216.012985> Eye Angles <12.436523 -91.400756 0.000000> Last Known Nav Area ID <397>
L 07/04/2026 - 18:40:30: [navbot_stuck_logger.smx] Bot "[NAV] Bot 2<22><BOT><>" got stuck [8] at <-2658.147705 679.968749 152.012985> Eye Position <-2658.147705 679.968749 216.012985> Eye Angles <17.748413 -88.428955 0.000000> Last Known Nav Area ID <397>
L 07/04/2026 - 18:40:31: [navbot_stuck_logger.smx] Bot "[NAV] Bot 2<22><BOT><>" got stuck [9] at <-2646.383544 679.968749 152.012985> Eye Position <-2646.383544 679.968749 216.012985> Eye Angles <19.874267 -65.203857 0.000000> Last Known Nav Area ID <397>
L 07/04/2026 - 18:40:31: [navbot_stuck_logger.smx] Bot "[NAV] Bot 14<30><BOT><>" got stuck [1] at <-2643.753906 679.968749 152.012985> Eye Position <-2643.753906 679.968749 216.012985> Eye Angles <19.940185 -65.637817 0.000000> Last Known Nav Area ID <397>
L 07/04/2026 - 18:40:32: [navbot_stuck_logger.smx] Bot "[NAV] Bot 2<22><BOT><>" got stuck [10] at <-2644.242919 679.968749 152.012985> Eye Position <-2644.242919 679.968749 216.012985> Eye Angles <17.929687 -41.220703 0.000000> Last Known Nav Area ID <397>
L 07/04/2026 - 18:40:32: [navbot_stuck_logger.smx] Bot "[NAV] Bot 14<30><BOT><>" got stuck [2] at <-2640.378173 679.968749 152.012985> Eye Position <-2640.378173 679.968749 216.012985> Eye Angles <13.738403 -31.739501 0.000000> Last Known Nav Area ID <397>
L 07/04/2026 - 18:40:33: [navbot_stuck_logger.smx] Bot "[NAV] Bot 2<22><BOT><>" got stuck [11] at <-2662.893554 679.968749 152.012985> Eye Position <-2662.893554 679.968749 216.012985> Eye Angles <18.160400 -30.434997 0.000000> Last Known Nav Area ID <397>
L 07/04/2026 - 18:40:33: [navbot_stuck_logger.smx] Bot "[NAV] Bot 14<30><BOT><>" got stuck [3] at <-2662.606445 679.968749 152.012985> Eye Position <-2662.606445 679.968749 216.012985> Eye Angles <18.143920 -32.969970 0.000000> Last Known Nav Area ID <397>
L 07/04/2026 - 18:40:34: [navbot_stuck_logger.smx] Bot "[NAV] Bot 2<22><BOT><>" got stuck [12] at <-2659.297119 679.968749 152.012985> Eye Position <-2659.297119 679.968749 216.012985> Eye Angles <17.185253 -73.199279 0.000000> Last Known Nav Area ID <397>
L 07/04/2026 - 18:40:34: [navbot_stuck_logger.smx] Bot "[NAV] Bot 14<30><BOT><>" got stuck [4] at <-2639.361816 679.968749 152.012985> Eye Position <-2639.361816 679.968749 216.012985> Eye Angles <14.727172 -89.538574 0.000000> Last Known Nav Area ID <397>
L 07/04/2026 - 18:40:35: [navbot_stuck_logger.smx] Bot "[NAV] Bot 2<22><BOT><>" got stuck [13] at <-2682.272949 679.968749 152.012985> Eye Position <-2682.272949 679.968749 216.012985> Eye Angles <34.002685 -38.133544 0.000000> Last Known Nav Area ID <397>
L 07/04/2026 - 18:40:35: [navbot_stuck_logger.smx] Bot "[NAV] Bot 14<30><BOT><>" got stuck [5] at <-2677.099365 679.968749 152.012985> Eye Position <-2677.099365 679.968749 206.479034> Eye Angles <19.844165 -42.632446 0.000000> Last Known Nav Area ID <397>
L 07/04/2026 - 18:40:36: [navbot_stuck_logger.smx] Bot "[NAV] Bot 2<22><BOT><>" got stuck [14] at <-2607.998046 679.997375 152.031249> Eye Position <-2607.998046 679.997375 216.031249> Eye Angles <38.018188 -134.285888 0.000000> Last Known Nav Area ID <397>
L 07/04/2026 - 18:40:37: [navbot_stuck_logger.smx] Bot "[NAV] Bot 14<30><BOT><>" got stuck [6] at <-2681.181884 679.968749 152.012985> Eye Position <-2681.181884 679.968749 206.479034> Eye Angles <18.646656 -45.755187 0.000000> Last Known Nav Area ID <397>
L 07/04/2026 - 18:40:37: [navbot_stuck_logger.smx] Bot "[NAV] Bot 2<22><BOT><>" got stuck [15] at <-2641.436035 679.992309 152.031249> Eye Position <-2641.436035 679.992309 216.031249> Eye Angles <0.000000 95.196533 0.000000> Last Known Nav Area ID <397>
L 07/04/2026 - 18:40:38: [navbot_stuck_logger.smx] Bot "[NAV] Bot 14<30><BOT><>" got stuck [7] at <-2669.984374 679.968749 152.012985> Eye Position <-2669.984374 679.968749 206.479034> Eye Angles <9.176440 77.997436 0.000000> Last Known Nav Area ID <397>
L 07/04/2026 - 18:40:38: [navbot_stuck_logger.smx] Bot "[NAV] Bot 8<25><BOT><>" got stuck [1] at <-2629.304199 679.968749 152.012985> Eye Position <-2629.304199 679.968749 216.012985> Eye Angles <0.000000 102.689208 0.000000> Last Known Nav Area ID <397>
L 07/04/2026 - 18:40:39: [navbot_stuck_logger.smx] Bot "[NAV] Bot 2<22><BOT><>" got stuck [16] at <-2643.666503 679.992309 152.031249> Eye Position <-2643.666503 679.992309 216.031249> Eye Angles <0.000000 93.944091 0.000000> Last Known Nav Area ID <397>
L 07/04/2026 - 18:40:39: [navbot_stuck_logger.smx] Bot "[NAV] Bot 2<22><BOT><>" got stuck [1] at <-2643.861083 679.992309 152.031249> Eye Position <-2643.861083 679.992309 216.031249> Eye Angles <0.000000 93.823242 0.000000> Last Known Nav Area ID <397>
L 07/04/2026 - 18:40:39: [navbot_stuck_logger.smx] Bot "[NAV] Bot 14<30><BOT><>" got stuck [8] at <-2664.595458 679.968749 152.012985> Eye Position <-2664.595458 679.968749 216.012985> Eye Angles <0.000000 80.969238 0.000000> Last Known Nav Area ID <397>
L 07/04/2026 - 18:40:39: [navbot_stuck_logger.smx] Bot "[NAV] Bot 8<25><BOT><>" got stuck [2] at <-2634.428222 679.968749 152.012985> Eye Position <-2634.428222 679.968749 216.012985> Eye Angles <0.000000 99.613037 0.000000> Last Known Nav Area ID <397>
L 07/04/2026 - 18:40:40: [navbot_stuck_logger.smx] Bot "[NAV] Bot 2<22><BOT><>" got stuck [2] at <-2645.505126 679.992309 152.031249> Eye Position <-2645.505126 679.992309 216.031249> Eye Angles <0.000000 92.801513 0.000000> Last Known Nav Area ID <397>
L 07/04/2026 - 18:40:40: [navbot_stuck_logger.smx] Bot "[NAV] Bot 14<30><BOT><>" got stuck [9] at <-2644.351318 618.944824 142.006256> Eye Position <-2644.351318 618.944824 206.006256> Eye Angles <-2.504882 25.793262 0.000000> Last Known Nav Area ID <397>
L 07/04/2026 - 18:40:40: [navbot_stuck_logger.smx] Bot "[NAV] Bot 8<25><BOT><>" got stuck [3] at <-2638.312011 679.968749 152.012985> Eye Position <-2638.312011 679.968749 216.012985> Eye Angles <0.000000 97.245483 0.000000> Last Known Nav Area ID <397>
L 07/04/2026 - 18:40:41: [navbot_stuck_logger.smx] Bot "[NAV] Bot 8<25><BOT><>" got stuck [4] at <-2670.339355 595.416931 125.678298> Eye Position <-2670.339355 595.416931 189.678298> Eye Angles <-34.846008 153.058670 0.000000> Last Known Nav Area ID <397>
L 07/04/2026 - 18:41:04: [navbot_stuck_logger.smx] Bot "[NAV] Bot 5<24><BOT><>" got stuck [1] at <-2641.590332 679.968749 152.012985> Eye Position <-2641.590332 679.968749 216.012985> Eye Angles <26.037597 -161.938476 0.000000> Last Known Nav Area ID <397>
L 07/04/2026 - 18:41:05: [navbot_stuck_logger.smx] Bot "[NAV] Bot 5<24><BOT><>" got stuck [2] at <-2633.373046 679.968749 152.012985> Eye Position <-2633.373046 679.968749 216.012985> Eye Angles <34.178466 179.546707 0.000000> Last Known Nav Area ID <397>
L 07/04/2026 - 18:41:06: [navbot_stuck_logger.smx] Bot "[NAV] Bot 5<24><BOT><>" got stuck [3] at <-2635.832275 679.968749 152.012985> Eye Position <-2635.832275 679.968749 216.012985> Eye Angles <39.224048 115.024002 0.000000> Last Known Nav Area ID <397>
L 07/04/2026 - 18:41:06: [navbot_stuck_logger.smx] Bot "[NAV] Bot 10<28><BOT><>" got stuck [1] at <-2643.322265 679.968749 152.012985> Eye Position <-2643.322265 679.968749 216.012985> Eye Angles <39.407958 106.597488 0.000000> Last Known Nav Area ID <397>
L 07/04/2026 - 18:41:07: [navbot_stuck_logger.smx] Bot "[NAV] Bot 5<24><BOT><>" got stuck [4] at <-2685.484374 679.968749 152.012985> Eye Position <-2685.484374 679.968749 216.012985> Eye Angles <25.938720 43.310741 0.000000> Last Known Nav Area ID <397>
L 07/04/2026 - 18:41:14: [navbot_stuck_logger.smx] Bot "[NAV] Bot 8<25><BOT><>" got stuck [1] at <-2656.838134 679.968749 152.012985> Eye Position <-2656.838134 679.968749 216.012985> Eye Angles <0.000000 85.742797 0.000000> Last Known Nav Area ID <397>
L 07/04/2026 - 18:41:15: [navbot_stuck_logger.smx] Bot "[NAV] Bot 8<25><BOT><>" got stuck [2] at <-2655.118408 679.968749 152.012985> Eye Position <-2655.118408 679.968749 216.012985> Eye Angles <0.000000 86.808471 0.000000> Last Known Nav Area ID <397>
L 07/04/2026 - 18:41:16: [navbot_stuck_logger.smx] Bot "[NAV] Bot 8<25><BOT><>" got stuck [3] at <-2664.543212 679.968749 152.012985> Eye Position <-2664.543212 679.968749 216.012985> Eye Angles <50.581054 -162.221267 0.000000> Last Known Nav Area ID <397>
L 07/04/2026 - 18:41:17: [navbot_stuck_logger.smx] Bot "[NAV] Bot 8<25><BOT><>" got stuck [4] at <-2671.200927 679.968749 152.012985> Eye Position <-2671.200927 679.968749 216.012985> Eye Angles <57.601318 -125.875854 0.000000> Last Known Nav Area ID <397>
L 07/04/2026 - 18:41:19: [navbot_stuck_logger.smx] Bot "[NAV] Bot 8<25><BOT><>" got stuck [5] at <-2673.758544 679.968749 152.012985> Eye Position <-2673.758544 679.968749 216.012985> Eye Angles <64.110717 -125.678100 0.000000> Last Known Nav Area ID <397>
L 07/04/2026 - 18:41:20: [navbot_stuck_logger.smx] Bot "[NAV] Bot 8<25><BOT><>" got stuck [6] at <-2653.494873 679.968749 152.012985> Eye Position <-2653.494873 679.968749 216.012985> Eye Angles <66.912231 -166.107788 0.000000> Last Known Nav Area ID <397>
L 07/04/2026 - 18:41:21: [navbot_stuck_logger.smx] Bot "[NAV] Bot 8<25><BOT><>" got stuck [7] at <-2650.613281 679.968749 152.012985> Eye Position <-2650.613281 679.968749 216.012985> Eye Angles <61.292724 161.196899 0.000000> Last Known Nav Area ID <397>
L 07/04/2026 - 18:41:22: [navbot_stuck_logger.smx] Bot "[NAV] Bot 8<25><BOT><>" got stuck [8] at <-2672.254638 679.968749 152.012985> Eye Position <-2672.254638 679.968749 216.012985> Eye Angles <54.525146 142.915649 0.000000> Last Known Nav Area ID <397>
L 07/04/2026 - 18:41:23: [navbot_stuck_logger.smx] Bot "[NAV] Bot 8<25><BOT><>" got stuck [9] at <-2673.931152 679.968749 152.012985> Eye Position <-2673.931152 679.968749 216.012985> Eye Angles <45.401000 140.147094 0.000000> Last Known Nav Area ID <397>
L 07/04/2026 - 18:42:25: [navbot_stuck_logger.smx] Bot "[NAV] Bot 13<35><BOT><>" got stuck [1] at <422.436553 -830.792480 -36.615093> Eye Position <422.436553 -830.792480 27.384906> Eye Angles <0.884399 126.818038 0.000000> Last Known Nav Area ID <1144>
L 07/04/2026 - 18:42:30: [navbot_stuck_logger.smx] Bot "[NAV] Bot 16<34><BOT><>" got stuck [1] at <417.733367 -822.442260 -37.404964> Eye Position <417.733367 -822.442260 26.595035> Eye Angles <10.865478 -138.260086 0.000000> Last Known Nav Area ID <1144>
L 07/04/2026 - 18:42:56: [navbot_stuck_logger.smx] Bot "[NAV] Bot 13<35><BOT><>" got stuck [1] at <-17.916393 62.634296 -45.113975> Eye Position <-17.916393 62.634296 18.886024> Eye Angles <0.000000 -26.133850 0.000000> Last Known Nav Area ID <292>
L 07/04/2026 - 18:43:07: [navbot_stuck_logger.smx] Bot "[NAV] Bot 2<36><BOT><>" got stuck [1] at <-2639.619140 679.968749 152.012985> Eye Position <-2639.619140 679.968749 216.012985> Eye Angles <28.004150 -161.043090 0.000000> Last Known Nav Area ID <397>
L 07/04/2026 - 18:43:08: [navbot_stuck_logger.smx] Bot "[NAV] Bot 2<36><BOT><>" got stuck [2] at <-2653.519287 640.049804 144.031249> Eye Position <-2653.519287 640.049804 177.656249> Eye Angles <22.071533 -159.916992 0.000000> Last Known Nav Area ID <397>
L 07/04/2026 - 18:43:09: [navbot_stuck_logger.smx] Bot "[NAV] Bot 2<36><BOT><>" got stuck [3] at <-2678.922363 624.580993 176.696243> Eye Position <-2678.922363 624.580993 204.696243> Eye Angles <17.437938 75.986938 0.000000> Last Known Nav Area ID <983>
L 07/04/2026 - 18:43:40: [navbot_stuck_logger.smx] Bot "[NAV] Bot 13<35><BOT><>" got stuck [1] at <422.268798 -823.081909 -37.365371> Eye Position <422.268798 -823.081909 26.634628> Eye Angles <27.987670 -130.468139 0.000000> Last Known Nav Area ID <1144>
L 07/04/2026 - 18:43:50: [navbot_stuck_logger.smx] Bot "[NAV] Bot 16<34><BOT><>" got stuck [1] at <421.227783 -829.147888 -36.621845> Eye Position <421.227783 -829.147888 27.378154> Eye Angles <5.314526 -69.277160 0.000000> Last Known Nav Area ID <1144>
L 07/04/2026 - 18:43:56: [navbot_stuck_logger.smx] Bot "[NAV] Bot 5<38><BOT><>" got stuck [1] at <-2661.460937 679.968749 152.012985> Eye Position <-2661.460937 679.968749 216.012985> Eye Angles <9.673461 -85.676879 0.000000> Last Known Nav Area ID <397>
L 07/04/2026 - 18:43:57: [navbot_stuck_logger.smx] Bot "[NAV] Bot 5<38><BOT><>" got stuck [2] at <-2661.626220 679.968749 152.012985> Eye Position <-2661.626220 679.968749 216.012985> Eye Angles <11.579589 -94.345092 0.000000> Last Known Nav Area ID <397>
L 07/04/2026 - 18:43:58: [navbot_stuck_logger.smx] Bot "[NAV] Bot 5<38><BOT><>" got stuck [3] at <-2661.563720 679.968749 152.012985> Eye Position <-2661.563720 679.968749 216.012985> Eye Angles <15.622558 -85.056152 0.000000> Last Known Nav Area ID <397>
L 07/04/2026 - 18:43:59: [navbot_stuck_logger.smx] Bot "[NAV] Bot 5<38><BOT><>" got stuck [4] at <-2653.016113 679.968749 152.012985> Eye Position <-2653.016113 679.968749 216.012985> Eye Angles <20.083007 -67.225341 0.000000> Last Known Nav Area ID <397>
L 07/04/2026 - 18:44:00: [navbot_stuck_logger.smx] Bot "[NAV] Bot 5<38><BOT><>" got stuck [5] at <-2639.630615 679.968749 152.012985> Eye Position <-2639.630615 679.968749 216.012985> Eye Angles <14.485473 -55.156860 0.000000> Last Known Nav Area ID <397>
L 07/04/2026 - 18:44:01: [navbot_stuck_logger.smx] Bot "[NAV] Bot 5<38><BOT><>" got stuck [6] at <-2639.197753 679.968749 152.012985> Eye Position <-2639.197753 679.968749 216.012985> Eye Angles <12.623291 -40.742797 0.000000> Last Known Nav Area ID <397>
L 07/04/2026 - 18:44:02: [navbot_stuck_logger.smx] Bot "[NAV] Bot 5<38><BOT><>" got stuck [7] at <-2643.680175 679.968749 152.012985> Eye Position <-2643.680175 679.968749 216.012985> Eye Angles <10.228271 -27.191162 0.000000> Last Known Nav Area ID <397>
L 07/04/2026 - 18:44:03: [navbot_stuck_logger.smx] Bot "[NAV] Bot 5<38><BOT><>" got stuck [8] at <-2659.003906 679.968749 152.012985> Eye Position <-2659.003906 679.968749 216.012985> Eye Angles <8.893432 -22.055053 0.000000> Last Known Nav Area ID <397>
L 07/04/2026 - 18:44:04: [navbot_stuck_logger.smx] Bot "[NAV] Bot 5<38><BOT><>" got stuck [9] at <-2663.429199 679.968749 152.012985> Eye Position <-2663.429199 679.968749 216.012985> Eye Angles <9.843749 -31.920776 0.000000> Last Known Nav Area ID <397>
L 07/04/2026 - 18:44:05: [navbot_stuck_logger.smx] Bot "[NAV] Bot 5<38><BOT><>" got stuck [10] at <-2667.211181 679.968749 152.012985> Eye Position <-2667.211181 679.968749 216.012985> Eye Angles <12.343139 -36.600952 0.000000> Last Known Nav Area ID <397>
L 07/04/2026 - 18:44:06: [navbot_stuck_logger.smx] Bot "[NAV] Bot 4<41><BOT><>" got stuck [1] at <417.908721 -822.966430 -37.282089> Eye Position <417.908721 -822.966430 26.717910> Eye Angles <29.729003 -128.139038 0.000000> Last Known Nav Area ID <1144>
L 07/04/2026 - 18:44:06: [navbot_stuck_logger.smx] Bot "[NAV] Bot 5<38><BOT><>" got stuck [11] at <-2668.125488 679.968749 152.012985> Eye Position <-2668.125488 679.968749 216.012985> Eye Angles <14.501953 -50.668945 0.000000> Last Known Nav Area ID <397>
L 07/04/2026 - 18:44:07: [navbot_stuck_logger.smx] Bot "[NAV] Bot 5<38><BOT><>" got stuck [12] at <-2664.814697 679.968749 152.012985> Eye Position <-2664.814697 679.968749 216.012985> Eye Angles <19.896240 -57.843017 0.000000> Last Known Nav Area ID <397>
L 07/04/2026 - 18:44:08: [navbot_stuck_logger.smx] Bot "[NAV] Bot 5<38><BOT><>" got stuck [13] at <-2661.641357 679.968749 152.012985> Eye Position <-2661.641357 679.968749 216.012985> Eye Angles <0.000000 -23.244201 0.000000> Last Known Nav Area ID <397>
L 07/04/2026 - 18:44:09: [navbot_stuck_logger.smx] Bot "[NAV] Bot 3<33><BOT><>" got stuck [1] at <418.483154 -824.284179 -36.976596> Eye Position <418.483154 -824.284179 27.023403> Eye Angles <29.948730 -136.678054 0.000000> Last Known Nav Area ID <1144>
L 07/04/2026 - 18:44:09: [navbot_stuck_logger.smx] Bot "[NAV] Bot 5<38><BOT><>" got stuck [14] at <-2662.820800 679.968749 152.012985> Eye Position <-2662.820800 679.968749 216.012985> Eye Angles <0.000000 82.062377 0.000000> Last Known Nav Area ID <397>
L 07/04/2026 - 18:44:10: [navbot_stuck_logger.smx] Bot "[NAV] Bot 5<38><BOT><>" got stuck [15] at <-2660.207031 679.968749 152.012985> Eye Position <-2660.207031 679.968749 216.012985> Eye Angles <0.000000 83.666381 0.000000> Last Known Nav Area ID <397>
L 07/04/2026 - 18:44:11: [navbot_stuck_logger.smx] Bot "[NAV] Bot 5<38><BOT><>" got stuck [16] at <-2658.120361 679.968749 152.012985> Eye Position <-2658.120361 679.968749 216.012985> Eye Angles <0.000000 84.951782 0.000000> Last Known Nav Area ID <397>
L 07/04/2026 - 18:44:11: [navbot_stuck_logger.smx] Bot "[NAV] Bot 5<38><BOT><>" got stuck [1] at <-2657.936523 679.968749 152.012985> Eye Position <-2657.936523 679.968749 216.012985> Eye Angles <0.000000 85.067138 0.000000> Last Known Nav Area ID <397>
L 07/04/2026 - 18:44:13: [navbot_stuck_logger.smx] Bot "[NAV] Bot 5<38><BOT><>" got stuck [2] at <-2656.310791 679.968749 152.012985> Eye Position <-2656.310791 679.968749 216.012985> Eye Angles <0.000000 86.072387 0.000000> Last Known Nav Area ID <397>
L 07/04/2026 - 18:44:14: [navbot_stuck_logger.smx] Bot "[NAV] Bot 5<38><BOT><>" got stuck [3] at <-2655.016845 679.968749 152.012985> Eye Position <-2655.016845 679.968749 216.012985> Eye Angles <0.000000 86.874389 0.000000> Last Known Nav Area ID <397>
L 07/04/2026 - 18:44:15: [navbot_stuck_logger.smx] Bot "[NAV] Bot 5<38><BOT><>" got stuck [4] at <-2653.987304 679.968749 152.012985> Eye Position <-2653.987304 679.968749 216.012985> Eye Angles <0.000000 87.517089 0.000000> Last Known Nav Area ID <397>
L 07/04/2026 - 18:44:16: [navbot_stuck_logger.smx] Bot "[NAV] Bot 5<38><BOT><>" got stuck [5] at <-2661.538330 679.968749 152.012985> Eye Position <-2661.538330 679.968749 216.012985> Eye Angles <45.417480 -105.053909 0.000000> Last Known Nav Area ID <397>
L 07/04/2026 - 18:44:17: [navbot_stuck_logger.smx] Bot "[NAV] Bot 5<38><BOT><>" got stuck [6] at <-2635.113769 640.301025 144.031249> Eye Position <-2635.113769 640.301025 208.031249> Eye Angles <0.000000 -96.968200 0.000000> Last Known Nav Area ID <397>
L 07/04/2026 - 18:44:49: [navbot_stuck_logger.smx] Bot "[NAV] Bot 16<34><BOT><>" got stuck [1] at <-1664.100463 -309.858001 -31.968749> Eye Position <-1664.100463 -309.858001 32.031249> Eye Angles <0.000000 165.970458 0.000000> Last Known Nav Area ID <139>
L 07/04/2026 - 18:44:50: [navbot_stuck_logger.smx] Bot "[NAV] Bot 16<34><BOT><>" got stuck [2] at <-1679.103759 -269.038848 17.381435> Eye Position <-1679.103759 -269.038848 45.381435> Eye Angles <0.000000 127.191360 0.000000> Last Known Nav Area ID <536>
L 07/04/2026 - 18:45:06: [navbot_stuck_logger.smx] Bot "[NAV] Bot 4<41><BOT><>" got stuck [1] at <-1665.930786 -306.388275 -31.968749> Eye Position <-1665.930786 -306.388275 32.031249> Eye Angles <2.730102 15.150146 0.000000> Last Known Nav Area ID <139>
L 07/04/2026 - 18:45:07: [navbot_stuck_logger.smx] Bot "[NAV] Bot 4<41><BOT><>" got stuck [2] at <-1667.025512 -237.339996 17.381435> Eye Position <-1667.025512 -237.339996 45.381435> Eye Angles <4.460449 10.332641 0.000000> Last Known Nav Area ID <536>
L 07/04/2026 - 18:46:45: [navbot_stuck_logger.smx] Bot "[NAV] Bot 2<36><BOT><>" got stuck [1] at <-2907.554199 1188.908691 -131.911560> Eye Position <-2907.554199 1188.908691 -67.911560> Eye Angles <0.000000 -90.000000 0.000000> Last Known Nav Area ID <402>
L 07/04/2026 - 18:46:46: [navbot_stuck_logger.smx] Bot "[NAV] Bot 2<36><BOT><>" got stuck [2] at <-2907.554199 1188.910278 -131.917678> Eye Position <-2907.554199 1188.910278 -67.917678> Eye Angles <0.000000 -90.000000 0.000000> Last Known Nav Area ID <402>
L 07/04/2026 - 18:46:47: [navbot_stuck_logger.smx] Bot "[NAV] Bot 2<36><BOT><>" got stuck [3] at <-2907.554199 1188.932739 -131.968749> Eye Position <-2907.554199 1188.932739 -67.968749> Eye Angles <-0.038452 -90.000000 0.000000> Last Known Nav Area ID <402>
L 07/04/2026 - 18:46:48: [navbot_stuck_logger.smx] Bot "[NAV] Bot 2<36><BOT><>" got stuck [4] at <-2907.347656 1143.680419 -123.968749> Eye Position <-2907.347656 1143.680419 -95.968749> Eye Angles <10.601806 -77.969970 0.000000> Last Known Nav Area ID <404>
L 07/04/2026 - 18:47:00: [navbot_stuck_logger.smx] Bot "[NAV] Bot 2<36><BOT><>" got stuck [1] at <-2301.031249 1037.578491 -127.968749> Eye Position <-2301.031249 1037.578491 -63.968749> Eye Angles <46.266063 -15.633544 0.000000> Last Known Nav Area ID <962>
L 07/04/2026 - 18:53:11: [navbot_stuck_logger.smx] Bot "[NAV] Bot 7<40><BOT><>" got stuck [1] at <-1647.332397 -314.209777 -31.968749> Eye Position <-1647.332397 -314.209777 32.031249> Eye Angles <0.000000 178.657028 0.000000> Last Known Nav Area ID <139>
L 07/04/2026 - 18:53:12: [navbot_stuck_logger.smx] Bot "[NAV] Bot 7<40><BOT><>" got stuck [2] at <-1674.350585 -312.562561 3.863988> Eye Position <-1674.350585 -312.562561 31.863988> Eye Angles <0.000000 98.791702 0.000000> Last Known Nav Area ID <139>
L 07/04/2026 - 18:53:12: [navbot_stuck_logger.smx] Bot "[NAV] Bot 4<41><BOT><>" got stuck [1] at <-1664.374511 -307.935272 -31.968749> Eye Position <-1664.374511 -307.935272 32.031249> Eye Angles <0.000000 160.842697 0.000000> Last Known Nav Area ID <139>
L 07/04/2026 - 18:53:13: [navbot_stuck_logger.smx] Bot "[NAV] Bot 4<41><BOT><>" got stuck [2] at <-1683.645263 -305.702484 15.284440> Eye Position <-1683.645263 -305.702484 43.284439> Eye Angles <-0.873413 84.910476 0.000000> Last Known Nav Area ID <536>
L 07/04/2026 - 18:54:17: [navbot_stuck_logger.smx] Bot "[NAV] Bot 9<45><BOT><>" got stuck [1] at <-2301.031249 1037.578491 -127.968749> Eye Position <-2301.031249 1037.578491 -63.968749> Eye Angles <46.266063 -15.633544 0.000000> Last Known Nav Area ID <962>
L 07/04/2026 - 18:54:43: [navbot_stuck_logger.smx] Bot "[NAV] Bot 3<33><BOT><>" got stuck [1] at <-2301.031249 1037.578491 -127.968749> Eye Position <-2301.031249 1037.578491 -63.968749> Eye Angles <46.266063 -15.633544 0.000000> Last Known Nav Area ID <962>
L 07/04/2026 - 18:54:45: [navbot_stuck_logger.smx] Bot "[NAV] Bot 10<43><BOT><>" got stuck [1] at <-2301.031249 1037.578491 -127.968749> Eye Position <-2301.031249 1037.578491 -63.968749> Eye Angles <46.266063 -15.633544 0.000000> Last Known Nav Area ID <962>
L 07/04/2026 - 18:54:56: [navbot_stuck_logger.smx] Bot "[NAV] Bot 3<33><BOT><>" got stuck [1] at <-2301.031249 1037.578491 -127.968749> Eye Position <-2301.031249 1037.578491 -63.968749> Eye Angles <46.266063 -15.633544 0.000000> Last Known Nav Area ID <962>
L 07/04/2026 - 18:54:58: [navbot_stuck_logger.smx] Bot "[NAV] Bot 10<43><BOT><>" got stuck [1] at <-2301.031249 1037.578491 -127.968749> Eye Position <-2301.031249 1037.578491 -63.968749> Eye Angles <46.266063 -15.633544 0.000000> Last Known Nav Area ID <962>
L 07/04/2026 - 18:55:00: [navbot_stuck_logger.smx] Bot "[NAV] Bot 13<35><BOT><>" got stuck [1] at <-2309.351074 1040.066650 -127.968749> Eye Position <-2309.351074 1040.066650 -63.968749> Eye Angles <35.752147 -15.748901 0.000000> Last Known Nav Area ID <962>
L 07/04/2026 - 18:55:00: [navbot_stuck_logger.smx] Bot "[NAV] Bot 4<41><BOT><>" got stuck [1] at <-2309.034423 1039.975463 -127.968749> Eye Position <-2309.034423 1039.975463 -63.968749> Eye Angles <36.048778 -15.748901 0.000000> Last Known Nav Area ID <962>
L 07/04/2026 - 18:55:01: [navbot_stuck_logger.smx] Bot "[NAV] Bot 13<35><BOT><>" got stuck [2] at <-2309.671874 1032.610107 -101.156684> Eye Position <-2309.671874 1032.610107 -73.156684> Eye Angles <0.126342 7.053222 0.000000> Last Known Nav Area ID <962>
L 07/04/2026 - 18:55:01: [navbot_stuck_logger.smx] Bot "[NAV] Bot 4<41><BOT><>" got stuck [2] at <-2313.640136 1032.390869 -101.147460> Eye Position <-2313.640136 1032.390869 -73.147460> Eye Angles <0.104370 6.553344 0.000000> Last Known Nav Area ID <962>
L 07/04/2026 - 18:55:02: [navbot_stuck_logger.smx] Bot "[NAV] Bot 13<35><BOT><>" got stuck [3] at <-2303.629882 1035.236938 -101.259735> Eye Position <-2303.629882 1035.236938 -73.259735> Eye Angles <-0.313110 1.884155 0.000000> Last Known Nav Area ID <962>
L 07/04/2026 - 18:55:02: [navbot_stuck_logger.smx] Bot "[NAV] Bot 4<41><BOT><>" got stuck [3] at <-2304.849853 1035.134155 -101.262603> Eye Position <-2304.849853 1035.134155 -73.262603> Eye Angles <-0.159301 2.065429 0.000000> Last Known Nav Area ID <962>
L 07/04/2026 - 18:55:23: [navbot_stuck_logger.smx] Bot "[NAV] Bot 7<40><BOT><>" got stuck [1] at <-2647.124755 679.968749 152.012985> Eye Position <-2647.124755 679.968749 216.012985> Eye Angles <22.774658 106.463012 0.000000> Last Known Nav Area ID <397>
L 07/04/2026 - 18:55:23: [navbot_stuck_logger.smx] Bot "[NAV] Bot 14<46><BOT><>" got stuck [1] at <-2628.153808 679.968749 152.012985> Eye Position <-2628.153808 679.968749 216.012985> Eye Angles <21.697998 112.049560 0.000000> Last Known Nav Area ID <397>
L 07/04/2026 - 18:55:24: [navbot_stuck_logger.smx] Bot "[NAV] Bot 7<40><BOT><>" got stuck [2] at <-2634.144775 679.968749 152.012985> Eye Position <-2634.144775 679.968749 216.012985> Eye Angles <20.451049 109.341430 0.000000> Last Known Nav Area ID <397>
L 07/04/2026 - 18:55:25: [navbot_stuck_logger.smx] Bot "[NAV] Bot 7<40><BOT><>" got stuck [3] at <-2640.184082 679.968749 152.012985> Eye Position <-2640.184082 679.968749 216.012985> Eye Angles <20.445556 111.533203 0.000000> Last Known Nav Area ID <397>
L 07/04/2026 - 18:56:18: [navbot_stuck_logger.smx] Bot "[NAV] Bot 17<48><BOT><>" got stuck [1] at <-2727.453124 -338.445037 112.030059> Eye Position <-2727.453124 -338.445037 176.030059> Eye Angles <6.146850 95.438232 0.000000> Last Known Nav Area ID <1032>
L 07/04/2026 - 18:56:19: [navbot_stuck_logger.smx] Bot "[NAV] Bot 17<48><BOT><>" got stuck [2] at <-2729.165527 -348.163604 112.030059> Eye Position <-2729.165527 -348.163604 176.030059> Eye Angles <0.000000 160.664062 0.000000> Last Known Nav Area ID <1032>
L 07/04/2026 - 18:56:20: [navbot_stuck_logger.smx] Bot "[NAV] Bot 17<48><BOT><>" got stuck [3] at <-2728.602539 -344.964355 112.030059> Eye Position <-2728.602539 -344.964355 176.030059> Eye Angles <0.000000 164.520263 0.000000> Last Known Nav Area ID <1032>
L 07/04/2026 - 18:56:21: [navbot_stuck_logger.smx] Bot "[NAV] Bot 17<48><BOT><>" got stuck [4] at <-2730.388916 -355.098052 112.030059> Eye Position <-2730.388916 -355.098052 176.030059> Eye Angles <13.018798 -69.246826 0.000000> Last Known Nav Area ID <93>
L 07/04/2026 - 18:56:22: [navbot_stuck_logger.smx] Bot "[NAV] Bot 17<48><BOT><>" got stuck [5] at <-2726.786376 -334.664489 112.030059> Eye Position <-2726.786376 -334.664489 176.030059> Eye Angles <13.842773 -80.403442 0.000000> Last Known Nav Area ID <1032>
L 07/04/2026 - 18:56:24: [navbot_stuck_logger.smx] Bot "[NAV] Bot 17<48><BOT><>" got stuck [6] at <-2728.375244 -343.680206 112.030059> Eye Position <-2728.375244 -343.680206 176.030059> Eye Angles <18.973388 -95.564575 0.000000> Last Known Nav Area ID <1032>
L 07/04/2026 - 18:56:25: [navbot_stuck_logger.smx] Bot "[NAV] Bot 17<48><BOT><>" got stuck [7] at <-2728.673583 -345.370361 112.030059> Eye Position <-2728.673583 -345.370361 176.030059> Eye Angles <23.988647 -93.048706 0.000000> Last Known Nav Area ID <1032>
L 07/04/2026 - 18:56:26: [navbot_stuck_logger.smx] Bot "[NAV] Bot 17<48><BOT><>" got stuck [8] at <-2722.373779 -354.439788 112.030059> Eye Position <-2722.373779 -354.439788 176.030059> Eye Angles <16.858520 -73.223876 0.000000> Last Known Nav Area ID <1037>
L 07/04/2026 - 18:56:44: [navbot_stuck_logger.smx] Bot "[NAV] Bot 1<56><BOT><>" got stuck [1] at <-1670.152221 -306.388275 -31.968749> Eye Position <-1670.152221 -306.388275 32.031249> Eye Angles <2.752075 88.148803 0.000000> Last Known Nav Area ID <139>
L 07/04/2026 - 18:57:11: [navbot_stuck_logger.smx] Bot "[NAV] Bot 1<56><BOT><>" got stuck [1] at <-2730.929443 -358.124328 112.031249> Eye Position <-2730.929443 -358.124328 176.031249> Eye Angles <9.503173 -74.838867 0.000000> Last Known Nav Area ID <93>
L 07/04/2026 - 18:57:12: [navbot_stuck_logger.smx] Bot "[NAV] Bot 1<56><BOT><>" got stuck [2] at <-2730.177490 -353.859863 112.031249> Eye Position <-2730.177490 -353.859863 176.031249> Eye Angles <39.391479 -73.948974 0.000000> Last Known Nav Area ID <93>
L 07/04/2026 - 18:59:19: [navbot_stuck_logger.smx] Bot "[NAV] Bot 11<47><BOT><>" got stuck [1] at <-2650.894775 679.968749 152.012985> Eye Position <-2650.894775 679.968749 216.012985> Eye Angles <38.254394 101.733398 0.000000> Last Known Nav Area ID <397>
L 07/04/2026 - 18:59:20: [navbot_stuck_logger.smx] Bot "[NAV] Bot 11<47><BOT><>" got stuck [2] at <-2644.238037 679.968749 152.012985> Eye Position <-2644.238037 679.968749 216.012985> Eye Angles <27.317504 109.714965 0.000000> Last Known Nav Area ID <397>
L 07/04/2026 - 18:59:21: [navbot_stuck_logger.smx] Bot "[NAV] Bot 11<47><BOT><>" got stuck [3] at <-2639.404052 599.980712 133.501251> Eye Position <-2639.404052 599.980712 197.501251> Eye Angles <20.632324 107.341918 0.000000> Last Known Nav Area ID <397>
L 07/04/2026 - 18:59:36: [navbot_stuck_logger.smx] Bot "[NAV] Bot 17<48><BOT><>" got stuck [1] at <-2301.031249 1037.578491 -127.968749> Eye Position <-2301.031249 1037.578491 -63.968749> Eye Angles <46.266063 -15.633544 0.000000> Last Known Nav Area ID <962>
L 07/04/2026 - 18:59:54: [navbot_stuck_logger.smx] Bot "[NAV] Bot 17<48><BOT><>" got stuck [1] at <-2631.066406 679.968749 152.012985> Eye Position <-2631.066406 679.968749 216.012985> Eye Angles <21.357421 -63.588867 0.000000> Last Known Nav Area ID <397>
L 07/04/2026 - 18:59:55: [navbot_stuck_logger.smx] Bot "[NAV] Bot 17<48><BOT><>" got stuck [2] at <-2634.521484 679.968749 152.012985> Eye Position <-2634.521484 679.968749 216.012985> Eye Angles <0.000000 -28.199035 0.000000> Last Known Nav Area ID <397>
L 07/04/2026 - 18:59:56: [navbot_stuck_logger.smx] Bot "[NAV] Bot 17<48><BOT><>" got stuck [3] at <-2669.591796 679.968749 152.012985> Eye Position <-2669.591796 679.968749 216.012985> Eye Angles <0.000000 77.964477 0.000000> Last Known Nav Area ID <397>
L 07/04/2026 - 18:59:57: [navbot_stuck_logger.smx] Bot "[NAV] Bot 17<48><BOT><>" got stuck [4] at <-2664.867187 679.968749 152.012985> Eye Position <-2664.867187 679.968749 216.012985> Eye Angles <0.000000 80.809936 0.000000> Last Known Nav Area ID <397>
L 07/04/2026 - 18:59:58: [navbot_stuck_logger.smx] Bot "[NAV] Bot 17<48><BOT><>" got stuck [5] at <-2661.258544 679.968749 152.012985> Eye Position <-2661.258544 679.968749 216.012985> Eye Angles <0.000000 83.012695 0.000000> Last Known Nav Area ID <397>
L 07/04/2026 - 18:59:59: [navbot_stuck_logger.smx] Bot "[NAV] Bot 17<48><BOT><>" got stuck [6] at <-2658.516357 679.968749 152.012985> Eye Position <-2658.516357 679.968749 216.012985> Eye Angles <0.000000 84.704589 0.000000> Last Known Nav Area ID <397>
L 07/04/2026 - 19:00:00: [navbot_stuck_logger.smx] Bot "[NAV] Bot 17<48><BOT><>" got stuck [7] at <-2652.593505 673.599609 145.643829> Eye Position <-2652.593505 673.599609 209.643829> Eye Angles <-5.718383 69.425247 0.000000> Last Known Nav Area ID <397>
L 07/04/2026 - 19:00:43: [navbot_stuck_logger.smx] Bot "[NAV] Bot 2<55><BOT><>" got stuck [1] at <-2445.978515 981.578430 -119.968749> Eye Position <-2445.978515 981.578430 -55.968749> Eye Angles <0.000000 -124.972122 0.000000> Last Known Nav Area ID <751>
L 07/04/2026 - 19:00:44: [navbot_stuck_logger.smx] Bot "[NAV] Bot 2<55><BOT><>" got stuck [2] at <-2482.099365 1002.496215 -83.635963> Eye Position <-2482.099365 1002.496215 -55.635963> Eye Angles <0.000000 -179.099121 0.000000> Last Known Nav Area ID <750>
L 07/04/2026 - 19:01:21: [navbot_stuck_logger.smx] Bot "[NAV] Bot 13<54><BOT><>" got stuck [1] at <-2585.606689 691.209472 -319.968749> Eye Position <-2585.606689 691.209472 -255.968749> Eye Angles <5.081176 -95.421752 0.000000> Last Known Nav Area ID <102>
L 07/04/2026 - 19:01:51: [navbot_stuck_logger.smx] Bot "[NAV] Bot 6<50><BOT><>" got stuck [1] at <-2923.344970 495.968749 -31.968749> Eye Position <-2923.344970 495.968749 32.031249> Eye Angles <39.677124 117.685546 0.000000> Last Known Nav Area ID <861>
L 07/04/2026 - 19:02:00: [navbot_stuck_logger.smx] Bot "[NAV] Bot 6<50><BOT><>" got stuck [1] at <-2923.344970 495.979034 -31.968749> Eye Position <-2923.344970 495.979034 32.031249> Eye Angles <34.266357 -27.671936 0.000000> Last Known Nav Area ID <861>
L 07/04/2026 - 19:02:08: [navbot_stuck_logger.smx] Bot "[NAV] Bot 6<50><BOT><>" got stuck [1] at <-2923.344970 495.968749 -31.968749> Eye Position <-2923.344970 495.968749 32.031249> Eye Angles <30.168457 108.693237 0.000000> Last Known Nav Area ID <861>
L 07/04/2026 - 19:02:16: [navbot_stuck_logger.smx] Bot "[NAV] Bot 6<50><BOT><>" got stuck [1] at <-2923.344970 495.999084 -31.968749> Eye Position <-2923.344970 495.999084 32.031249> Eye Angles <5.149950 -3.647460 0.000000> Last Known Nav Area ID <861>
L 07/04/2026 - 19:02:39: [navbot_stuck_logger.smx] Bot "[NAV] Bot 13<54><BOT><>" got stuck [1] at <-2651.351562 679.968749 152.012985> Eye Position <-2651.351562 679.968749 216.012985> Eye Angles <0.000000 89.154052 0.000000> Last Known Nav Area ID <397>
L 07/04/2026 - 19:02:40: [navbot_stuck_logger.smx] Bot "[NAV] Bot 13<54><BOT><>" got stuck [2] at <-2651.025878 679.968749 152.012985> Eye Position <-2651.025878 679.968749 216.012985> Eye Angles <0.000000 89.357299 0.000000> Last Known Nav Area ID <397>
L 07/04/2026 - 19:02:41: [navbot_stuck_logger.smx] Bot "[NAV] Bot 13<54><BOT><>" got stuck [3] at <-2650.779052 679.968749 152.012985> Eye Position <-2650.779052 679.968749 216.012985> Eye Angles <0.000000 89.511108 0.000000> Last Known Nav Area ID <397>
L 07/04/2026 - 19:02:42: [navbot_stuck_logger.smx] Bot "[NAV] Bot 13<54><BOT><>" got stuck [4] at <-2650.591552 679.968749 152.012985> Eye Position <-2650.591552 679.968749 216.012985> Eye Angles <0.000000 89.626464 0.000000> Last Known Nav Area ID <397>
L 07/04/2026 - 19:02:43: [navbot_stuck_logger.smx] Bot "[NAV] Bot 13<54><BOT><>" got stuck [5] at <-2650.449951 679.968749 152.012985> Eye Position <-2650.449951 679.968749 216.012985> Eye Angles <0.000000 89.714355 0.000000> Last Known Nav Area ID <397>
L 07/04/2026 - 19:02:44: [navbot_stuck_logger.smx] Bot "[NAV] Bot 13<54><BOT><>" got stuck [6] at <-2650.323242 679.968749 152.012985> Eye Position <-2650.323242 679.968749 216.012985> Eye Angles <0.000000 89.796752 0.000000> Last Known Nav Area ID <397>
L 07/04/2026 - 19:02:45: [navbot_stuck_logger.smx] Bot "[NAV] Bot 13<54><BOT><>" got stuck [7] at <-2650.212402 679.968749 152.012985> Eye Position <-2650.212402 679.968749 216.012985> Eye Angles <0.000000 89.862670 0.000000> Last Known Nav Area ID <397>
L 07/04/2026 - 19:02:46: [navbot_stuck_logger.smx] Bot "[NAV] Bot 13<54><BOT><>" got stuck [8] at <-2650.126464 679.968749 152.012985> Eye Position <-2650.126464 679.968749 216.012985> Eye Angles <0.000000 89.917602 0.000000> Last Known Nav Area ID <397>
L 07/04/2026 - 19:02:47: [navbot_stuck_logger.smx] Bot "[NAV] Bot 13<54><BOT><>" got stuck [9] at <-2650.052978 679.968749 152.012985> Eye Position <-2650.052978 679.968749 216.012985> Eye Angles <0.000000 89.961547 0.000000> Last Known Nav Area ID <397>
L 07/04/2026 - 19:02:48: [navbot_stuck_logger.smx] Bot "[NAV] Bot 13<54><BOT><>" got stuck [10] at <-2649.990234 679.968749 152.012985> Eye Position <-2649.990234 679.968749 216.012985> Eye Angles <0.000000 90.000000 0.000000> Last Known Nav Area ID <397>
L 07/04/2026 - 19:02:49: [navbot_stuck_logger.smx] Bot "[NAV] Bot 13<54><BOT><>" got stuck [11] at <-2650.015380 679.968749 152.012985> Eye Position <-2650.015380 679.968749 216.012985> Eye Angles <0.000000 89.989013 0.000000> Last Known Nav Area ID <397>
L 07/04/2026 - 19:02:50: [navbot_stuck_logger.smx] Bot "[NAV] Bot 13<54><BOT><>" got stuck [12] at <-2629.658935 582.456054 112.031249> Eye Position <-2629.658935 582.456054 176.031249> Eye Angles <-9.733886 -7.292297 0.000000> Last Known Nav Area ID <981>
L 07/04/2026 - 21:06:54: [navbot_stuck_logger.smx] Bot "[NAV] Bot 12<16><BOT><>" got stuck [1] at <694.525939 -897.375793 -95.968749> Eye Position <694.525939 -897.375793 -31.968749> Eye Angles <0.000000 89.991867 0.000000> Last Known Nav Area ID <126>
L 07/04/2026 - 21:07:00: [navbot_stuck_logger.smx] Bot "[NAV] Bot 6<14><BOT><>" got stuck [1] at <381.169219 -829.157348 -36.617782> Eye Position <381.169219 -829.157348 27.382217> Eye Angles <0.117993 -167.830001 0.000000> Last Known Nav Area ID <1144>
L 07/04/2026 - 21:07:03: [navbot_stuck_logger.smx] Bot "[NAV] Bot 2<18><BOT><>" got stuck [1] at <377.593627 -824.308471 -36.618148> Eye Position <377.593627 -824.308471 27.381851> Eye Angles <0.000000 -4.155456 0.000000> Last Known Nav Area ID <1144>
L 07/04/2026 - 21:07:07: [navbot_stuck_logger.smx] Bot "[NAV] Bot 12<16><BOT><>" got stuck [1] at <369.296539 -817.949523 -37.723865> Eye Position <369.296539 -817.949523 26.276134> Eye Angles <9.807934 -82.378112 0.000000> Last Known Nav Area ID <1144>
L 07/04/2026 - 21:07:22: [navbot_stuck_logger.smx] Bot "[NAV] Bot 12<16><BOT><>" got stuck [1] at <574.422607 -963.880432 -82.609374> Eye Position <574.422607 -963.880432 -18.609374> Eye Angles <-0.032958 -7.736999 0.000000> Last Known Nav Area ID <968>
L 07/04/2026 - 21:07:23: [navbot_stuck_logger.smx] Bot "[NAV] Bot 12<16><BOT><>" got stuck [2] at <487.516540 -972.266845 -95.968749> Eye Position <487.516540 -972.266845 -31.968749> Eye Angles <0.000000 -137.200119 0.000000> Last Known Nav Area ID <52>
L 07/04/2026 - 21:09:17: [navbot_stuck_logger.smx] Bot "[NAV] Bot 6<14><BOT><>" got stuck [1] at <-2990.093261 -759.209106 -183.457046> Eye Position <-2990.093261 -759.209106 -119.457046> Eye Angles <16.633300 -118.852737 0.000000> Last Known Nav Area ID <1090>
L 07/04/2026 - 21:09:19: [navbot_stuck_logger.smx] Bot "[NAV] Bot 14<15><BOT><>" got stuck [1] at <377.161621 -828.194396 -36.615165> Eye Position <377.161621 -828.194396 27.384834> Eye Angles <44.192504 79.326782 0.000000> Last Known Nav Area ID <1144>
L 07/04/2026 - 21:09:52: [navbot_stuck_logger.smx] Bot "[NAV] Bot 13<21><BOT><>" got stuck [1] at <-3015.989746 -752.031249 -191.968749> Eye Position <-3015.989746 -752.031249 -127.968749> Eye Angles <-12.936401 -63.855163 0.000000> Last Known Nav Area ID <1090>
L 07/04/2026 - 21:09:53: [navbot_stuck_logger.smx] Bot "[NAV] Bot 13<21><BOT><>" got stuck [2] at <-3007.058837 -757.111511 -191.968749> Eye Position <-3007.058837 -757.111511 -127.968749> Eye Angles <-13.106689 49.394531 0.000000> Last Known Nav Area ID <1090>
L 07/04/2026 - 21:09:54: [navbot_stuck_logger.smx] Bot "[NAV] Bot 13<21><BOT><>" got stuck [3] at <-3011.501708 -755.909729 -191.968749> Eye Position <-3011.501708 -755.909729 -127.968749> Eye Angles <0.000000 131.240036 0.000000> Last Known Nav Area ID <1090>
L 07/04/2026 - 21:09:55: [navbot_stuck_logger.smx] Bot "[NAV] Bot 13<21><BOT><>" got stuck [4] at <-3015.911865 -752.066894 -191.968749> Eye Position <-3015.911865 -752.066894 -127.968749> Eye Angles <0.000000 -150.597732 0.000000> Last Known Nav Area ID <1090>
L 07/04/2026 - 21:09:56: [navbot_stuck_logger.smx] Bot "[NAV] Bot 13<21><BOT><>" got stuck [5] at <-3015.687988 -752.172973 -191.968749> Eye Position <-3015.687988 -752.172973 -127.968749> Eye Angles <0.000000 -118.075561 0.000000> Last Known Nav Area ID <1090>
L 07/04/2026 - 21:09:57: [navbot_stuck_logger.smx] Bot "[NAV] Bot 13<21><BOT><>" got stuck [6] at <-3011.441162 -755.976501 -191.968749> Eye Position <-3011.441162 -755.976501 -127.968749> Eye Angles <-12.980346 46.719360 0.000000> Last Known Nav Area ID <1090>
L 07/04/2026 - 21:09:58: [navbot_stuck_logger.smx] Bot "[NAV] Bot 13<21><BOT><>" got stuck [7] at <-3011.014160 -752.031249 -191.968749> Eye Position <-3011.014160 -752.031249 -127.968749> Eye Angles <0.000000 118.839111 0.000000> Last Known Nav Area ID <1090>
L 07/04/2026 - 21:09:59: [navbot_stuck_logger.smx] Bot "[NAV] Bot 13<21><BOT><>" got stuck [8] at <-3013.063964 -752.031249 -191.968749> Eye Position <-3013.063964 -752.031249 -127.968749> Eye Angles <0.000000 119.679565 0.000000> Last Known Nav Area ID <1090>
L 07/04/2026 - 21:10:00: [navbot_stuck_logger.smx] Bot "[NAV] Bot 13<21><BOT><>" got stuck [9] at <-3040.696533 -749.822631 -191.968841> Eye Position <-3040.696533 -749.822631 -127.968841> Eye Angles <0.000000 118.764846 0.000000> Last Known Nav Area ID <1157>
L 07/04/2026 - 21:10:05: [navbot_stuck_logger.smx] Bot "[NAV] Bot 6<14><BOT><>" got stuck [1] at <-2728.612060 -315.764953 112.037246> Eye Position <-2728.612060 -315.764953 176.037246> Eye Angles <0.000000 143.833007 0.000000> Last Known Nav Area ID <1032>
L 07/04/2026 - 21:10:06: [navbot_stuck_logger.smx] Bot "[NAV] Bot 6<14><BOT><>" got stuck [2] at <-2728.612060 -315.764953 112.037246> Eye Position <-2728.612060 -315.764953 176.037246> Eye Angles <13.765869 62.561645 0.000000> Last Known Nav Area ID <1032>
L 07/04/2026 - 21:10:07: [navbot_stuck_logger.smx] Bot "[NAV] Bot 6<14><BOT><>" got stuck [3] at <-2728.612060 -315.764953 112.037246> Eye Position <-2728.612060 -315.764953 176.037246> Eye Angles <0.000000 143.833007 0.000000> Last Known Nav Area ID <1032>
L 07/04/2026 - 21:10:08: [navbot_stuck_logger.smx] Bot "[NAV] Bot 6<14><BOT><>" got stuck [4] at <-2728.612060 -315.764953 112.037246> Eye Position <-2728.612060 -315.764953 176.037246> Eye Angles <0.000000 143.833007 0.000000> Last Known Nav Area ID <1032>
L 07/04/2026 - 21:10:09: [navbot_stuck_logger.smx] Bot "[NAV] Bot 6<14><BOT><>" got stuck [5] at <-2728.612060 -315.764953 112.037246> Eye Position <-2728.612060 -315.764953 176.037246> Eye Angles <0.000000 143.833007 0.000000> Last Known Nav Area ID <1032>
L 07/04/2026 - 21:10:10: [navbot_stuck_logger.smx] Bot "[NAV] Bot 6<14><BOT><>" got stuck [6] at <-2728.612060 -315.764953 112.037246> Eye Position <-2728.612060 -315.764953 176.037246> Eye Angles <0.000000 143.833007 0.000000> Last Known Nav Area ID <1032>
L 07/04/2026 - 21:10:11: [navbot_stuck_logger.smx] Bot "[NAV] Bot 6<14><BOT><>" got stuck [7] at <-2728.612060 -315.764953 112.037246> Eye Position <-2728.612060 -315.764953 176.037246> Eye Angles <0.000000 143.833007 0.000000> Last Known Nav Area ID <1032>
L 07/04/2026 - 21:10:12: [navbot_stuck_logger.smx] Bot "[NAV] Bot 6<14><BOT><>" got stuck [8] at <-2728.612060 -315.764953 112.037246> Eye Position <-2728.612060 -315.764953 176.037246> Eye Angles <6.718139 95.663452 0.000000> Last Known Nav Area ID <1032>
L 07/04/2026 - 21:10:13: [navbot_stuck_logger.smx] Bot "[NAV] Bot 6<14><BOT><>" got stuck [9] at <-2728.612060 -315.764953 112.037246> Eye Position <-2728.612060 -315.764953 176.037246> Eye Angles <0.000000 111.849166 0.000000> Last Known Nav Area ID <1032>
L 07/04/2026 - 21:10:14: [navbot_stuck_logger.smx] Bot "[NAV] Bot 6<14><BOT><>" got stuck [10] at <-2728.612060 -315.764953 112.037246> Eye Position <-2728.612060 -315.764953 176.037246> Eye Angles <0.000000 143.833007 0.000000> Last Known Nav Area ID <1032>
L 07/04/2026 - 21:10:15: [navbot_stuck_logger.smx] Bot "[NAV] Bot 6<14><BOT><>" got stuck [11] at <-2728.612060 -315.764953 112.037246> Eye Position <-2728.612060 -315.764953 176.037246> Eye Angles <6.718139 95.663452 0.000000> Last Known Nav Area ID <1032>
L 07/04/2026 - 21:10:16: [navbot_stuck_logger.smx] Bot "[NAV] Bot 6<14><BOT><>" got stuck [12] at <-2728.612060 -315.764953 112.037246> Eye Position <-2728.612060 -315.764953 176.037246> Eye Angles <6.718139 95.663452 0.000000> Last Known Nav Area ID <1032>
L 07/04/2026 - 21:10:17: [navbot_stuck_logger.smx] Bot "[NAV] Bot 6<14><BOT><>" got stuck [13] at <-2728.612060 -315.764953 112.037246> Eye Position <-2728.612060 -315.764953 176.037246> Eye Angles <0.000000 97.794799 0.000000> Last Known Nav Area ID <1032>
L 07/04/2026 - 21:10:19: [navbot_stuck_logger.smx] Bot "[NAV] Bot 6<14><BOT><>" got stuck [14] at <-2728.610351 -315.764953 112.037246> Eye Position <-2728.610351 -315.764953 176.037246> Eye Angles <15.726928 170.620529 0.000000> Last Known Nav Area ID <1032>
L 07/04/2026 - 21:10:20: [navbot_stuck_logger.smx] Bot "[NAV] Bot 6<14><BOT><>" got stuck [15] at <-2728.405517 -315.764953 112.037246> Eye Position <-2728.405517 -315.764953 176.037246> Eye Angles <15.704956 -134.945068 0.000000> Last Known Nav Area ID <1032>
L 07/04/2026 - 21:11:46: [navbot_stuck_logger.smx] Bot "[NAV] Bot 13<21><BOT><>" got stuck [1] at <-1662.237182 -306.971374 -31.968749> Eye Position <-1662.237182 -306.971374 32.031249> Eye Angles <0.000000 151.147262 0.000000> Last Known Nav Area ID <139>
L 07/04/2026 - 21:13:38: [navbot_stuck_logger.smx] Bot "[NAV] Bot 5<29><BOT><>" got stuck [1] at <-2420.065185 1119.082885 -131.767700> Eye Position <-2420.065185 1119.082885 -67.767700> Eye Angles <0.043945 89.862670 0.000000> Last Known Nav Area ID <97>
L 07/04/2026 - 21:13:39: [navbot_stuck_logger.smx] Bot "[NAV] Bot 5<29><BOT><>" got stuck [2] at <-2419.933593 1164.351440 -129.820236> Eye Position <-2419.933593 1164.351440 -101.820236> Eye Angles <0.000000 90.181274 0.000000> Last Known Nav Area ID <439>
L 07/04/2026 - 21:15:08: [navbot_stuck_logger.smx] Bot "[NAV] Bot 4<22><BOT><>" got stuck [1] at <-2645.083496 679.968749 152.012985> Eye Position <-2645.083496 679.968749 216.012985> Eye Angles <0.000000 93.059692 0.000000> Last Known Nav Area ID <397>
L 07/04/2026 - 21:15:09: [navbot_stuck_logger.smx] Bot "[NAV] Bot 4<22><BOT><>" got stuck [2] at <-2645.549560 679.968749 152.012985> Eye Position <-2645.549560 679.968749 216.012985> Eye Angles <35.065723 127.581588 0.000000> Last Known Nav Area ID <397>
L 07/04/2026 - 21:15:10: [navbot_stuck_logger.smx] Bot "[NAV] Bot 4<22><BOT><>" got stuck [3] at <-2664.468505 679.968749 152.012985> Eye Position <-2664.468505 679.968749 216.012985> Eye Angles <52.278442 153.890991 0.000000> Last Known Nav Area ID <397>
L 07/04/2026 - 21:15:11: [navbot_stuck_logger.smx] Bot "[NAV] Bot 4<22><BOT><>" got stuck [4] at <-2660.889892 679.968749 152.012985> Eye Position <-2660.889892 679.968749 216.012985> Eye Angles <62.265014 160.065307 0.000000> Last Known Nav Area ID <397>
L 07/04/2026 - 21:15:12: [navbot_stuck_logger.smx] Bot "[NAV] Bot 4<22><BOT><>" got stuck [5] at <-2649.901611 679.968749 152.012985> Eye Position <-2649.901611 679.968749 216.012985> Eye Angles <69.043579 -166.893310 0.000000> Last Known Nav Area ID <397>
L 07/04/2026 - 21:15:13: [navbot_stuck_logger.smx] Bot "[NAV] Bot 4<22><BOT><>" got stuck [6] at <-2646.301757 679.968749 152.012985> Eye Position <-2646.301757 679.968749 216.012985> Eye Angles <71.378173 -125.617675 0.000000> Last Known Nav Area ID <397>
L 07/04/2026 - 21:15:14: [navbot_stuck_logger.smx] Bot "[NAV] Bot 4<22><BOT><>" got stuck [7] at <-2657.320556 679.968749 152.012985> Eye Position <-2657.320556 679.968749 216.012985> Eye Angles <58.864746 -86.918334 0.000000> Last Known Nav Area ID <397>
L 07/04/2026 - 21:15:15: [navbot_stuck_logger.smx] Bot "[NAV] Bot 4<22><BOT><>" got stuck [8] at <-2657.690185 679.968749 152.012985> Eye Position <-2657.690185 679.968749 216.012985> Eye Angles <51.811523 -94.108886 0.000000> Last Known Nav Area ID <397>
L 07/04/2026 - 21:15:16: [navbot_stuck_logger.smx] Bot "[NAV] Bot 4<22><BOT><>" got stuck [9] at <-2656.297119 679.968749 152.012985> Eye Position <-2656.297119 679.968749 216.012985> Eye Angles <46.961059 -93.883666 0.000000> Last Known Nav Area ID <397>
L 07/04/2026 - 21:15:17: [navbot_stuck_logger.smx] Bot "[NAV] Bot 4<22><BOT><>" got stuck [10] at <-2643.397705 679.968749 152.012985> Eye Position <-2643.397705 679.968749 216.012985> Eye Angles <0.000000 155.426223 0.000000> Last Known Nav Area ID <397>
L 07/04/2026 - 21:15:18: [navbot_stuck_logger.smx] Bot "[NAV] Bot 4<22><BOT><>" got stuck [11] at <-2650.226806 679.968749 152.012985> Eye Position <-2650.226806 679.968749 216.012985> Eye Angles <49.301147 156.428833 0.000000> Last Known Nav Area ID <397>
L 07/04/2026 - 21:15:19: [navbot_stuck_logger.smx] Bot "[NAV] Bot 4<22><BOT><>" got stuck [12] at <-2661.154296 679.968749 152.012985> Eye Position <-2661.154296 679.968749 216.012985> Eye Angles <55.134887 144.783325 0.000000> Last Known Nav Area ID <397>
L 07/04/2026 - 21:15:20: [navbot_stuck_logger.smx] Bot "[NAV] Bot 4<22><BOT><>" got stuck [13] at <-2664.055175 679.968749 152.012985> Eye Position <-2664.055175 679.968749 216.012985> Eye Angles <47.070922 141.503906 0.000000> Last Known Nav Area ID <397>
L 07/04/2026 - 21:15:21: [navbot_stuck_logger.smx] Bot "[NAV] Bot 4<22><BOT><>" got stuck [14] at <-2660.001464 679.968749 152.012985> Eye Position <-2660.001464 679.968749 216.012985> Eye Angles <0.000000 87.338455 0.000000> Last Known Nav Area ID <397>
L 07/04/2026 - 21:15:22: [navbot_stuck_logger.smx] Bot "[NAV] Bot 4<22><BOT><>" got stuck [15] at <-2651.882812 679.968749 152.012985> Eye Position <-2651.882812 679.968749 216.012985> Eye Angles <0.000000 88.824462 0.000000> Last Known Nav Area ID <397>
L 07/04/2026 - 21:15:23: [navbot_stuck_logger.smx] Bot "[NAV] Bot 4<22><BOT><>" got stuck [16] at <-2651.476074 679.968749 152.012985> Eye Position <-2651.476074 679.968749 216.012985> Eye Angles <0.000000 89.077148 0.000000> Last Known Nav Area ID <397>
L 07/04/2026 - 21:15:24: [navbot_stuck_logger.smx] Bot "[NAV] Bot 4<22><BOT><>" got stuck [1] at <-2651.440185 679.968749 152.012985> Eye Position <-2651.440185 679.968749 216.012985> Eye Angles <0.000000 89.099121 0.000000> Last Known Nav Area ID <397>
L 07/04/2026 - 21:15:25: [navbot_stuck_logger.smx] Bot "[NAV] Bot 4<22><BOT><>" got stuck [2] at <-2651.128662 679.968749 152.012985> Eye Position <-2651.128662 679.968749 216.012985> Eye Angles <0.000000 89.291381 0.000000> Last Known Nav Area ID <397>
L 07/04/2026 - 21:15:26: [navbot_stuck_logger.smx] Bot "[NAV] Bot 4<22><BOT><>" got stuck [3] at <-2650.884033 679.968749 152.012985> Eye Position <-2650.884033 679.968749 216.012985> Eye Angles <0.000000 89.445190 0.000000> Last Known Nav Area ID <397>
L 07/04/2026 - 21:15:27: [navbot_stuck_logger.smx] Bot "[NAV] Bot 4<22><BOT><>" got stuck [4] at <-2650.692626 679.968749 152.012985> Eye Position <-2650.692626 679.968749 216.012985> Eye Angles <0.000000 89.566040 0.000000> Last Known Nav Area ID <397>
L 07/04/2026 - 21:15:28: [navbot_stuck_logger.smx] Bot "[NAV] Bot 4<22><BOT><>" got stuck [5] at <-2650.541992 679.968749 152.012985> Eye Position <-2650.541992 679.968749 216.012985> Eye Angles <0.000000 89.659423 0.000000> Last Known Nav Area ID <397>
L 07/04/2026 - 21:15:29: [navbot_stuck_logger.smx] Bot "[NAV] Bot 4<22><BOT><>" got stuck [6] at <-2650.424072 679.968749 152.012985> Eye Position <-2650.424072 679.968749 216.012985> Eye Angles <0.000000 89.730834 0.000000> Last Known Nav Area ID <397>
L 07/04/2026 - 21:15:30: [navbot_stuck_logger.smx] Bot "[NAV] Bot 4<22><BOT><>" got stuck [7] at <-2651.948486 679.968749 152.012985> Eye Position <-2651.948486 679.968749 216.012985> Eye Angles <29.624633 96.921386 0.000000> Last Known Nav Area ID <397>
L 07/04/2026 - 21:15:31: [navbot_stuck_logger.smx] Bot "[NAV] Bot 4<22><BOT><>" got stuck [8] at <-2653.318359 679.968749 152.012985> Eye Position <-2653.318359 679.968749 216.012985> Eye Angles <28.976440 93.663940 0.000000> Last Known Nav Area ID <397>
L 07/04/2026 - 21:15:32: [navbot_stuck_logger.smx] Bot "[NAV] Bot 4<22><BOT><>" got stuck [9] at <-2657.174316 679.968749 152.012985> Eye Position <-2657.174316 679.968749 216.012985> Eye Angles <28.712768 99.327392 0.000000> Last Known Nav Area ID <397>
L 07/04/2026 - 21:15:33: [navbot_stuck_logger.smx] Bot "[NAV] Bot 4<22><BOT><>" got stuck [10] at <-2658.059326 679.968749 152.012985> Eye Position <-2658.059326 679.968749 216.012985> Eye Angles <30.574951 85.072631 0.000000> Last Known Nav Area ID <397>
L 07/04/2026 - 21:15:55: [navbot_stuck_logger.smx] Bot "[NAV] Bot 5<29><BOT><>" got stuck [1] at <-2664.601806 679.968749 152.012985> Eye Position <-2664.601806 679.968749 216.012985> Eye Angles <27.388916 -38.243408 0.000000> Last Known Nav Area ID <397>
L 07/04/2026 - 21:15:56: [navbot_stuck_logger.smx] Bot "[NAV] Bot 5<29><BOT><>" got stuck [2] at <-2663.496582 679.968749 152.012985> Eye Position <-2663.496582 679.968749 216.012985> Eye Angles <35.546264 -53.690185 0.000000> Last Known Nav Area ID <397>
L 07/04/2026 - 21:15:57: [navbot_stuck_logger.smx] Bot "[NAV] Bot 5<29><BOT><>" got stuck [3] at <-2621.371582 679.968749 152.012985> Eye Position <-2621.371582 679.968749 216.012985> Eye Angles <48.408618 -94.496276 0.000000> Last Known Nav Area ID <397>
L 07/04/2026 - 21:16:18: [navbot_stuck_logger.smx] Bot "[NAV] Bot 1<25><BOT><>" got stuck [1] at <-2301.031249 1037.578491 -127.968749> Eye Position <-2301.031249 1037.578491 -63.968749> Eye Angles <34.713939 -15.633544 0.000000> Last Known Nav Area ID <962>
L 07/04/2026 - 21:16:48: [navbot_stuck_logger.smx] Bot "[NAV] Bot 10<27><BOT><>" got stuck [1] at <-2301.031249 1037.578491 -127.968749> Eye Position <-2301.031249 1037.578491 -63.968749> Eye Angles <46.266063 -15.633544 0.000000> Last Known Nav Area ID <962>
L 07/04/2026 - 21:17:51: [navbot_stuck_logger.smx] Bot "[NAV] Bot 5<29><BOT><>" got stuck [1] at <380.338653 -833.041687 -36.618446> Eye Position <380.338653 -833.041687 27.381553> Eye Angles <4.504394 54.407154 0.000000> Last Known Nav Area ID <1144>
L 07/04/2026 - 21:18:12: [navbot_stuck_logger.smx] Bot "[NAV] Bot 1<25><BOT><>" got stuck [1] at <-2097.744384 504.308959 112.031249> Eye Position <-2097.744384 504.308959 176.031249> Eye Angles <0.000000 -2.746582 0.000000> Last Known Nav Area ID <863>
L 07/04/2026 - 21:18:13: [navbot_stuck_logger.smx] Bot "[NAV] Bot 1<25><BOT><>" got stuck [2] at <-2097.744384 503.375915 112.031249> Eye Position <-2097.744384 503.375915 176.031249> Eye Angles <0.000000 -2.153320 0.000000> Last Known Nav Area ID <863>
L 07/04/2026 - 21:18:14: [navbot_stuck_logger.smx] Bot "[NAV] Bot 1<25><BOT><>" got stuck [3] at <-2097.744384 503.268127 112.031249> Eye Position <-2097.744384 503.268127 176.031249> Eye Angles <6.443481 -55.758483 0.000000> Last Known Nav Area ID <863>
L 07/04/2026 - 21:18:15: [navbot_stuck_logger.smx] Bot "[NAV] Bot 1<25><BOT><>" got stuck [4] at <-2104.198730 487.431152 112.031249> Eye Position <-2104.198730 487.431152 176.031249> Eye Angles <6.685180 -165.069580 0.000000> Last Known Nav Area ID <863>
L 07/04/2026 - 21:18:29: [navbot_stuck_logger.smx] Bot "[NAV] Bot 15<26><BOT><>" got stuck [1] at <-3017.204589 -752.031249 -183.469558> Eye Position <-3017.204589 -752.031249 -119.469558> Eye Angles <29.959716 74.432373 0.000000> Last Known Nav Area ID <1090>
L 07/04/2026 - 21:20:09: [navbot_stuck_logger.smx] Bot "[NAV] Bot 7<28><BOT><>" got stuck [1] at <-2990.979492 -756.106689 -183.542266> Eye Position <-2990.979492 -756.106689 -119.542266> Eye Angles <0.000000 -28.177307 0.000000> Last Known Nav Area ID <1090>
L 07/04/2026 - 21:21:10: [navbot_stuck_logger.smx] Bot "[NAV] Bot 1<25><BOT><>" got stuck [1] at <-2643.596191 679.968749 152.012985> Eye Position <-2643.596191 679.968749 216.012985> Eye Angles <0.000000 93.982543 0.000000> Last Known Nav Area ID <397>
L 07/04/2026 - 21:21:11: [navbot_stuck_logger.smx] Bot "[NAV] Bot 1<25><BOT><>" got stuck [2] at <-2644.947265 679.968749 152.012985> Eye Position <-2644.947265 679.968749 216.012985> Eye Angles <0.000000 93.142089 0.000000> Last Known Nav Area ID <397>
L 07/04/2026 - 21:21:12: [navbot_stuck_logger.smx] Bot "[NAV] Bot 1<25><BOT><>" got stuck [3] at <-2646.865966 679.968749 152.012985> Eye Position <-2646.865966 679.968749 216.012985> Eye Angles <54.354858 95.674438 0.000000> Last Known Nav Area ID <397>
L 07/04/2026 - 21:21:13: [navbot_stuck_logger.smx] Bot "[NAV] Bot 1<25><BOT><>" got stuck [4] at <-2648.183105 679.968749 152.012985> Eye Position <-2648.183105 679.968749 216.012985> Eye Angles <54.470214 92.048950 0.000000> Last Known Nav Area ID <397>
L 07/04/2026 - 21:21:14: [navbot_stuck_logger.smx] Bot "[NAV] Bot 1<25><BOT><>" got stuck [5] at <-2648.569580 679.968749 152.012985> Eye Position <-2648.569580 679.968749 216.012985> Eye Angles <0.000000 90.889892 0.000000> Last Known Nav Area ID <397>
L 07/04/2026 - 21:21:15: [navbot_stuck_logger.smx] Bot "[NAV] Bot 1<25><BOT><>" got stuck [6] at <-2649.890136 679.968749 152.012985> Eye Position <-2649.890136 679.968749 216.012985> Eye Angles <35.562744 36.702465 0.000000> Last Known Nav Area ID <397>
L 07/04/2026 - 21:21:16: [navbot_stuck_logger.smx] Bot "[NAV] Bot 1<25><BOT><>" got stuck [7] at <-2638.305908 679.968749 152.012985> Eye Position <-2638.305908 679.968749 216.012985> Eye Angles <36.243896 -81.837158 0.000000> Last Known Nav Area ID <397>
L 07/04/2026 - 21:21:17: [navbot_stuck_logger.smx] Bot "[NAV] Bot 1<25><BOT><>" got stuck [8] at <-2643.156494 679.968749 152.012985> Eye Position <-2643.156494 679.968749 216.012985> Eye Angles <0.000000 66.915084 0.000000> Last Known Nav Area ID <397>
L 07/04/2026 - 21:21:18: [navbot_stuck_logger.smx] Bot "[NAV] Bot 1<25><BOT><>" got stuck [9] at <-2648.534179 679.968749 152.012985> Eye Position <-2648.534179 679.968749 216.012985> Eye Angles <0.000000 90.911865 0.000000> Last Known Nav Area ID <397>
L 07/04/2026 - 21:21:19: [navbot_stuck_logger.smx] Bot "[NAV] Bot 1<25><BOT><>" got stuck [10] at <-2648.843505 679.968749 152.012985> Eye Position <-2648.843505 679.968749 216.012985> Eye Angles <0.000000 90.719604 0.000000> Last Known Nav Area ID <397>
L 07/04/2026 - 21:21:20: [navbot_stuck_logger.smx] Bot "[NAV] Bot 16<24><BOT><>" got stuck [1] at <-2661.652832 679.968749 152.012985> Eye Position <-2661.652832 679.968749 216.012985> Eye Angles <45.422973 -90.708618 0.000000> Last Known Nav Area ID <397>
L 07/04/2026 - 21:21:20: [navbot_stuck_logger.smx] Bot "[NAV] Bot 1<25><BOT><>" got stuck [11] at <-2649.087158 679.968749 152.012985> Eye Position <-2649.087158 679.968749 216.012985> Eye Angles <0.000000 90.565795 0.000000> Last Known Nav Area ID <397>
L 07/04/2026 - 21:21:21: [navbot_stuck_logger.smx] Bot "[NAV] Bot 16<24><BOT><>" got stuck [2] at <-2662.766601 679.968749 152.012985> Eye Position <-2662.766601 679.968749 216.012985> Eye Angles <0.000000 82.095336 0.000000> Last Known Nav Area ID <397>
L 07/04/2026 - 21:21:21: [navbot_stuck_logger.smx] Bot "[NAV] Bot 1<25><BOT><>" got stuck [12] at <-2649.279296 679.968749 152.012985> Eye Position <-2649.279296 679.968749 216.012985> Eye Angles <0.000000 90.444946 0.000000> Last Known Nav Area ID <397>
L 07/04/2026 - 21:21:22: [navbot_stuck_logger.smx] Bot "[NAV] Bot 16<24><BOT><>" got stuck [3] at <-2660.140136 679.968749 152.012985> Eye Position <-2660.140136 679.968749 216.012985> Eye Angles <0.000000 83.704833 0.000000> Last Known Nav Area ID <397>
L 07/04/2026 - 21:21:22: [navbot_stuck_logger.smx] Bot "[NAV] Bot 1<25><BOT><>" got stuck [13] at <-2661.239013 679.968749 152.012985> Eye Position <-2661.239013 679.968749 216.012985> Eye Angles <45.417480 -140.039871 0.000000> Last Known Nav Area ID <397>
L 07/04/2026 - 21:21:23: [navbot_stuck_logger.smx] Bot "[NAV] Bot 16<24><BOT><>" got stuck [4] at <-2658.048828 679.968749 152.012985> Eye Position <-2658.048828 679.968749 216.012985> Eye Angles <0.000000 84.995727 0.000000> Last Known Nav Area ID <397>
L 07/04/2026 - 21:21:23: [navbot_stuck_logger.smx] Bot "[NAV] Bot 1<25><BOT><>" got stuck [14] at <-2662.173339 679.968749 152.012985> Eye Position <-2662.173339 679.968749 216.012985> Eye Angles <10.291333 -54.670593 0.000000> Last Known Nav Area ID <397>
L 07/04/2026 - 21:21:24: [navbot_stuck_logger.smx] Bot "[NAV] Bot 16<24><BOT><>" got stuck [5] at <-2656.385742 679.968749 152.012985> Eye Position <-2656.385742 679.968749 216.012985> Eye Angles <0.000000 86.028442 0.000000> Last Known Nav Area ID <397>
L 07/04/2026 - 21:21:24: [navbot_stuck_logger.smx] Bot "[NAV] Bot 1<25><BOT><>" got stuck [15] at <-2664.299316 679.968749 152.012985> Eye Position <-2664.299316 679.968749 216.012985> Eye Angles <0.000000 81.161499 0.000000> Last Known Nav Area ID <397>
L 07/04/2026 - 21:21:25: [navbot_stuck_logger.smx] Bot "[NAV] Bot 16<24><BOT><>" got stuck [6] at <-2654.423095 679.968749 152.012985> Eye Position <-2654.423095 679.968749 216.012985> Eye Angles <35.065723 74.465332 0.000000> Last Known Nav Area ID <397>
L 07/04/2026 - 21:21:25: [navbot_stuck_logger.smx] Bot "[NAV] Bot 1<25><BOT><>" got stuck [16] at <-2661.299804 679.968749 152.012985> Eye Position <-2661.299804 679.968749 216.012985> Eye Angles <0.000000 82.990722 0.000000> Last Known Nav Area ID <397>
L 07/04/2026 - 21:21:25: [navbot_stuck_logger.smx] Bot "[NAV] Bot 1<25><BOT><>" got stuck [1] at <-2661.036132 679.968749 152.012985> Eye Position <-2661.036132 679.968749 216.012985> Eye Angles <0.000000 83.155517 0.000000> Last Known Nav Area ID <397>
L 07/04/2026 - 21:21:26: [navbot_stuck_logger.smx] Bot "[NAV] Bot 16<24><BOT><>" got stuck [7] at <-2650.803466 679.968749 152.012985> Eye Position <-2650.803466 679.968749 216.012985> Eye Angles <51.654857 81.614578 0.000000> Last Known Nav Area ID <397>
L 07/04/2026 - 21:21:26: [navbot_stuck_logger.smx] Bot "[NAV] Bot 1<25><BOT><>" got stuck [2] at <-2655.893066 679.968749 152.012985> Eye Position <-2655.893066 679.968749 216.012985> Eye Angles <45.505371 5.660595 0.000000> Last Known Nav Area ID <397>
L 07/04/2026 - 21:21:27: [navbot_stuck_logger.smx] Bot "[NAV] Bot 16<24><BOT><>" got stuck [8] at <-2641.601562 679.968749 152.012985> Eye Position <-2641.601562 679.968749 216.012985> Eye Angles <54.398803 -94.998779 0.000000> Last Known Nav Area ID <397>
L 07/04/2026 - 21:21:27: [navbot_stuck_logger.smx] Bot "[NAV] Bot 1<25><BOT><>" got stuck [3] at <-2644.718261 679.968749 152.012985> Eye Position <-2644.718261 679.968749 216.012985> Eye Angles <54.415283 -94.548339 0.000000> Last Known Nav Area ID <397>
L 07/04/2026 - 21:21:28: [navbot_stuck_logger.smx] Bot "[NAV] Bot 16<24><BOT><>" got stuck [9] at <-2639.620605 679.968749 152.012985> Eye Position <-2639.620605 679.968749 216.012985> Eye Angles <62.646900 -99.138000 0.000000> Last Known Nav Area ID <397>
L 07/04/2026 - 21:21:29: [navbot_stuck_logger.smx] Bot "[NAV] Bot 1<25><BOT><>" got stuck [4] at <-2654.085693 679.968749 152.012985> Eye Position <-2654.085693 679.968749 216.012985> Eye Angles <71.026611 -105.048629 0.000000> Last Known Nav Area ID <397>
L 07/04/2026 - 21:21:29: [navbot_stuck_logger.smx] Bot "[NAV] Bot 16<24><BOT><>" got stuck [10] at <-2664.573242 679.968749 152.012985> Eye Position <-2664.573242 679.968749 216.012985> Eye Angles <71.504516 -126.425170 0.000000> Last Known Nav Area ID <397>
L 07/04/2026 - 21:21:30: [navbot_stuck_logger.smx] Bot "[NAV] Bot 1<25><BOT><>" got stuck [5] at <-2660.594726 679.968749 152.012985> Eye Position <-2660.594726 679.968749 216.012985> Eye Angles <71.290283 -127.375488 0.000000> Last Known Nav Area ID <397>
L 07/04/2026 - 21:21:30: [navbot_stuck_logger.smx] Bot "[NAV] Bot 16<24><BOT><>" got stuck [11] at <-2656.623779 679.968749 152.012985> Eye Position <-2656.623779 679.968749 216.012985> Eye Angles <67.714233 -171.029663 0.000000> Last Known Nav Area ID <397>
L 07/04/2026 - 21:21:31: [navbot_stuck_logger.smx] Bot "[NAV] Bot 1<25><BOT><>" got stuck [6] at <-2654.762695 679.968749 152.012985> Eye Position <-2654.762695 679.968749 216.012985> Eye Angles <67.450561 -171.145019 0.000000> Last Known Nav Area ID <397>
L 07/04/2026 - 21:21:31: [navbot_stuck_logger.smx] Bot "[NAV] Bot 16<24><BOT><>" got stuck [12] at <-2655.246826 679.968749 152.012985> Eye Position <-2655.246826 679.968749 216.012985> Eye Angles <32.417797 153.778274 0.000000> Last Known Nav Area ID <397>
L 07/04/2026 - 21:21:32: [navbot_stuck_logger.smx] Bot "[NAV] Bot 1<25><BOT><>" got stuck [7] at <-2648.047607 649.070312 144.031249> Eye Position <-2648.047607 649.070312 208.031249> Eye Angles <0.000000 -173.883255 0.000000> Last Known Nav Area ID <397>
L 07/04/2026 - 21:21:32: [navbot_stuck_logger.smx] Bot "[NAV] Bot 16<24><BOT><>" got stuck [13] at <-2588.693603 601.856323 112.031249> Eye Position <-2588.693603 601.856323 176.031249> Eye Angles <-27.951843 -66.228210 0.000000> Last Known Nav Area ID <981>
L 07/04/2026 - 21:23:11: [navbot_stuck_logger.smx] Bot "[NAV] Bot 17<30><BOT><>" got stuck [1] at <-2097.384033 510.916931 124.800819> Eye Position <-2097.384033 510.916931 188.800811> Eye Angles <0.010986 -70.136718 0.000000> Last Known Nav Area ID <863>
L 07/04/2026 - 21:23:14: [navbot_stuck_logger.smx] Bot "[NAV] Bot 5<29><BOT><>" got stuck [1] at <-2047.406860 470.970916 112.031249> Eye Position <-2047.406860 470.970916 176.031249> Eye Angles <27.108764 -70.317993 0.000000> Last Known Nav Area ID <863>
L 07/04/2026 - 21:24:07: [navbot_stuck_logger.smx] Bot "[NAV] Bot 1<25><BOT><>" got stuck [1] at <-2726.755859 -334.664398 112.031249> Eye Position <-2726.755859 -334.664398 176.031249> Eye Angles <0.000000 97.646484 0.000000> Last Known Nav Area ID <1032>
L 07/04/2026 - 21:24:08: [navbot_stuck_logger.smx] Bot "[NAV] Bot 1<25><BOT><>" got stuck [2] at <-2726.755859 -334.664398 112.031249> Eye Position <-2726.755859 -334.664398 176.031249> Eye Angles <0.000000 97.646484 0.000000> Last Known Nav Area ID <1032>
L 07/04/2026 - 21:24:09: [navbot_stuck_logger.smx] Bot "[NAV] Bot 1<25><BOT><>" got stuck [3] at <-2726.755859 -334.664398 112.031249> Eye Position <-2726.755859 -334.664398 176.031249> Eye Angles <0.000000 97.646484 0.000000> Last Known Nav Area ID <1032>
L 07/04/2026 - 21:24:10: [navbot_stuck_logger.smx] Bot "[NAV] Bot 1<25><BOT><>" got stuck [4] at <-2721.425537 -303.218170 112.031249> Eye Position <-2721.425537 -303.218170 176.031249> Eye Angles <37.985229 -15.834167 0.000000> Last Known Nav Area ID <1031>
L 07/04/2026 - 21:24:10: [navbot_stuck_logger.smx] Bot "[NAV] Bot 5<29><BOT><>" got stuck [1] at <-947.968749 85.395095 104.031249> Eye Position <-947.968749 85.395095 168.031249> Eye Angles <0.000000 -168.579711 0.000000> Last Known Nav Area ID <906>
L 07/04/2026 - 21:24:11: [navbot_stuck_logger.smx] Bot "[NAV] Bot 5<29><BOT><>" got stuck [2] at <-846.349365 147.002120 106.031249> Eye Position <-846.349365 147.002120 170.031249> Eye Angles <23.054809 -102.908935 0.000000> Last Known Nav Area ID <908>
L 07/04/2026 - 21:24:14: [navbot_stuck_logger.smx] Bot "[NAV] Bot 6<31><BOT><>" got stuck [1] at <-2649.977050 679.968749 152.012985> Eye Position <-2649.977050 679.968749 216.012985> Eye Angles <0.000000 90.010986 0.000000> Last Known Nav Area ID <397>
L 07/04/2026 - 21:24:15: [navbot_stuck_logger.smx] Bot "[NAV] Bot 6<31><BOT><>" got stuck [2] at <-2650.011230 679.968749 152.012985> Eye Position <-2650.011230 679.968749 216.012985> Eye Angles <0.000000 89.989013 0.000000> Last Known Nav Area ID <397>
L 07/04/2026 - 21:24:16: [navbot_stuck_logger.smx] Bot "[NAV] Bot 6<31><BOT><>" got stuck [3] at <-2649.989501 679.968749 152.012985> Eye Position <-2649.989501 679.968749 216.012985> Eye Angles <0.000000 90.005493 0.000000> Last Known Nav Area ID <397>
L 07/04/2026 - 21:24:17: [navbot_stuck_logger.smx] Bot "[NAV] Bot 6<31><BOT><>" got stuck [4] at <-2649.989257 679.968749 152.012985> Eye Position <-2649.989257 679.968749 216.012985> Eye Angles <0.000000 90.005493 0.000000> Last Known Nav Area ID <397>
L 07/04/2026 - 21:24:18: [navbot_stuck_logger.smx] Bot "[NAV] Bot 6<31><BOT><>" got stuck [5] at <-2650.011474 679.968749 152.012985> Eye Position <-2650.011474 679.968749 216.012985> Eye Angles <0.000000 89.989013 0.000000> Last Known Nav Area ID <397>
L 07/04/2026 - 21:24:19: [navbot_stuck_logger.smx] Bot "[NAV] Bot 6<31><BOT><>" got stuck [6] at <-2649.976562 679.968749 152.012985> Eye Position <-2649.976562 679.968749 216.012985> Eye Angles <0.000000 90.010986 0.000000> Last Known Nav Area ID <397>
L 07/04/2026 - 21:24:20: [navbot_stuck_logger.smx] Bot "[NAV] Bot 6<31><BOT><>" got stuck [7] at <-2650.010742 679.968749 152.012985> Eye Position <-2650.010742 679.968749 216.012985> Eye Angles <0.000000 89.989013 0.000000> Last Known Nav Area ID <397>
L 07/04/2026 - 21:24:21: [navbot_stuck_logger.smx] Bot "[NAV] Bot 6<31><BOT><>" got stuck [8] at <-2649.990234 679.968749 152.012985> Eye Position <-2649.990234 679.968749 216.012985> Eye Angles <0.000000 90.005493 0.000000> Last Known Nav Area ID <397>
L 07/04/2026 - 21:24:22: [navbot_stuck_logger.smx] Bot "[NAV] Bot 6<31><BOT><>" got stuck [9] at <-2649.990234 679.968749 152.012985> Eye Position <-2649.990234 679.968749 216.012985> Eye Angles <0.000000 90.000000 0.000000> Last Known Nav Area ID <397>
L 07/04/2026 - 21:24:23: [navbot_stuck_logger.smx] Bot "[NAV] Bot 16<24><BOT><>" got stuck [1] at <-2651.707519 679.968749 152.012985> Eye Position <-2651.707519 679.968749 216.012985> Eye Angles <0.000000 88.934326 0.000000> Last Known Nav Area ID <397>
L 07/04/2026 - 21:24:23: [navbot_stuck_logger.smx] Bot "[NAV] Bot 6<31><BOT><>" got stuck [10] at <-2650.012451 679.968749 152.012985> Eye Position <-2650.012451 679.968749 216.012985> Eye Angles <0.000000 89.989013 0.000000> Last Known Nav Area ID <397>
L 07/04/2026 - 21:24:24: [navbot_stuck_logger.smx] Bot "[NAV] Bot 16<24><BOT><>" got stuck [2] at <-2651.374511 679.968749 152.012985> Eye Position <-2651.374511 679.968749 216.012985> Eye Angles <0.000000 89.143066 0.000000> Last Known Nav Area ID <397>
L 07/04/2026 - 21:24:24: [navbot_stuck_logger.smx] Bot "[NAV] Bot 6<31><BOT><>" got stuck [11] at <-2649.974609 679.968749 152.012985> Eye Position <-2649.974609 679.968749 216.012985> Eye Angles <0.000000 90.010986 0.000000> Last Known Nav Area ID <397>
L 07/04/2026 - 21:24:25: [navbot_stuck_logger.smx] Bot "[NAV] Bot 16<24><BOT><>" got stuck [3] at <-2651.106689 679.968749 152.012985> Eye Position <-2651.106689 679.968749 216.012985> Eye Angles <0.000000 89.307861 0.000000> Last Known Nav Area ID <397>
L 07/04/2026 - 21:24:25: [navbot_stuck_logger.smx] Bot "[NAV] Bot 6<31><BOT><>" got stuck [12] at <-2630.274169 606.210266 127.831245> Eye Position <-2630.274169 606.210266 191.831237> Eye Angles <-6.926879 -23.453186 0.000000> Last Known Nav Area ID <397>
L 07/04/2026 - 21:24:26: [navbot_stuck_logger.smx] Bot "[NAV] Bot 16<24><BOT><>" got stuck [4] at <-2651.471191 679.968749 152.012985> Eye Position <-2651.471191 679.968749 216.012985> Eye Angles <19.138183 54.286083 0.000000> Last Known Nav Area ID <397>
L 07/04/2026 - 21:24:27: [navbot_stuck_logger.smx] Bot "[NAV] Bot 16<24><BOT><>" got stuck [5] at <-2643.681152 679.968749 152.012985> Eye Position <-2643.681152 679.968749 216.012985> Eye Angles <22.999877 -33.387451 0.000000> Last Known Nav Area ID <397>
L 07/04/2026 - 21:24:28: [navbot_stuck_logger.smx] Bot "[NAV] Bot 16<24><BOT><>" got stuck [6] at <-2646.006835 679.968749 152.012985> Eye Position <-2646.006835 679.968749 216.012985> Eye Angles <26.702270 -37.540283 0.000000> Last Known Nav Area ID <397>
L 07/04/2026 - 21:24:29: [navbot_stuck_logger.smx] Bot "[NAV] Bot 16<24><BOT><>" got stuck [7] at <-2646.762207 679.968749 152.012985> Eye Position <-2646.762207 679.968749 216.012985> Eye Angles <26.861572 -48.356323 0.000000> Last Known Nav Area ID <397>
L 07/04/2026 - 21:24:30: [navbot_stuck_logger.smx] Bot "[NAV] Bot 16<24><BOT><>" got stuck [8] at <-2643.370605 679.968749 152.012985> Eye Position <-2643.370605 679.968749 216.012985> Eye Angles <23.323974 -61.309204 0.000000> Last Known Nav Area ID <397>
L 07/04/2026 - 21:24:31: [navbot_stuck_logger.smx] Bot "[NAV] Bot 16<24><BOT><>" got stuck [9] at <-2637.479736 679.968749 152.012985> Eye Position <-2637.479736 679.968749 216.012985> Eye Angles <20.291748 -68.038330 0.000000> Last Known Nav Area ID <397>
L 07/04/2026 - 21:24:32: [navbot_stuck_logger.smx] Bot "[NAV] Bot 16<24><BOT><>" got stuck [10] at <-2643.056640 679.968749 152.012985> Eye Position <-2643.056640 679.968749 216.012985> Eye Angles <22.510986 -25.054321 0.000000> Last Known Nav Area ID <397>
L 07/04/2026 - 21:24:34: [navbot_stuck_logger.smx] Bot "[NAV] Bot 16<24><BOT><>" got stuck [11] at <-2652.767333 679.968749 152.012985> Eye Position <-2652.767333 679.968749 216.012985> Eye Angles <19.879760 -7.509155 0.000000> Last Known Nav Area ID <397>
L 07/04/2026 - 21:24:35: [navbot_stuck_logger.smx] Bot "[NAV] Bot 16<24><BOT><>" got stuck [12] at <-2650.234619 679.968749 152.012985> Eye Position <-2650.234619 679.968749 216.012985> Eye Angles <20.643310 -58.980102 0.000000> Last Known Nav Area ID <397>
L 07/04/2026 - 21:24:36: [navbot_stuck_logger.smx] Bot "[NAV] Bot 16<24><BOT><>" got stuck [13] at <-2652.168212 679.968749 152.012985> Eye Position <-2652.168212 679.968749 216.012985> Eye Angles <11.173095 -4.103393 0.000000> Last Known Nav Area ID <397>
L 07/04/2026 - 21:24:37: [navbot_stuck_logger.smx] Bot "[NAV] Bot 16<24><BOT><>" got stuck [14] at <-2648.364990 679.968749 152.012985> Eye Position <-2648.364990 679.968749 216.012985> Eye Angles <20.280761 -57.343139 0.000000> Last Known Nav Area ID <397>
L 07/04/2026 - 21:24:38: [navbot_stuck_logger.smx] Bot "[NAV] Bot 16<24><BOT><>" got stuck [15] at <-2644.071777 679.968749 152.012985> Eye Position <-2644.071777 679.968749 216.012985> Eye Angles <23.785400 -59.359130 0.000000> Last Known Nav Area ID <397>
L 07/04/2026 - 21:24:39: [navbot_stuck_logger.smx] Bot "[NAV] Bot 16<24><BOT><>" got stuck [16] at <-2639.877197 679.968749 152.012985> Eye Position <-2639.877197 679.968749 216.012985> Eye Angles <21.170654 -64.868774 0.000000> Last Known Nav Area ID <397>
L 07/04/2026 - 21:24:39: [navbot_stuck_logger.smx] Bot "[NAV] Bot 16<24><BOT><>" got stuck [1] at <-2639.273925 679.968749 152.012985> Eye Position <-2639.273925 679.968749 216.012985> Eye Angles <21.181640 -64.912719 0.000000> Last Known Nav Area ID <397>
L 07/04/2026 - 21:24:40: [navbot_stuck_logger.smx] Bot "[NAV] Bot 16<24><BOT><>" got stuck [2] at <-2634.312744 679.968749 152.012985> Eye Position <-2634.312744 679.968749 216.012985> Eye Angles <24.219360 -59.106445 0.000000> Last Known Nav Area ID <397>
L 07/04/2026 - 21:24:41: [navbot_stuck_logger.smx] Bot "[NAV] Bot 16<24><BOT><>" got stuck [3] at <-2633.586914 679.968749 152.012985> Eye Position <-2633.586914 679.968749 216.012985> Eye Angles <19.885253 -64.956665 0.000000> Last Known Nav Area ID <397>
L 07/04/2026 - 21:24:42: [navbot_stuck_logger.smx] Bot "[NAV] Bot 16<24><BOT><>" got stuck [4] at <-2639.892089 614.618469 137.956253> Eye Position <-2639.892089 614.618469 201.956253> Eye Angles <15.408325 -91.686401 0.000000> Last Known Nav Area ID <397>
L 07/04/2026 - 21:25:19: [navbot_stuck_logger.smx] Bot "[NAV] Bot 3<23><BOT><>" got stuck [1] at <-2650.062499 -215.775878 112.031249> Eye Position <-2650.062499 -215.775878 176.031249> Eye Angles <0.000000 0.076904 0.000000> Last Known Nav Area ID <1031>
L 07/04/2026 - 21:25:20: [navbot_stuck_logger.smx] Bot "[NAV] Bot 3<23><BOT><>" got stuck [2] at <-2649.704833 -196.272994 112.031249> Eye Position <-2649.704833 -196.272994 176.031249> Eye Angles <63.259277 6.542358 0.000000> Last Known Nav Area ID <1031>
L 07/04/2026 - 21:25:22: [navbot_stuck_logger.smx] Bot "[NAV] Bot 16<24><BOT><>" got stuck [1] at <-2301.031249 1037.578491 -127.968749> Eye Position <-2301.031249 1037.578491 -63.968749> Eye Angles <46.266063 -15.633544 0.000000> Last Known Nav Area ID <962>
L 07/04/2026 - 21:25:27: [navbot_stuck_logger.smx] Bot "[NAV] Bot 5<29><BOT><>" got stuck [1] at <-2159.836914 498.833282 112.031249> Eye Position <-2159.836914 498.833282 176.031249> Eye Angles <10.568847 -166.701049 0.000000> Last Known Nav Area ID <864>
L 07/04/2026 - 21:25:28: [navbot_stuck_logger.smx] Bot "[NAV] Bot 5<29><BOT><>" got stuck [2] at <-2159.836914 499.510925 112.031249> Eye Position <-2159.836914 499.510925 176.031249> Eye Angles <12.535400 -170.804443 0.000000> Last Known Nav Area ID <864>
L 07/04/2026 - 21:25:29: [navbot_stuck_logger.smx] Bot "[NAV] Bot 5<29><BOT><>" got stuck [3] at <-2159.836914 500.183593 112.031249> Eye Position <-2159.836914 500.183593 176.031249> Eye Angles <15.216064 174.759521 0.000000> Last Known Nav Area ID <864>
L 07/04/2026 - 21:25:30: [navbot_stuck_logger.smx] Bot "[NAV] Bot 5<29><BOT><>" got stuck [4] at <-2159.836914 502.182678 112.031249> Eye Position <-2159.836914 502.182678 176.031249> Eye Angles <0.000000 -179.428710 0.000000> Last Known Nav Area ID <864>
L 07/04/2026 - 21:25:31: [navbot_stuck_logger.smx] Bot "[NAV] Bot 5<29><BOT><>" got stuck [5] at <-2159.836914 501.966247 112.031249> Eye Position <-2159.836914 501.966247 176.031249> Eye Angles <0.000000 -179.577026 0.000000> Last Known Nav Area ID <864>
L 07/04/2026 - 21:25:32: [navbot_stuck_logger.smx] Bot "[NAV] Bot 5<29><BOT><>" got stuck [6] at <-2159.836914 501.805908 112.031249> Eye Position <-2159.836914 501.805908 176.031249> Eye Angles <0.000000 -179.686889 0.000000> Last Known Nav Area ID <864>
L 07/04/2026 - 21:25:33: [navbot_stuck_logger.smx] Bot "[NAV] Bot 5<29><BOT><>" got stuck [7] at <-2159.836914 502.877288 112.031249> Eye Position <-2159.836914 502.877288 176.031249> Eye Angles <14.754638 -144.621170 0.000000> Last Known Nav Area ID <864>
L 07/04/2026 - 21:25:34: [navbot_stuck_logger.smx] Bot "[NAV] Bot 5<29><BOT><>" got stuck [8] at <-2237.752441 483.437469 112.031249> Eye Position <-2237.752441 483.437469 176.031249> Eye Angles <10.502929 -27.487792 0.000000> Last Known Nav Area ID <1103>
