L 07/04/2026 - 19:04:01: [navbot_stuck_logger.smx] Bot "[NAV] Bot 8<60><BOT><>" got stuck [1] at <-273.295135 -2022.226562 -170.085189> Eye Position <-273.295135 -2022.226562 -106.085189> Eye Angles <-0.818481 6.978955 0.000000> Last Known Nav Area ID <257>
L 07/04/2026 - 19:04:02: [navbot_stuck_logger.smx] Bot "[NAV] Bot 2<57><BOT><>" got stuck [1] at <-278.586791 -2012.002197 -168.706314> Eye Position <-278.586791 -2012.002197 -104.706314> Eye Angles <-0.093383 -16.746032 0.000000> Last Known Nav Area ID <257>
L 07/04/2026 - 19:04:05: [navbot_stuck_logger.smx] Bot "[NAV] Bot 5<59><BOT><>" got stuck [1] at <-276.091491 -2021.024902 -169.971862> Eye Position <-276.091491 -2021.024902 -105.971862> Eye Angles <-0.725097 -1.233325 0.000000> Last Known Nav Area ID <257>
L 07/04/2026 - 19:05:26: [navbot_stuck_logger.smx] Bot "[NAV] Bot 9<64><BOT><>" got stuck [1] at <-412.019073 396.592773 216.031249> Eye Position <-412.019073 396.592773 280.031249> Eye Angles <43.313598 -86.418457 0.000000> Last Known Nav Area ID <744>
L 07/04/2026 - 19:05:27: [navbot_stuck_logger.smx] Bot "[NAV] Bot 9<64><BOT><>" got stuck [2] at <-423.508544 369.387023 205.031249> Eye Position <-423.508544 369.387023 233.031249> Eye Angles <6.863598 -90.615234 0.000000> Last Known Nav Area ID <498>
L 07/04/2026 - 19:05:37: [navbot_stuck_logger.smx] Bot "[NAV] Bot 11<66><BOT><>" got stuck [1] at <-227.968749 -2051.073242 -162.968749> Eye Position <-227.968749 -2051.073242 -98.968749> Eye Angles <0.000000 154.009201 0.000000> Last Known Nav Area ID <804>
L 07/04/2026 - 19:05:43: [navbot_stuck_logger.smx] Bot "[NAV] Bot 9<64><BOT><>" got stuck [1] at <-567.991699 -297.936401 205.031249> Eye Position <-567.991699 -297.936401 233.031249> Eye Angles <26.828613 -4.045593 0.000000> Last Known Nav Area ID <697>
L 07/04/2026 - 19:05:55: [navbot_stuck_logger.smx] Bot "[NAV] Bot 11<66><BOT><>" got stuck [1] at <-238.479934 -2092.392578 -136.974746> Eye Position <-238.479934 -2092.392578 -108.974746> Eye Angles <0.000000 163.649703 0.000000> Last Known Nav Area ID <803>
L 07/04/2026 - 19:05:55: [navbot_stuck_logger.smx] Bot "[NAV] Bot 8<60><BOT><>" got stuck [1] at <-783.985412 375.649658 -127.968749> Eye Position <-783.985412 375.649658 -63.968749> Eye Angles <-5.460205 -25.633728 0.000000> Last Known Nav Area ID <736>
L 07/04/2026 - 19:05:55: [navbot_stuck_logger.smx] Bot "[NAV] Bot 2<57><BOT><>" got stuck [1] at <-567.968749 -302.305480 205.031249> Eye Position <-567.968749 -302.305480 233.031249> Eye Angles <28.822631 162.344970 0.000000> Last Known Nav Area ID <696>
L 07/04/2026 - 19:05:56: [navbot_stuck_logger.smx] Bot "[NAV] Bot 11<66><BOT><>" got stuck [2] at <-298.325531 -2081.867919 -178.186614> Eye Position <-298.325531 -2081.867919 -150.186614> Eye Angles <-0.379028 133.253173 0.000000> Last Known Nav Area ID <63>
L 07/04/2026 - 19:05:56: [navbot_stuck_logger.smx] Bot "[NAV] Bot 2<57><BOT><>" got stuck [2] at <-630.897521 -296.458038 228.031249> Eye Position <-630.897521 -296.458038 256.031249> Eye Angles <27.872314 103.546142 0.000000> Last Known Nav Area ID <663>
L 07/04/2026 - 19:06:01: [navbot_stuck_logger.smx] Bot "[NAV] Bot 10<63><BOT><>" got stuck [1] at <-227.968749 -1913.285888 -162.968749> Eye Position <-227.968749 -1913.285888 -98.968749> Eye Angles <0.000000 179.999999 0.000000> Last Known Nav Area ID <786>
L 07/04/2026 - 19:06:05: [navbot_stuck_logger.smx] Bot "[NAV] Bot 2<57><BOT><>" got stuck [1] at <-228.475036 -1270.265258 152.031249> Eye Position <-228.475036 -1270.265258 216.031249> Eye Angles <29.080810 -170.878707 0.000000> Last Known Nav Area ID <808>
L 07/04/2026 - 19:06:06: [navbot_stuck_logger.smx] Bot "[NAV] Bot 14<65><BOT><>" got stuck [1] at <-821.031249 267.794281 -121.678085> Eye Position <-821.031249 267.794281 -57.678085> Eye Angles <36.966358 137.694503 0.000000> Last Known Nav Area ID <753>
L 07/04/2026 - 19:06:06: [navbot_stuck_logger.smx] Bot "[NAV] Bot 2<57><BOT><>" got stuck [2] at <-211.159317 -1276.495727 152.031249> Eye Position <-211.159317 -1276.495727 180.031249> Eye Angles <26.641845 -91.889648 0.000000> Last Known Nav Area ID <808>
L 07/04/2026 - 19:06:08: [navbot_stuck_logger.smx] Bot "[NAV] Bot 7<61><BOT><>" got stuck [1] at <-227.968749 -1896.895263 -162.968749> Eye Position <-227.968749 -1896.895263 -98.968749> Eye Angles <-23.724975 90.661819 0.000000> Last Known Nav Area ID <148>
L 07/04/2026 - 19:06:08: [navbot_stuck_logger.smx] Bot "[NAV] Bot 4<62><BOT><>" got stuck [1] at <-227.989685 -1924.194335 -162.968749> Eye Position <-227.989685 -1924.194335 -98.968749> Eye Angles <-24.840087 77.860107 0.000000> Last Known Nav Area ID <786>
L 07/04/2026 - 19:06:09: [navbot_stuck_logger.smx] Bot "[NAV] Bot 7<61><BOT><>" got stuck [2] at <-234.968749 -1927.830688 -136.976409> Eye Position <-234.968749 -1927.830688 -108.976409> Eye Angles <-26.625366 69.428100 0.000000> Last Known Nav Area ID <786>
L 07/04/2026 - 19:06:11: [navbot_stuck_logger.smx] Bot "[NAV] Bot 10<63><BOT><>" got stuck [1] at <-232.982192 -1931.722045 -137.544006> Eye Position <-232.982192 -1931.722045 -73.544006> Eye Angles <-23.285522 67.824096 0.000000> Last Known Nav Area ID <786>
L 07/04/2026 - 19:06:15: [navbot_stuck_logger.smx] Bot "[NAV] Bot 2<57><BOT><>" got stuck [1] at <-26.031249 -1446.147460 156.031249> Eye Position <-26.031249 -1446.147460 220.031249> Eye Angles <35.963745 -126.101074 0.000000> Last Known Nav Area ID <808>
L 07/04/2026 - 19:06:16: [navbot_stuck_logger.smx] Bot "[NAV] Bot 2<57><BOT><>" got stuck [2] at <-36.909599 -1491.553466 187.189147> Eye Position <-36.909599 -1491.553466 215.189147> Eye Angles <36.908569 -146.239013 0.000000> Last Known Nav Area ID <808>
L 07/04/2026 - 19:06:23: [navbot_stuck_logger.smx] Bot "[NAV] Bot 14<65><BOT><>" got stuck [1] at <-821.003601 315.933410 -124.176513> Eye Position <-821.003601 315.933410 -60.176513> Eye Angles <-8.102416 -82.100830 0.000000> Last Known Nav Area ID <753>
L 07/04/2026 - 19:06:35: [navbot_stuck_logger.smx] Bot "[NAV] Bot 5<59><BOT><>" got stuck [1] at <-716.899414 78.093513 9.031249> Eye Position <-716.899414 78.093513 73.031249> Eye Angles <8.882446 13.897705 0.000000> Last Known Nav Area ID <96>
L 07/04/2026 - 19:06:36: [navbot_stuck_logger.smx] Bot "[NAV] Bot 5<59><BOT><>" got stuck [2] at <-753.130859 -38.223403 9.031249> Eye Position <-753.130859 -38.223403 73.031249> Eye Angles <7.734374 10.838012 0.000000> Last Known Nav Area ID <96>
L 07/04/2026 - 19:06:37: [navbot_stuck_logger.smx] Bot "[NAV] Bot 5<59><BOT><>" got stuck [3] at <-722.009399 6.691532 9.031249> Eye Position <-722.009399 6.691532 73.031249> Eye Angles <7.542114 -1.658935 0.000000> Last Known Nav Area ID <96>
L 07/04/2026 - 19:06:38: [navbot_stuck_logger.smx] Bot "[NAV] Bot 5<59><BOT><>" got stuck [4] at <-738.791992 -14.693243 9.031249> Eye Position <-738.791992 -14.693243 73.031249> Eye Angles <7.514648 -12.518920 0.000000> Last Known Nav Area ID <96>
L 07/04/2026 - 19:06:39: [navbot_stuck_logger.smx] Bot "[NAV] Bot 5<59><BOT><>" got stuck [5] at <-736.240295 15.060177 9.031249> Eye Position <-736.240295 15.060177 73.031249> Eye Angles <7.239990 -28.234863 0.000000> Last Known Nav Area ID <96>
L 07/04/2026 - 19:06:40: [navbot_stuck_logger.smx] Bot "[NAV] Bot 5<59><BOT><>" got stuck [6] at <-749.050842 -26.224006 9.031249> Eye Position <-749.050842 -26.224006 73.031249> Eye Angles <6.624755 -33.755493 0.000000> Last Known Nav Area ID <96>
L 07/04/2026 - 19:06:44: [navbot_stuck_logger.smx] Bot "[NAV] Bot 10<63><BOT><>" got stuck [1] at <-1091.454467 -630.372680 85.031249> Eye Position <-1091.454467 -630.372680 149.031249> Eye Angles <0.000000 -7.830627 0.000000> Last Known Nav Area ID <203>
L 07/04/2026 - 19:06:45: [navbot_stuck_logger.smx] Bot "[NAV] Bot 10<63><BOT><>" got stuck [2] at <-1045.455932 -647.968749 85.031249> Eye Position <-1045.455932 -647.968749 113.031249> Eye Angles <-62.215576 -123.975219 0.000000> Last Known Nav Area ID <203>
L 07/04/2026 - 19:06:53: [navbot_stuck_logger.smx] Bot "[NAV] Bot 10<63><BOT><>" got stuck [1] at <-1064.632324 -631.043395 85.031249> Eye Position <-1064.632324 -631.043395 149.031249> Eye Angles <0.000000 -62.289855 0.000000> Last Known Nav Area ID <203>
L 07/04/2026 - 19:06:54: [navbot_stuck_logger.smx] Bot "[NAV] Bot 10<63><BOT><>" got stuck [2] at <-1016.372802 -647.968749 85.031249> Eye Position <-1016.372802 -647.968749 113.031249> Eye Angles <-51.031494 -159.521484 0.000000> Last Known Nav Area ID <203>
L 07/04/2026 - 19:07:06: [navbot_stuck_logger.smx] Bot "[NAV] Bot 10<63><BOT><>" got stuck [1] at <-1088.204467 -639.213317 85.031249> Eye Position <-1088.204467 -639.213317 149.031249> Eye Angles <0.000000 -38.155517 0.000000> Last Known Nav Area ID <203>
L 07/04/2026 - 19:07:07: [navbot_stuck_logger.smx] Bot "[NAV] Bot 10<63><BOT><>" got stuck [2] at <-1082.108886 -647.608520 85.006713> Eye Position <-1082.108886 -647.608520 113.006713> Eye Angles <-73.558959 -79.151000 0.000000> Last Known Nav Area ID <203>
L 07/04/2026 - 19:07:15: [navbot_stuck_logger.smx] Bot "[NAV] Bot 10<63><BOT><>" got stuck [1] at <-1044.566894 -637.861511 85.031249> Eye Position <-1044.566894 -637.861511 149.031249> Eye Angles <0.000000 -108.772994 0.000000> Last Known Nav Area ID <203>
L 07/04/2026 - 19:07:16: [navbot_stuck_logger.smx] Bot "[NAV] Bot 10<63><BOT><>" got stuck [2] at <-1025.008789 -647.999816 85.031249> Eye Position <-1025.008789 -647.999816 113.031249> Eye Angles <-63.995361 -144.624023 0.000000> Last Known Nav Area ID <203>
L 07/04/2026 - 19:07:24: [navbot_stuck_logger.smx] Bot "[NAV] Bot 10<63><BOT><>" got stuck [1] at <-1114.837158 -646.598815 85.031249> Eye Position <-1114.837158 -646.598815 149.031249> Eye Angles <0.000000 -66.129333 0.000000> Last Known Nav Area ID <203>
L 07/04/2026 - 19:07:31: [navbot_stuck_logger.smx] Bot "[NAV] Bot 10<63><BOT><>" got stuck [1] at <-1088.457031 -620.921325 85.031249> Eye Position <-1088.457031 -620.921325 149.031249> Eye Angles <0.000000 -69.988403 0.000000> Last Known Nav Area ID <203>
L 07/04/2026 - 19:07:37: [navbot_stuck_logger.smx] Bot "[NAV] Bot 10<63><BOT><>" got stuck [1] at <-1095.498901 -643.544860 85.031249> Eye Position <-1095.498901 -643.544860 149.031249> Eye Angles <24.213867 -50.520629 0.000000> Last Known Nav Area ID <203>
L 07/04/2026 - 19:07:54: [navbot_stuck_logger.smx] Bot "[NAV] Bot 8<60><BOT><>" got stuck [1] at <-584.031249 -27.927597 -167.968749> Eye Position <-584.031249 -27.927597 -103.968749> Eye Angles <-11.810302 -67.318725 0.000000> Last Known Nav Area ID <231>
L 07/04/2026 - 19:07:55: [navbot_stuck_logger.smx] Bot "[NAV] Bot 8<60><BOT><>" got stuck [2] at <-585.941467 -25.003526 -167.968749> Eye Position <-585.941467 -25.003526 -139.968749> Eye Angles <-1.049194 -106.405441 0.000000> Last Known Nav Area ID <231>
L 07/04/2026 - 19:08:01: [navbot_stuck_logger.smx] Bot "[NAV] Bot 8<60><BOT><>" got stuck [1] at <-613.198547 -43.777400 -167.968749> Eye Position <-613.198547 -43.777400 -103.968749> Eye Angles <-6.152343 -151.413574 0.000000> Last Known Nav Area ID <231>
L 07/04/2026 - 19:08:02: [navbot_stuck_logger.smx] Bot "[NAV] Bot 8<60><BOT><>" got stuck [2] at <-605.593322 -16.428775 -167.968749> Eye Position <-605.593322 -16.428775 -139.968749> Eye Angles <-8.646240 -143.552856 0.000000> Last Known Nav Area ID <475>
L 07/04/2026 - 19:08:04: [navbot_stuck_logger.smx] Bot "[NAV] Bot 2<57><BOT><>" got stuck [1] at <-202.682617 -1777.968749 -0.968749> Eye Position <-202.682617 -1777.968749 63.031249> Eye Angles <24.043579 158.040969 0.000000> Last Known Nav Area ID <866>
L 07/04/2026 - 19:08:10: [navbot_stuck_logger.smx] Bot "[NAV] Bot 8<60><BOT><>" got stuck [1] at <-594.690246 34.429351 -167.968749> Eye Position <-594.690246 34.429351 -103.968749> Eye Angles <-4.630737 -134.126586 0.000000> Last Known Nav Area ID <135>
L 07/04/2026 - 19:08:10: [navbot_stuck_logger.smx] Bot "[NAV] Bot 2<57><BOT><>" got stuck [1] at <-208.231231 -1753.360961 -0.968749> Eye Position <-208.231231 -1753.360961 63.031249> Eye Angles <11.395459 73.998413 0.000000> Last Known Nav Area ID <843>
L 07/04/2026 - 19:08:19: [navbot_stuck_logger.smx] Bot "[NAV] Bot 2<57><BOT><>" got stuck [1] at <-270.440155 -1751.081909 -0.968749> Eye Position <-270.440155 -1751.081909 63.031249> Eye Angles <66.953536 -115.952560 0.000000> Last Known Nav Area ID <836>
L 07/04/2026 - 19:08:24: [navbot_stuck_logger.smx] Bot "[NAV] Bot 11<66><BOT><>" got stuck [1] at <-227.997848 -1902.915771 -162.968749> Eye Position <-227.997848 -1902.915771 -98.968749> Eye Angles <-27.366943 67.774658 0.000000> Last Known Nav Area ID <786>
L 07/04/2026 - 19:08:26: [navbot_stuck_logger.smx] Bot "[NAV] Bot 11<66><BOT><>" got stuck [2] at <-271.601409 -1913.031249 -136.968749> Eye Position <-271.601409 -1913.031249 -108.968749> Eye Angles <-24.700134 74.223632 0.000000> Last Known Nav Area ID <786>
L 07/04/2026 - 19:08:26: [navbot_stuck_logger.smx] Bot "[NAV] Bot 2<57><BOT><>" got stuck [1] at <-181.936553 -1775.660156 -0.968749> Eye Position <-181.936553 -1775.660156 63.031249> Eye Angles <43.928833 -178.374023 0.000000> Last Known Nav Area ID <866>
L 07/04/2026 - 19:08:34: [navbot_stuck_logger.smx] Bot "[NAV] Bot 2<57><BOT><>" got stuck [1] at <-273.330078 -1733.141235 -0.968749> Eye Position <-273.330078 -1733.141235 63.031249> Eye Angles <24.271656 30.385547 0.000000> Last Known Nav Area ID <836>
L 07/04/2026 - 19:08:35: [navbot_stuck_logger.smx] Bot "[NAV] Bot 5<59><BOT><>" got stuck [1] at <-721.008605 86.968749 9.031249> Eye Position <-721.008605 86.968749 73.031249> Eye Angles <34.255371 102.332153 0.000000> Last Known Nav Area ID <96>
L 07/04/2026 - 19:08:36: [navbot_stuck_logger.smx] Bot "[NAV] Bot 5<59><BOT><>" got stuck [2] at <-741.951599 -39.007999 9.031249> Eye Position <-741.951599 -39.007999 73.031249> Eye Angles <26.010131 95.608520 0.000000> Last Known Nav Area ID <96>
L 07/04/2026 - 19:08:38: [navbot_stuck_logger.smx] Bot "[NAV] Bot 1<58><BOT><>" got stuck [1] at <-783.968749 367.616210 -127.968749> Eye Position <-783.968749 367.616210 -63.968749> Eye Angles <-10.316162 -82.556762 0.000000> Last Known Nav Area ID <736>
L 07/04/2026 - 19:08:39: [navbot_stuck_logger.smx] Bot "[NAV] Bot 1<58><BOT><>" got stuck [2] at <-849.431335 354.946807 -118.053749> Eye Position <-849.431335 354.946807 -90.053749> Eye Angles <-18.984374 -72.723999 0.000000> Last Known Nav Area ID <754>
L 07/04/2026 - 19:08:47: [navbot_stuck_logger.smx] Bot "[NAV] Bot 8<60><BOT><>" got stuck [1] at <-783.968749 369.426483 -127.968749> Eye Position <-783.968749 369.426483 -63.968749> Eye Angles <10.563354 -154.281005 0.000000> Last Known Nav Area ID <736>
L 07/04/2026 - 19:08:49: [navbot_stuck_logger.smx] Bot "[NAV] Bot 8<60><BOT><>" got stuck [2] at <-815.741210 377.493713 -94.968749> Eye Position <-815.741210 377.493713 -31.035125> Eye Angles <59.864501 -100.244750 0.000000> Last Known Nav Area ID <754>
L 07/04/2026 - 19:08:55: [navbot_stuck_logger.smx] Bot "[NAV] Bot 8<60><BOT><>" got stuck [1] at <-826.684387 308.882690 -123.819534> Eye Position <-826.684387 308.882690 -59.819534> Eye Angles <-0.884399 2.540710 0.000000> Last Known Nav Area ID <661>
L 07/04/2026 - 19:08:56: [navbot_stuck_logger.smx] Bot "[NAV] Bot 8<60><BOT><>" got stuck [2] at <-735.644165 345.837127 -127.968749> Eye Position <-735.644165 345.837127 -99.968749> Eye Angles <0.000000 -45.947448 0.000000> Last Known Nav Area ID <142>
L 07/04/2026 - 19:08:57: [navbot_stuck_logger.smx] Bot "[NAV] Bot 14<65><BOT><>" got stuck [1] at <-272.000030 -2020.613525 -169.819900> Eye Position <-272.000030 -2020.613525 -105.819900> Eye Angles <-19.808349 67.192382 0.000000> Last Known Nav Area ID <257>
L 07/04/2026 - 19:08:58: [navbot_stuck_logger.smx] Bot "[NAV] Bot 14<65><BOT><>" got stuck [2] at <-272.000030 -2003.567871 -168.432495> Eye Position <-272.000030 -2003.567871 -140.432495> Eye Angles <-22.950439 56.299438 0.000000> Last Known Nav Area ID <257>
L 07/04/2026 - 19:09:06: [navbot_stuck_logger.smx] Bot "[NAV] Bot 4<62><BOT><>" got stuck [1] at <-210.033477 -1725.252929 -0.964111> Eye Position <-210.033477 -1725.252929 63.035888> Eye Angles <54.310913 -142.253616 0.000000> Last Known Nav Area ID <843>
L 07/04/2026 - 19:09:06: [navbot_stuck_logger.smx] Bot "[NAV] Bot 14<65><BOT><>" got stuck [1] at <-272.002227 -2027.515014 -170.830749> Eye Position <-272.002227 -2027.515014 -106.830749> Eye Angles <-19.588623 87.165527 0.000000> Last Known Nav Area ID <257>
L 07/04/2026 - 19:09:07: [navbot_stuck_logger.smx] Bot "[NAV] Bot 4<62><BOT><>" got stuck [2] at <-214.941207 -1697.512573 -0.968749> Eye Position <-214.941207 -1697.512573 27.031249> Eye Angles <19.907226 -73.284301 0.000000> Last Known Nav Area ID <864>
L 07/04/2026 - 19:09:07: [navbot_stuck_logger.smx] Bot "[NAV] Bot 14<65><BOT><>" got stuck [2] at <-272.004241 -2000.228271 -168.400421> Eye Position <-272.004241 -2000.228271 -140.400421> Eye Angles <-28.438110 81.502075 0.000000> Last Known Nav Area ID <257>
L 07/04/2026 - 19:09:11: [navbot_stuck_logger.smx] Bot "[NAV] Bot 1<58><BOT><>" got stuck [1] at <-208.110397 -1744.418579 -0.968749> Eye Position <-208.110397 -1744.418579 63.031249> Eye Angles <41.824951 -104.512939 0.000000> Last Known Nav Area ID <843>
L 07/04/2026 - 19:09:12: [navbot_stuck_logger.smx] Bot "[NAV] Bot 1<58><BOT><>" got stuck [2] at <-265.985260 -1691.505493 -0.968749> Eye Position <-265.985260 -1691.505493 27.031249> Eye Angles <31.107788 -91.175537 0.000000> Last Known Nav Area ID <863>
L 07/04/2026 - 19:09:13: [navbot_stuck_logger.smx] Bot "[NAV] Bot 4<62><BOT><>" got stuck [1] at <-219.040328 -1734.046264 -0.968749> Eye Position <-219.040328 -1734.046264 63.031249> Eye Angles <39.265136 -100.997314 0.000000> Last Known Nav Area ID <843>
L 07/04/2026 - 19:09:14: [navbot_stuck_logger.smx] Bot "[NAV] Bot 4<62><BOT><>" got stuck [2] at <-209.915100 -1709.484985 -0.968749> Eye Position <-209.915100 -1709.484985 27.031249> Eye Angles <18.333324 -93.556701 0.000000> Last Known Nav Area ID <865>
L 07/04/2026 - 19:09:15: [navbot_stuck_logger.smx] Bot "[NAV] Bot 14<65><BOT><>" got stuck [1] at <-272.031249 -2021.363891 -169.935958> Eye Position <-272.031249 -2021.363891 -105.935958> Eye Angles <-20.050048 82.144775 0.000000> Last Known Nav Area ID <257>
L 07/04/2026 - 19:09:16: [navbot_stuck_logger.smx] Bot "[NAV] Bot 14<65><BOT><>" got stuck [2] at <-272.010498 -1999.367797 -168.388595> Eye Position <-272.010498 -1999.367797 -140.388595> Eye Angles <-26.092529 81.787719 0.000000> Last Known Nav Area ID <257>
L 07/04/2026 - 19:09:24: [navbot_stuck_logger.smx] Bot "[NAV] Bot 14<65><BOT><>" got stuck [1] at <-272.004425 -2012.432861 -168.621810> Eye Position <-272.004425 -2012.432861 -104.621810> Eye Angles <-19.390869 83.177490 0.000000> Last Known Nav Area ID <257>
L 07/04/2026 - 19:09:25: [navbot_stuck_logger.smx] Bot "[NAV] Bot 14<65><BOT><>" got stuck [2] at <-238.645172 -2030.031249 -136.968749> Eye Position <-238.645172 -2030.031249 -108.968749> Eye Angles <-19.039306 75.624389 0.000000> Last Known Nav Area ID <805>
L 07/04/2026 - 19:09:26: [navbot_stuck_logger.smx] Bot "[NAV] Bot 4<62><BOT><>" got stuck [1] at <-264.972412 -1733.097656 -0.968749> Eye Position <-264.972412 -1733.097656 63.031249> Eye Angles <15.114550 -8.231628 0.000000> Last Known Nav Area ID <836>
L 07/04/2026 - 19:09:27: [navbot_stuck_logger.smx] Bot "[NAV] Bot 4<62><BOT><>" got stuck [2] at <-258.746795 -1674.381835 -0.968749> Eye Position <-258.746795 -1674.381835 27.031249> Eye Angles <23.035694 -72.246093 0.000000> Last Known Nav Area ID <863>
L 07/04/2026 - 19:09:28: [navbot_stuck_logger.smx] Bot "[NAV] Bot 10<63><BOT><>" got stuck [1] at <-783.968749 380.510498 -127.968749> Eye Position <-783.968749 380.510498 -63.968749> Eye Angles <22.829589 -126.183471 0.000000> Last Known Nav Area ID <736>
L 07/04/2026 - 19:09:29: [navbot_stuck_logger.smx] Bot "[NAV] Bot 9<64><BOT><>" got stuck [1] at <-526.916503 55.697921 56.031249> Eye Position <-526.916503 55.697921 120.031249> Eye Angles <0.000000 15.435791 0.000000> Last Known Nav Area ID <235>
L 07/04/2026 - 19:09:30: [navbot_stuck_logger.smx] Bot "[NAV] Bot 5<59><BOT><>" got stuck [1] at <-567.999877 -298.243988 205.031249> Eye Position <-567.999877 -298.243988 233.031249> Eye Angles <0.000000 -104.867355 0.000000> Last Known Nav Area ID <697>
L 07/04/2026 - 19:09:31: [navbot_stuck_logger.smx] Bot "[NAV] Bot 5<59><BOT><>" got stuck [2] at <-621.134338 -300.489501 228.031249> Eye Position <-621.134338 -300.489501 256.031249> Eye Angles <0.000000 -174.199218 0.000000> Last Known Nav Area ID <359>
L 07/04/2026 - 19:09:44: [navbot_stuck_logger.smx] Bot "[NAV] Bot 5<59><BOT><>" got stuck [1] at <-26.031249 -1446.147460 156.031249> Eye Position <-26.031249 -1446.147460 220.031249> Eye Angles <36.892089 1.395263 0.000000> Last Known Nav Area ID <808>
L 07/04/2026 - 19:09:45: [navbot_stuck_logger.smx] Bot "[NAV] Bot 5<59><BOT><>" got stuck [2] at <-28.994640 -1493.523437 184.624145> Eye Position <-28.994640 -1493.523437 212.624145> Eye Angles <36.496582 18.808593 0.000000> Last Known Nav Area ID <808>
L 07/04/2026 - 19:09:52: [navbot_stuck_logger.smx] Bot "[NAV] Bot 5<59><BOT><>" got stuck [1] at <-26.000402 -1527.379028 156.031249> Eye Position <-26.000402 -1527.379028 220.031249> Eye Angles <17.962646 54.206542 0.000000> Last Known Nav Area ID <825>
L 07/04/2026 - 19:09:57: [navbot_stuck_logger.smx] Bot "[NAV] Bot 2<57><BOT><>" got stuck [1] at <-826.316162 356.091003 -127.162979> Eye Position <-826.316162 356.091003 -63.162979> Eye Angles <-0.450439 -1.447558 0.000000> Last Known Nav Area ID <754>
L 07/04/2026 - 19:09:58: [navbot_stuck_logger.smx] Bot "[NAV] Bot 2<57><BOT><>" got stuck [2] at <-820.549255 364.732849 -94.968749> Eye Position <-820.549255 364.732849 -66.968749> Eye Angles <0.000000 146.906539 0.000000> Last Known Nav Area ID <754>
L 07/04/2026 - 19:09:59: [navbot_stuck_logger.smx] Bot "[NAV] Bot 5<59><BOT><>" got stuck [1] at <-26.031249 -1537.379150 156.031249> Eye Position <-26.031249 -1537.379150 220.031249> Eye Angles <29.685058 -100.368225 0.000000> Last Known Nav Area ID <825>
L 07/04/2026 - 19:10:17: [navbot_stuck_logger.smx] Bot "[NAV] Bot 14<65><BOT><>" got stuck [1] at <-605.604248 -15.448361 -167.968749> Eye Position <-605.604248 -15.448361 -103.968749> Eye Angles <-13.002319 -77.225524 0.000000> Last Known Nav Area ID <475>
L 07/04/2026 - 19:10:26: [navbot_stuck_logger.smx] Bot "[NAV] Bot 5<59><BOT><>" got stuck [1] at <-199.424240 -1777.968749 -0.968749> Eye Position <-199.424240 -1777.968749 63.031249> Eye Angles <82.620040 168.423049 0.000000> Last Known Nav Area ID <866>
L 07/04/2026 - 19:10:27: [navbot_stuck_logger.smx] Bot "[NAV] Bot 5<59><BOT><>" got stuck [2] at <-251.183090 -1715.307739 -0.968749> Eye Position <-251.183090 -1715.307739 27.031249> Eye Angles <18.358154 -20.723083 0.000000> Last Known Nav Area ID <865>
L 07/04/2026 - 19:10:34: [navbot_stuck_logger.smx] Bot "[NAV] Bot 5<59><BOT><>" got stuck [1] at <-241.250518 -1777.998779 -0.968749> Eye Position <-241.250518 -1777.998779 63.031249> Eye Angles <34.233398 41.940307 0.000000> Last Known Nav Area ID <843>
L 07/04/2026 - 19:10:39: [navbot_stuck_logger.smx] Bot "[NAV] Bot 10<63><BOT><>" got stuck [1] at <-221.199615 -1918.471191 -162.968749> Eye Position <-221.199615 -1918.471191 -98.968749> Eye Angles <0.000000 175.443313 0.000000> Last Known Nav Area ID <148>
L 07/04/2026 - 19:10:40: [navbot_stuck_logger.smx] Bot "[NAV] Bot 10<63><BOT><>" got stuck [2] at <-252.727966 -1919.347656 -136.976409> Eye Position <-252.727966 -1919.347656 -108.976409> Eye Angles <0.000000 -168.247482 0.000000> Last Known Nav Area ID <786>
L 07/04/2026 - 19:10:42: [navbot_stuck_logger.smx] Bot "[NAV] Bot 5<59><BOT><>" got stuck [1] at <-212.195755 -1777.996826 -0.968749> Eye Position <-212.195755 -1777.996826 63.031249> Eye Angles <57.348632 47.392162 0.000000> Last Known Nav Area ID <843>
L 07/04/2026 - 19:10:42: [navbot_stuck_logger.smx] Bot "[NAV] Bot 1<58><BOT><>" got stuck [1] at <-783.968749 370.244323 -127.968749> Eye Position <-783.968749 370.244323 -63.968749> Eye Angles <0.000000 -156.184280 0.000000> Last Known Nav Area ID <736>
L 07/04/2026 - 19:10:43: [navbot_stuck_logger.smx] Bot "[NAV] Bot 4<62><BOT><>" got stuck [1] at <-783.968749 362.397949 -127.968749> Eye Position <-783.968749 362.397949 -63.968749> Eye Angles <0.000000 170.966384 0.000000> Last Known Nav Area ID <736>
L 07/04/2026 - 19:10:43: [navbot_stuck_logger.smx] Bot "[NAV] Bot 9<64><BOT><>" got stuck [1] at <-258.740386 -1724.054931 -0.968749> Eye Position <-258.740386 -1724.054931 63.031249> Eye Angles <38.221435 -63.954040 0.000000> Last Known Nav Area ID <863>
L 07/04/2026 - 19:10:43: [navbot_stuck_logger.smx] Bot "[NAV] Bot 1<58><BOT><>" got stuck [2] at <-842.343994 363.693634 -127.125625> Eye Position <-842.343994 363.693634 -99.125625> Eye Angles <0.461425 84.781494 0.000000> Last Known Nav Area ID <238>
L 07/04/2026 - 19:10:44: [navbot_stuck_logger.smx] Bot "[NAV] Bot 4<62><BOT><>" got stuck [2] at <-858.549621 387.619750 -127.423477> Eye Position <-858.549621 387.619750 -99.423477> Eye Angles <-2.164306 -134.494628 0.000000> Last Known Nav Area ID <238>
L 07/04/2026 - 19:10:44: [navbot_stuck_logger.smx] Bot "[NAV] Bot 9<64><BOT><>" got stuck [2] at <-341.056213 -1756.938232 20.810579> Eye Position <-341.056213 -1756.938232 48.810577> Eye Angles <2.211120 30.421142 0.000000> Last Known Nav Area ID <836>
L 07/04/2026 - 19:10:45: [navbot_stuck_logger.smx] Bot "[NAV] Bot 8<60><BOT><>" got stuck [1] at <-584.031249 -27.461488 -167.968749> Eye Position <-584.031249 -27.461488 -103.968749> Eye Angles <0.000000 10.154004 0.000000> Last Known Nav Area ID <231>
L 07/04/2026 - 19:10:46: [navbot_stuck_logger.smx] Bot "[NAV] Bot 8<60><BOT><>" got stuck [2] at <-584.031249 -25.074428 -167.968749> Eye Position <-584.031249 -25.074428 -139.968749> Eye Angles <-14.919433 -53.717651 0.000000> Last Known Nav Area ID <231>
L 07/04/2026 - 19:11:34: [navbot_stuck_logger.smx] Bot "[NAV] Bot 14<65><BOT><>" got stuck [1] at <-783.968749 350.580108 -127.968749> Eye Position <-783.968749 350.580108 -63.968749> Eye Angles <0.000000 108.306076 0.000000> Last Known Nav Area ID <736>
L 07/04/2026 - 19:11:35: [navbot_stuck_logger.smx] Bot "[NAV] Bot 14<65><BOT><>" got stuck [2] at <-847.198730 359.110778 -126.153747> Eye Position <-847.198730 359.110778 -98.153747> Eye Angles <-2.266040 153.176879 0.000000> Last Known Nav Area ID <238>
L 07/04/2026 - 19:11:44: [navbot_stuck_logger.smx] Bot "[NAV] Bot 5<59><BOT><>" got stuck [1] at <-227.968749 -1946.803344 -162.968749> Eye Position <-227.968749 -1946.803344 -98.968749> Eye Angles <25.812377 135.615234 0.000000> Last Known Nav Area ID <786>
L 07/04/2026 - 19:11:44: [navbot_stuck_logger.smx] Bot "[NAV] Bot 2<57><BOT><>" got stuck [1] at <-227.988265 -1911.773315 -162.968749> Eye Position <-227.988265 -1911.773315 -98.968749> Eye Angles <13.765869 -98.607788 0.000000> Last Known Nav Area ID <786>
L 07/04/2026 - 19:11:45: [navbot_stuck_logger.smx] Bot "[NAV] Bot 2<57><BOT><>" got stuck [2] at <-234.968749 -1932.254882 -136.976409> Eye Position <-234.968749 -1932.254882 -108.976409> Eye Angles <0.000000 -161.534835 0.000000> Last Known Nav Area ID <786>
L 07/04/2026 - 19:11:57: [navbot_stuck_logger.smx] Bot "[NAV] Bot 8<60><BOT><>" got stuck [1] at <-230.754150 -1863.258911 -162.968749> Eye Position <-230.754150 -1863.258911 -98.968749> Eye Angles <-34.041137 97.932128 0.000000> Last Known Nav Area ID <317>
L 07/04/2026 - 19:11:58: [navbot_stuck_logger.smx] Bot "[NAV] Bot 8<60><BOT><>" got stuck [2] at <-219.821594 -1912.514038 -162.968749> Eye Position <-219.821594 -1912.514038 -134.968749> Eye Angles <-34.541015 100.947875 0.000000> Last Known Nav Area ID <148>
L 07/04/2026 - 19:12:04: [navbot_stuck_logger.smx] Bot "[NAV] Bot 8<60><BOT><>" got stuck [1] at <-219.273971 -1947.617187 -162.968749> Eye Position <-219.273971 -1947.617187 -98.968749> Eye Angles <-20.874023 59.073486 0.000000> Last Known Nav Area ID <148>
L 07/04/2026 - 19:12:05: [navbot_stuck_logger.smx] Bot "[NAV] Bot 8<60><BOT><>" got stuck [2] at <-286.440673 -1970.024047 -141.828750> Eye Position <-286.440673 -1970.024047 -113.828750> Eye Angles <-24.016113 73.707275 0.000000> Last Known Nav Area ID <785>
L 07/04/2026 - 19:12:13: [navbot_stuck_logger.smx] Bot "[NAV] Bot 14<65><BOT><>" got stuck [1] at <-565.501098 -304.147735 205.031249> Eye Position <-565.501098 -304.147735 233.031249> Eye Angles <46.873168 -1.708374 0.000000> Last Known Nav Area ID <696>
L 07/04/2026 - 19:12:14: [navbot_stuck_logger.smx] Bot "[NAV] Bot 14<65><BOT><>" got stuck [2] at <-619.960449 -301.977508 228.031249> Eye Position <-619.960449 -301.977508 256.031249> Eye Angles <33.722534 11.870727 0.000000> Last Known Nav Area ID <359>
L 07/04/2026 - 19:12:23: [navbot_stuck_logger.smx] Bot "[NAV] Bot 14<65><BOT><>" got stuck [1] at <-227.807022 -1262.776367 152.031249> Eye Position <-227.807022 -1262.776367 216.031249> Eye Angles <31.915283 32.217407 0.000000> Last Known Nav Area ID <808>
L 07/04/2026 - 19:12:23: [navbot_stuck_logger.smx] Bot "[NAV] Bot 2<57><BOT><>" got stuck [1] at <-227.987228 -1915.907104 -162.968749> Eye Position <-227.987228 -1915.907104 -98.968749> Eye Angles <-28.937988 68.560180 0.000000> Last Known Nav Area ID <786>
L 07/04/2026 - 19:12:24: [navbot_stuck_logger.smx] Bot "[NAV] Bot 14<65><BOT><>" got stuck [2] at <-231.993606 -1278.793701 186.805236> Eye Position <-231.993606 -1278.793701 214.805236> Eye Angles <29.399414 30.646362 0.000000> Last Known Nav Area ID <808>
L 07/04/2026 - 19:12:24: [navbot_stuck_logger.smx] Bot "[NAV] Bot 2<57><BOT><>" got stuck [2] at <-238.760116 -1919.641845 -136.976409> Eye Position <-238.760116 -1919.641845 -108.976409> Eye Angles <-30.635375 75.838623 0.000000> Last Known Nav Area ID <786>
L 07/04/2026 - 19:12:25: [navbot_stuck_logger.smx] Bot "[NAV] Bot 1<58><BOT><>" got stuck [1] at <-821.031249 375.632110 -126.173110> Eye Position <-821.031249 375.632110 -62.173110> Eye Angles <-0.126342 -32.500427 0.000000> Last Known Nav Area ID <754>
L 07/04/2026 - 19:12:26: [navbot_stuck_logger.smx] Bot "[NAV] Bot 1<58><BOT><>" got stuck [2] at <-780.500732 335.721343 -96.993751> Eye Position <-780.500732 335.721343 -68.993751> Eye Angles <-0.444946 -26.611511 0.000000> Last Known Nav Area ID <735>
L 07/04/2026 - 19:12:31: [navbot_stuck_logger.smx] Bot "[NAV] Bot 14<65><BOT><>" got stuck [1] at <-231.968749 -1281.022094 183.788345> Eye Position <-231.968749 -1281.022094 247.788345> Eye Angles <31.052856 -175.676879 0.000000> Last Known Nav Area ID <808>
L 07/04/2026 - 19:12:40: [navbot_stuck_logger.smx] Bot "[NAV] Bot 14<65><BOT><>" got stuck [1] at <-31.433616 -1446.147460 152.031249> Eye Position <-31.433616 -1446.147460 216.031249> Eye Angles <47.348217 24.194751 0.000000> Last Known Nav Area ID <808>
L 07/04/2026 - 19:12:41: [navbot_stuck_logger.smx] Bot "[NAV] Bot 14<65><BOT><>" got stuck [2] at <-38.200710 -1488.262451 188.269149> Eye Position <-38.200710 -1488.262451 216.269149> Eye Angles <17.858276 50.690917 0.000000> Last Known Nav Area ID <808>
L 07/04/2026 - 19:12:57: [navbot_stuck_logger.smx] Bot "[NAV] Bot 14<65><BOT><>" got stuck [1] at <-227.023422 -1736.229614 -0.968749> Eye Position <-227.023422 -1736.229614 63.031249> Eye Angles <0.000000 157.728073 0.000000> Last Known Nav Area ID <843>
L 07/04/2026 - 19:13:32: [navbot_stuck_logger.smx] Bot "[NAV] Bot 10<63><BOT><>" got stuck [1] at <-266.237426 -1734.636230 -0.968749> Eye Position <-266.237426 -1734.636230 63.031249> Eye Angles <60.839427 -158.486129 0.000000> Last Known Nav Area ID <836>
L 07/04/2026 - 19:13:33: [navbot_stuck_logger.smx] Bot "[NAV] Bot 10<63><BOT><>" got stuck [2] at <-241.210906 -1726.193481 -0.968749> Eye Position <-241.210906 -1726.193481 27.031249> Eye Angles <37.142139 -109.426467 0.000000> Last Known Nav Area ID <843>
L 07/04/2026 - 19:13:40: [navbot_stuck_logger.smx] Bot "[NAV] Bot 10<63><BOT><>" got stuck [1] at <-197.436492 -1753.221069 -0.968749> Eye Position <-197.436492 -1753.221069 63.031249> Eye Angles <72.399902 144.808151 0.000000> Last Known Nav Area ID <866>
L 07/04/2026 - 19:13:40: [navbot_stuck_logger.smx] Bot "[NAV] Bot 9<64><BOT><>" got stuck [1] at <141.663085 -1356.751708 -0.968749> Eye Position <141.663085 -1356.751708 63.031249> Eye Angles <8.602294 -120.849609 0.000000> Last Known Nav Area ID <150>
L 07/04/2026 - 19:13:41: [navbot_stuck_logger.smx] Bot "[NAV] Bot 10<63><BOT><>" got stuck [2] at <-258.356140 -1678.617675 -0.968749> Eye Position <-258.356140 -1678.617675 27.031249> Eye Angles <30.682178 -26.084167 0.000000> Last Known Nav Area ID <863>
L 07/04/2026 - 19:14:20: [navbot_stuck_logger.smx] Bot "[NAV] Bot 9<64><BOT><>" got stuck [1] at <-208.144500 -1932.123535 -162.968749> Eye Position <-208.144500 -1932.123535 -98.968749> Eye Angles <0.000000 177.465011 0.000000> Last Known Nav Area ID <148>
L 07/04/2026 - 19:14:27: [navbot_stuck_logger.smx] Bot "[NAV] Bot 9<64><BOT><>" got stuck [1] at <-227.968749 -1924.292236 -162.968749> Eye Position <-227.968749 -1924.292236 -98.968749> Eye Angles <-10.074462 98.827514 0.000000> Last Known Nav Area ID <786>
L 07/04/2026 - 19:14:28: [navbot_stuck_logger.smx] Bot "[NAV] Bot 9<64><BOT><>" got stuck [2] at <-234.995285 -1921.289550 -136.968841> Eye Position <-234.995285 -1921.289550 -108.968841> Eye Angles <-16.787109 92.708129 0.000000> Last Known Nav Area ID <786>
L 07/04/2026 - 19:14:38: [navbot_stuck_logger.smx] Bot "[NAV] Bot 11<66><BOT><>" got stuck [1] at <-227.968749 -1915.403076 -162.968749> Eye Position <-227.968749 -1915.403076 -98.968749> Eye Angles <-27.449340 74.772949 0.000000> Last Known Nav Area ID <786>
L 07/04/2026 - 19:14:38: [navbot_stuck_logger.smx] Bot "[NAV] Bot 1<58><BOT><>" got stuck [1] at <-783.799804 386.045745 -127.968749> Eye Position <-783.799804 386.045745 -63.968749> Eye Angles <-5.015258 -43.802490 0.000000> Last Known Nav Area ID <736>
L 07/04/2026 - 19:14:39: [navbot_stuck_logger.smx] Bot "[NAV] Bot 11<66><BOT><>" got stuck [2] at <-264.324432 -1916.587646 -136.968749> Eye Position <-264.324432 -1916.587646 -108.968749> Eye Angles <-33.148376 91.060180 0.000000> Last Known Nav Area ID <786>
L 07/04/2026 - 19:14:47: [navbot_stuck_logger.smx] Bot "[NAV] Bot 1<58><BOT><>" got stuck [1] at <-783.968749 361.863403 -127.968749> Eye Position <-783.968749 361.863403 -63.968749> Eye Angles <0.000000 -179.873657 0.000000> Last Known Nav Area ID <736>
L 07/04/2026 - 19:14:48: [navbot_stuck_logger.smx] Bot "[NAV] Bot 1<58><BOT><>" got stuck [2] at <-825.118164 358.712585 -96.318748> Eye Position <-825.118164 358.712585 -68.318748> Eye Angles <-1.785278 -170.106811 0.000000> Last Known Nav Area ID <754>
L 07/04/2026 - 19:15:37: [navbot_stuck_logger.smx] Bot "[NAV] Bot 1<58><BOT><>" got stuck [1] at <141.592514 -448.212860 -0.968749> Eye Position <141.592514 -448.212860 63.031249> Eye Angles <-15.391845 162.399902 0.000000> Last Known Nav Area ID <937>
L 07/04/2026 - 19:16:02: [navbot_stuck_logger.smx] Bot "[NAV] Bot 9<64><BOT><>" got stuck [1] at <-783.992126 343.984710 -127.968749> Eye Position <-783.992126 343.984710 -63.968749> Eye Angles <-17.402343 -49.196777 0.000000> Last Known Nav Area ID <736>
L 07/04/2026 - 19:16:03: [navbot_stuck_logger.smx] Bot "[NAV] Bot 9<64><BOT><>" got stuck [2] at <-783.990234 351.846862 -127.968749> Eye Position <-783.990234 351.846862 -99.968749> Eye Angles <-11.206054 -38.627929 0.000000> Last Known Nav Area ID <736>
L 07/04/2026 - 19:16:11: [navbot_stuck_logger.smx] Bot "[NAV] Bot 9<64><BOT><>" got stuck [1] at <-778.405822 370.597656 -127.968749> Eye Position <-778.405822 370.597656 -63.968749> Eye Angles <0.000000 174.619338 0.000000> Last Known Nav Area ID <736>
L 07/04/2026 - 19:16:13: [navbot_stuck_logger.smx] Bot "[NAV] Bot 9<64><BOT><>" got stuck [2] at <-842.490722 393.288543 -97.803749> Eye Position <-842.490722 393.288543 -69.803749> Eye Angles <-4.218749 -150.974121 0.000000> Last Known Nav Area ID <238>
L 07/04/2026 - 19:16:21: [navbot_stuck_logger.smx] Bot "[NAV] Bot 2<57><BOT><>" got stuck [1] at <-783.968749 363.546112 -127.968749> Eye Position <-783.968749 363.546112 -63.968749> Eye Angles <5.416259 -114.076538 0.000000> Last Known Nav Area ID <736>
L 07/04/2026 - 19:16:22: [navbot_stuck_logger.smx] Bot "[NAV] Bot 2<57><BOT><>" got stuck [2] at <-825.683349 326.316040 -101.043746> Eye Position <-825.683349 326.316040 -73.043746> Eye Angles <-1.527099 -106.111450 0.000000> Last Known Nav Area ID <753>
L 07/04/2026 - 19:16:42: [navbot_stuck_logger.smx] Bot "[NAV] Bot 14<65><BOT><>" got stuck [1] at <-783.968749 366.787933 -127.968749> Eye Position <-783.968749 366.787933 -63.968749> Eye Angles <-0.807495 25.537719 0.000000> Last Known Nav Area ID <736>
L 07/04/2026 - 19:16:44: [navbot_stuck_logger.smx] Bot "[NAV] Bot 14<65><BOT><>" got stuck [2] at <-831.849182 380.022186 -101.043746> Eye Position <-831.849182 380.022186 -73.043746> Eye Angles <0.000000 22.011108 0.000000> Last Known Nav Area ID <754>
L 07/04/2026 - 19:17:03: [navbot_stuck_logger.smx] Bot "[NAV] Bot 5<59><BOT><>" got stuck [1] at <-227.993301 -1915.799316 -162.968749> Eye Position <-227.993301 -1915.799316 -98.968749> Eye Angles <-28.476562 96.421508 0.000000> Last Known Nav Area ID <786>
L 07/04/2026 - 19:17:04: [navbot_stuck_logger.smx] Bot "[NAV] Bot 5<59><BOT><>" got stuck [2] at <-277.660675 -1920.997070 -137.778747> Eye Position <-277.660675 -1920.997070 -109.778747> Eye Angles <-25.790405 58.342895 0.000000> Last Known Nav Area ID <786>
L 07/04/2026 - 19:17:11: [navbot_stuck_logger.smx] Bot "[NAV] Bot 7<61><BOT><>" got stuck [1] at <-227.994476 -1937.942749 -162.968749> Eye Position <-227.994476 -1937.942749 -98.968749> Eye Angles <-11.747009 85.388595 0.000000> Last Known Nav Area ID <786>
L 07/04/2026 - 19:17:11: [navbot_stuck_logger.smx] Bot "[NAV] Bot 4<62><BOT><>" got stuck [1] at <-227.999359 -1920.140747 -162.968749> Eye Position <-227.999359 -1920.140747 -98.968749> Eye Angles <0.000000 101.236373 0.000000> Last Known Nav Area ID <786>
L 07/04/2026 - 19:17:12: [navbot_stuck_logger.smx] Bot "[NAV] Bot 4<62><BOT><>" got stuck [2] at <-266.643524 -1916.319458 -136.968749> Eye Position <-266.643524 -1916.319458 -108.968749> Eye Angles <-28.366699 71.466064 0.000000> Last Known Nav Area ID <786>
L 07/04/2026 - 19:17:13: [navbot_stuck_logger.smx] Bot "[NAV] Bot 8<60><BOT><>" got stuck [1] at <-227.968749 -1946.442626 -162.968749> Eye Position <-227.968749 -1946.442626 -98.968749> Eye Angles <-23.499755 79.475097 0.000000> Last Known Nav Area ID <786>
L 07/04/2026 - 19:17:19: [navbot_stuck_logger.smx] Bot "[NAV] Bot 8<60><BOT><>" got stuck [1] at <-218.510131 -1903.637207 -162.968749> Eye Position <-218.510131 -1903.637207 -98.968749> Eye Angles <-27.833862 72.570190 0.000000> Last Known Nav Area ID <148>
L 07/04/2026 - 19:17:20: [navbot_stuck_logger.smx] Bot "[NAV] Bot 8<60><BOT><>" got stuck [2] at <-203.451126 -1997.146362 -162.968749> Eye Position <-203.451126 -1997.146362 -134.968749> Eye Angles <-25.587158 94.037475 0.000000> Last Known Nav Area ID <148>
L 07/04/2026 - 19:17:26: [navbot_stuck_logger.smx] Bot "[NAV] Bot 10<63><BOT><>" got stuck [1] at <-938.821350 -739.103515 85.031249> Eye Position <-938.821350 -739.103515 149.031249> Eye Angles <26.422119 17.396850 0.000000> Last Known Nav Area ID <158>
L 07/04/2026 - 19:17:27: [navbot_stuck_logger.smx] Bot "[NAV] Bot 10<63><BOT><>" got stuck [2] at <-940.954956 -756.293823 85.031249> Eye Position <-940.954956 -756.293823 149.031249> Eye Angles <22.450561 30.800170 0.000000> Last Known Nav Area ID <158>
L 07/04/2026 - 19:17:28: [navbot_stuck_logger.smx] Bot "[NAV] Bot 10<63><BOT><>" got stuck [3] at <-940.954956 -752.887390 85.031249> Eye Position <-940.954956 -752.887390 149.031249> Eye Angles <14.013061 46.043701 0.000000> Last Known Nav Area ID <158>
L 07/04/2026 - 19:17:30: [navbot_stuck_logger.smx] Bot "[NAV] Bot 8<60><BOT><>" got stuck [1] at <-227.968749 -1935.652343 -162.968749> Eye Position <-227.968749 -1935.652343 -98.968749> Eye Angles <-24.900512 97.322387 0.000000> Last Known Nav Area ID <786>
L 07/04/2026 - 19:17:31: [navbot_stuck_logger.smx] Bot "[NAV] Bot 8<60><BOT><>" got stuck [2] at <-234.772109 -1877.968749 -162.968749> Eye Position <-234.772109 -1877.968749 -134.968749> Eye Angles <-4.946472 28.869213 0.000000> Last Known Nav Area ID <148>
L 07/04/2026 - 19:17:35: [navbot_stuck_logger.smx] Bot "[NAV] Bot 1<58><BOT><>" got stuck [1] at <88.419815 -438.751159 -0.968749> Eye Position <88.419815 -438.751159 63.031249> Eye Angles <0.000000 -37.026550 0.000000> Last Known Nav Area ID <68>
L 07/04/2026 - 19:17:37: [navbot_stuck_logger.smx] Bot "[NAV] Bot 8<60><BOT><>" got stuck [1] at <-227.968749 -1938.493164 -162.968749> Eye Position <-227.968749 -1938.493164 -98.968749> Eye Angles <-24.818115 87.824707 0.000000> Last Known Nav Area ID <786>
L 07/04/2026 - 19:17:38: [navbot_stuck_logger.smx] Bot "[NAV] Bot 8<60><BOT><>" got stuck [2] at <-234.985107 -1931.186157 -136.971740> Eye Position <-234.985107 -1931.186157 -108.971740> Eye Angles <-27.674560 86.138305 0.000000> Last Known Nav Area ID <786>
L 07/04/2026 - 19:17:48: [navbot_stuck_logger.smx] Bot "[NAV] Bot 10<63><BOT><>" got stuck [1] at <-585.057373 -33.752910 -167.968749> Eye Position <-585.057373 -33.752910 -103.968749> Eye Angles <-5.196533 -142.536621 0.000000> Last Known Nav Area ID <231>
L 07/04/2026 - 19:17:49: [navbot_stuck_logger.smx] Bot "[NAV] Bot 10<63><BOT><>" got stuck [2] at <-623.208984 -39.909893 -167.968749> Eye Position <-623.208984 -39.909893 -139.968749> Eye Angles <-9.948120 -147.579345 0.000000> Last Known Nav Area ID <231>
L 07/04/2026 - 19:18:04: [navbot_stuck_logger.smx] Bot "[NAV] Bot 10<63><BOT><>" got stuck [1] at <-782.848571 352.804290 -127.968749> Eye Position <-782.848571 352.804290 -63.968749> Eye Angles <0.000000 -162.177322 0.000000> Last Known Nav Area ID <736>
L 07/04/2026 - 19:18:12: [navbot_stuck_logger.smx] Bot "[NAV] Bot 10<63><BOT><>" got stuck [1] at <-783.968749 376.493682 -127.968749> Eye Position <-783.968749 376.493682 -63.968749> Eye Angles <5.592041 -118.218383 0.000000> Last Known Nav Area ID <736>
L 07/04/2026 - 19:18:19: [navbot_stuck_logger.smx] Bot "[NAV] Bot 10<63><BOT><>" got stuck [1] at <-783.968749 360.494842 -127.968749> Eye Position <-783.968749 360.494842 -63.968749> Eye Angles <-8.036499 -4.971313 0.000000> Last Known Nav Area ID <736>
L 07/04/2026 - 19:18:20: [navbot_stuck_logger.smx] Bot "[NAV] Bot 10<63><BOT><>" got stuck [2] at <-841.716247 384.197326 -120.618751> Eye Position <-841.716247 384.197326 -92.618751> Eye Angles <-10.810546 6.470947 0.000000> Last Known Nav Area ID <754>
L 07/04/2026 - 19:19:07: [navbot_stuck_logger.smx] Bot "[NAV] Bot 8<60><BOT><>" got stuck [1] at <-783.968749 356.365692 -127.968749> Eye Position <-783.968749 356.365692 -63.968749> Eye Angles <6.058959 -120.157470 0.000000> Last Known Nav Area ID <736>
L 07/04/2026 - 19:19:08: [navbot_stuck_logger.smx] Bot "[NAV] Bot 8<60><BOT><>" got stuck [2] at <-835.481994 330.677154 -102.393745> Eye Position <-835.481994 330.677154 -74.393745> Eye Angles <6.102905 -126.485595 0.000000> Last Known Nav Area ID <753>
L 07/04/2026 - 19:19:17: [navbot_stuck_logger.smx] Bot "[NAV] Bot 14<65><BOT><>" got stuck [1] at <-821.031249 329.686737 -126.368263> Eye Position <-821.031249 329.686737 -62.368263> Eye Angles <21.005859 -14.241149 0.000000> Last Known Nav Area ID <753>
L 07/04/2026 - 19:19:25: [navbot_stuck_logger.smx] Bot "[NAV] Bot 10<63><BOT><>" got stuck [1] at <-272.031249 -2000.448974 -168.401077> Eye Position <-272.031249 -2000.448974 -104.401077> Eye Angles <14.771118 -58.952636 0.000000> Last Known Nav Area ID <257>
L 07/04/2026 - 19:19:26: [navbot_stuck_logger.smx] Bot "[NAV] Bot 10<63><BOT><>" got stuck [2] at <-230.362548 -2029.674560 -138.292465> Eye Position <-230.362548 -2029.674560 -110.292465> Eye Angles <-1.532592 7.737231 0.000000> Last Known Nav Area ID <805>
L 07/04/2026 - 19:19:33: [navbot_stuck_logger.smx] Bot "[NAV] Bot 10<63><BOT><>" got stuck [1] at <-227.815246 -1920.412597 -162.968749> Eye Position <-227.815246 -1920.412597 -98.968749> Eye Angles <0.000000 -172.888992 0.000000> Last Known Nav Area ID <786>
L 07/04/2026 - 19:19:34: [navbot_stuck_logger.smx] Bot "[NAV] Bot 10<63><BOT><>" got stuck [2] at <-251.656341 -1970.031249 -136.968749> Eye Position <-251.656341 -1970.031249 -108.968749> Eye Angles <0.911865 173.427322 0.000000> Last Known Nav Area ID <785>
L 07/04/2026 - 19:19:38: [navbot_stuck_logger.smx] Bot "[NAV] Bot 7<61><BOT><>" got stuck [1] at <-821.031249 324.474792 -125.544227> Eye Position <-821.031249 324.474792 -61.544227> Eye Angles <10.700683 -5.877685 0.000000> Last Known Nav Area ID <753>
L 07/04/2026 - 19:19:39: [navbot_stuck_logger.smx] Bot "[NAV] Bot 7<61><BOT><>" got stuck [2] at <-775.855468 327.737060 -98.748748> Eye Position <-775.855468 327.737060 -70.748748> Eye Angles <13.710937 -16.045532 0.000000> Last Known Nav Area ID <735>
L 07/04/2026 - 19:20:08: [navbot_stuck_logger.smx] Bot "[NAV] Bot 1<58><BOT><>" got stuck [1] at <-584.031249 -25.031249 -167.968749> Eye Position <-584.031249 -25.031249 -103.968749> Eye Angles <4.537353 -66.253051 0.000000> Last Known Nav Area ID <231>
L 07/04/2026 - 19:20:09: [navbot_stuck_logger.smx] Bot "[NAV] Bot 1<58><BOT><>" got stuck [2] at <-584.031249 -25.001771 -167.968749> Eye Position <-584.031249 -25.001771 -139.968749> Eye Angles <1.417236 -66.978149 0.000000> Last Known Nav Area ID <231>
L 07/04/2026 - 19:20:12: [navbot_stuck_logger.smx] Bot "[NAV] Bot 7<61><BOT><>" got stuck [1] at <-567.866882 -304.167755 205.031249> Eye Position <-567.866882 -304.167755 233.031249> Eye Angles <69.927978 41.962280 0.000000> Last Known Nav Area ID <696>
L 07/04/2026 - 19:20:13: [navbot_stuck_logger.smx] Bot "[NAV] Bot 8<60><BOT><>" got stuck [1] at <-567.968749 -300.235534 205.031249> Eye Position <-567.968749 -300.235534 233.031249> Eye Angles <57.755126 82.172241 0.000000> Last Known Nav Area ID <696>
L 07/04/2026 - 19:20:22: [navbot_stuck_logger.smx] Bot "[NAV] Bot 7<61><BOT><>" got stuck [1] at <-228.475036 -1276.487304 152.031249> Eye Position <-228.475036 -1276.487304 216.031249> Eye Angles <54.865722 -32.568969 0.000000> Last Known Nav Area ID <808>
L 07/04/2026 - 19:20:27: [navbot_stuck_logger.smx] Bot "[NAV] Bot 8<60><BOT><>" got stuck [1] at <-567.999877 -298.267089 205.031249> Eye Position <-567.999877 -298.267089 233.031249> Eye Angles <0.000000 -176.885375 0.000000> Last Known Nav Area ID <697>
L 07/04/2026 - 19:20:29: [navbot_stuck_logger.smx] Bot "[NAV] Bot 7<61><BOT><>" got stuck [1] at <-228.479568 -1289.697387 152.031249> Eye Position <-228.479568 -1289.697387 216.031249> Eye Angles <29.893798 -45.752563 0.000000> Last Known Nav Area ID <808>
L 07/04/2026 - 19:20:30: [navbot_stuck_logger.smx] Bot "[NAV] Bot 7<61><BOT><>" got stuck [2] at <-231.998229 -1277.291748 186.805236> Eye Position <-231.998229 -1277.291748 214.805236> Eye Angles <31.063842 29.083667 0.000000> Last Known Nav Area ID <808>
L 07/04/2026 - 19:20:39: [navbot_stuck_logger.smx] Bot "[NAV] Bot 8<60><BOT><>" got stuck [1] at <-565.291992 -303.470031 205.031249> Eye Position <-565.291992 -303.470031 233.031249> Eye Angles <32.689819 2.763061 0.000000> Last Known Nav Area ID <696>
L 07/04/2026 - 19:20:40: [navbot_stuck_logger.smx] Bot "[NAV] Bot 2<57><BOT><>" got stuck [1] at <-567.968749 -299.006134 205.031249> Eye Position <-567.968749 -299.006134 233.031249> Eye Angles <0.000000 37.598072 0.000000> Last Known Nav Area ID <697>
L 07/04/2026 - 19:20:40: [navbot_stuck_logger.smx] Bot "[NAV] Bot 8<60><BOT><>" got stuck [2] at <-619.325866 -311.944610 228.031249> Eye Position <-619.325866 -311.944610 256.031249> Eye Angles <0.000000 94.661056 0.000000> Last Known Nav Area ID <359>
L 07/04/2026 - 19:20:41: [navbot_stuck_logger.smx] Bot "[NAV] Bot 7<61><BOT><>" got stuck [1] at <-35.164272 -1439.035278 152.031249> Eye Position <-35.164272 -1439.035278 216.031249> Eye Angles <0.000000 -25.068176 0.000000> Last Known Nav Area ID <808>
L 07/04/2026 - 19:20:41: [navbot_stuck_logger.smx] Bot "[NAV] Bot 11<66><BOT><>" got stuck [1] at <-877.239807 150.800643 -127.175666> Eye Position <-877.239807 150.800643 -63.175666> Eye Angles <0.126342 93.210861 0.000000> Last Known Nav Area ID <660>
L 07/04/2026 - 19:20:42: [navbot_stuck_logger.smx] Bot "[NAV] Bot 7<61><BOT><>" got stuck [2] at <-70.769538 -1516.355224 133.324157> Eye Position <-70.769538 -1516.355224 161.324157> Eye Angles <32.596435 -22.406616 0.000000> Last Known Nav Area ID <825>
L 07/04/2026 - 19:20:43: [navbot_stuck_logger.smx] Bot "[NAV] Bot 9<64><BOT><>" got stuck [1] at <-211.394775 -1777.991699 -0.968749> Eye Position <-211.394775 -1777.991699 63.031249> Eye Angles <25.614624 155.648803 0.000000> Last Known Nav Area ID <843>
L 07/04/2026 - 19:20:44: [navbot_stuck_logger.smx] Bot "[NAV] Bot 9<64><BOT><>" got stuck [2] at <-223.856307 -1727.841918 -0.968749> Eye Position <-223.856307 -1727.841918 27.031249> Eye Angles <6.253857 124.873245 0.000000> Last Known Nav Area ID <843>
L 07/04/2026 - 19:20:46: [navbot_stuck_logger.smx] Bot "[NAV] Bot 14<65><BOT><>" got stuck [1] at <-267.004272 -1770.110961 -0.968749> Eye Position <-267.004272 -1770.110961 63.031249> Eye Angles <2.216613 18.009449 0.000000> Last Known Nav Area ID <836>
L 07/04/2026 - 19:20:47: [navbot_stuck_logger.smx] Bot "[NAV] Bot 14<65><BOT><>" got stuck [2] at <-250.899673 -1716.932861 -0.968749> Eye Position <-250.899673 -1716.932861 27.031249> Eye Angles <13.903198 -162.487792 0.000000> Last Known Nav Area ID <865>
L 07/04/2026 - 19:20:49: [navbot_stuck_logger.smx] Bot "[NAV] Bot 2<57><BOT><>" got stuck [1] at <-228.421401 -1258.731811 152.031249> Eye Position <-228.421401 -1258.731811 216.031249> Eye Angles <0.000000 -174.866531 0.000000> Last Known Nav Area ID <808>
L 07/04/2026 - 19:20:50: [navbot_stuck_logger.smx] Bot "[NAV] Bot 8<60><BOT><>" got stuck [1] at <-228.363616 -1263.115722 152.031249> Eye Position <-228.363616 -1263.115722 216.031249> Eye Angles <0.000000 174.399826 0.000000> Last Known Nav Area ID <808>
L 07/04/2026 - 19:20:51: [navbot_stuck_logger.smx] Bot "[NAV] Bot 9<64><BOT><>" got stuck [1] at <-203.551513 -1742.430297 -0.968749> Eye Position <-203.551513 -1742.430297 63.031249> Eye Angles <62.984619 155.234176 0.000000> Last Known Nav Area ID <843>
L 07/04/2026 - 19:20:52: [navbot_stuck_logger.smx] Bot "[NAV] Bot 9<64><BOT><>" got stuck [2] at <-212.232055 -1683.568481 -0.968749> Eye Position <-212.232055 -1683.568481 27.031249> Eye Angles <0.000000 -72.850341 0.000000> Last Known Nav Area ID <864>
L 07/04/2026 - 19:20:54: [navbot_stuck_logger.smx] Bot "[NAV] Bot 14<65><BOT><>" got stuck [1] at <-214.349777 -1740.198852 -0.968749> Eye Position <-214.349777 -1740.198852 63.031249> Eye Angles <28.267822 174.561767 0.000000> Last Known Nav Area ID <843>
L 07/04/2026 - 19:20:55: [navbot_stuck_logger.smx] Bot "[NAV] Bot 14<65><BOT><>" got stuck [2] at <-222.709136 -1712.172241 -0.968749> Eye Position <-222.709136 -1712.172241 27.031249> Eye Angles <-12.573852 78.236282 0.000000> Last Known Nav Area ID <865>
L 07/04/2026 - 19:20:56: [navbot_stuck_logger.smx] Bot "[NAV] Bot 2<57><BOT><>" got stuck [1] at <-227.456878 -1280.601806 152.031249> Eye Position <-227.456878 -1280.601806 216.031249> Eye Angles <36.578979 49.323120 0.000000> Last Known Nav Area ID <808>
L 07/04/2026 - 19:20:56: [navbot_stuck_logger.smx] Bot "[NAV] Bot 8<60><BOT><>" got stuck [1] at <-228.477203 -1277.012329 152.031249> Eye Position <-228.477203 -1277.012329 216.031249> Eye Angles <36.617431 49.092407 0.000000> Last Known Nav Area ID <808>
L 07/04/2026 - 19:20:57: [navbot_stuck_logger.smx] Bot "[NAV] Bot 2<57><BOT><>" got stuck [2] at <-231.999923 -1275.184204 186.805236> Eye Position <-231.999923 -1275.184204 214.805236> Eye Angles <29.767456 33.387451 0.000000> Last Known Nav Area ID <808>
L 07/04/2026 - 19:20:58: [navbot_stuck_logger.smx] Bot "[NAV] Bot 9<64><BOT><>" got stuck [1] at <-234.734222 -1748.762084 -0.968749> Eye Position <-234.734222 -1748.762084 63.031249> Eye Angles <4.798169 141.528732 0.000000> Last Known Nav Area ID <843>
L 07/04/2026 - 19:21:02: [navbot_stuck_logger.smx] Bot "[NAV] Bot 14<65><BOT><>" got stuck [1] at <-168.616744 -1739.903442 -0.968749> Eye Position <-168.616744 -1739.903442 63.031249> Eye Angles <0.000000 65.025436 0.000000> Last Known Nav Area ID <870>
L 07/04/2026 - 19:21:03: [navbot_stuck_logger.smx] Bot "[NAV] Bot 14<65><BOT><>" got stuck [2] at <-241.349914 -1683.737915 -9.459913> Eye Position <-241.349914 -1683.737915 18.540086> Eye Angles <-3.916625 -125.139770 0.000000> Last Known Nav Area ID <864>
L 07/04/2026 - 19:21:05: [navbot_stuck_logger.smx] Bot "[NAV] Bot 8<60><BOT><>" got stuck [1] at <-32.942081 -1446.147460 152.031249> Eye Position <-32.942081 -1446.147460 216.031249> Eye Angles <31.316528 30.888061 0.000000> Last Known Nav Area ID <808>
L 07/04/2026 - 19:21:05: [navbot_stuck_logger.smx] Bot "[NAV] Bot 2<57><BOT><>" got stuck [1] at <-30.065574 -1446.147460 152.031249> Eye Position <-30.065574 -1446.147460 216.031249> Eye Angles <29.355468 36.557006 0.000000> Last Known Nav Area ID <808>
L 07/04/2026 - 19:21:06: [navbot_stuck_logger.smx] Bot "[NAV] Bot 8<60><BOT><>" got stuck [2] at <-35.026275 -1484.745239 190.699157> Eye Position <-35.026275 -1484.745239 218.699157> Eye Angles <28.630371 38.908081 0.000000> Last Known Nav Area ID <808>
L 07/04/2026 - 19:21:06: [navbot_stuck_logger.smx] Bot "[NAV] Bot 2<57><BOT><>" got stuck [2] at <-36.042224 -1479.031982 192.049148> Eye Position <-36.042224 -1479.031982 220.049148> Eye Angles <30.492553 54.039112 0.000000> Last Known Nav Area ID <808>
L 07/04/2026 - 19:21:07: [navbot_stuck_logger.smx] Bot "[NAV] Bot 9<64><BOT><>" got stuck [1] at <-174.391052 -1771.084106 -0.968749> Eye Position <-174.391052 -1771.084106 63.031249> Eye Angles <13.812451 103.227539 0.000000> Last Known Nav Area ID <866>
L 07/04/2026 - 19:21:12: [navbot_stuck_logger.smx] Bot "[NAV] Bot 1<58><BOT><>" got stuck [1] at <-605.604248 -12.124244 -167.968749> Eye Position <-605.604248 -12.124244 -103.968749> Eye Angles <5.372314 -66.445312 0.000000> Last Known Nav Area ID <475>
L 07/04/2026 - 19:21:13: [navbot_stuck_logger.smx] Bot "[NAV] Bot 1<58><BOT><>" got stuck [2] at <-604.639709 19.369766 -167.968749> Eye Position <-604.639709 19.369766 -139.968749> Eye Angles <1.829223 -64.813842 0.000000> Last Known Nav Area ID <135>
L 07/04/2026 - 19:21:15: [navbot_stuck_logger.smx] Bot "[NAV] Bot 9<64><BOT><>" got stuck [1] at <-247.114089 -1762.448852 -0.968749> Eye Position <-247.114089 -1762.448852 63.031249> Eye Angles <39.287109 -52.638366 0.000000> Last Known Nav Area ID <836>
L 07/04/2026 - 19:21:16: [navbot_stuck_logger.smx] Bot "[NAV] Bot 9<64><BOT><>" got stuck [2] at <-207.672042 -1718.937988 -0.968749> Eye Position <-207.672042 -1718.937988 27.031249> Eye Angles <-34.258239 139.023635 0.000000> Last Known Nav Area ID <865>
L 07/04/2026 - 19:21:22: [navbot_stuck_logger.smx] Bot "[NAV] Bot 9<64><BOT><>" got stuck [1] at <-197.453567 -1743.382446 -0.963977> Eye Position <-197.453567 -1743.382446 63.036022> Eye Angles <16.185718 1.793408 0.000000> Last Known Nav Area ID <866>
L 07/04/2026 - 19:21:23: [navbot_stuck_logger.smx] Bot "[NAV] Bot 9<64><BOT><>" got stuck [2] at <-254.103805 -1666.462402 -10.099748> Eye Position <-254.103805 -1666.462402 17.900251> Eye Angles <-6.196289 -42.940063 0.000000> Last Known Nav Area ID <864>
L 07/04/2026 - 19:21:26: [navbot_stuck_logger.smx] Bot "[NAV] Bot 5<59><BOT><>" got stuck [1] at <-567.221801 -297.376312 205.031249> Eye Position <-567.221801 -297.376312 233.031249> Eye Angles <31.558227 -68.670043 0.000000> Last Known Nav Area ID <697>
L 07/04/2026 - 19:21:31: [navbot_stuck_logger.smx] Bot "[NAV] Bot 9<64><BOT><>" got stuck [1] at <-270.873107 -1753.224365 -0.968749> Eye Position <-270.873107 -1753.224365 63.031249> Eye Angles <35.408935 -67.118103 0.000000> Last Known Nav Area ID <836>
L 07/04/2026 - 19:21:32: [navbot_stuck_logger.smx] Bot "[NAV] Bot 9<64><BOT><>" got stuck [2] at <-243.953247 -1726.904541 -0.968749> Eye Position <-243.953247 -1726.904541 27.031249> Eye Angles <0.000000 36.510425 0.000000> Last Known Nav Area ID <843>
L 07/04/2026 - 19:21:33: [navbot_stuck_logger.smx] Bot "[NAV] Bot 2<57><BOT><>" got stuck [1] at <-218.422500 -1748.803222 -0.968749> Eye Position <-218.422500 -1748.803222 63.031249> Eye Angles <22.719726 62.292480 0.000000> Last Known Nav Area ID <843>
L 07/04/2026 - 19:21:34: [navbot_stuck_logger.smx] Bot "[NAV] Bot 2<57><BOT><>" got stuck [2] at <-238.708862 -1730.804931 -0.968749> Eye Position <-238.708862 -1730.804931 27.031249> Eye Angles <0.000000 7.695922 0.000000> Last Known Nav Area ID <843>
L 07/04/2026 - 19:21:36: [navbot_stuck_logger.smx] Bot "[NAV] Bot 5<59><BOT><>" got stuck [1] at <-228.488754 -1274.665649 152.031249> Eye Position <-228.488754 -1274.665649 216.031249> Eye Angles <2.073559 113.917236 0.000000> Last Known Nav Area ID <808>
L 07/04/2026 - 19:22:34: [navbot_stuck_logger.smx] Bot "[NAV] Bot 1<76><BOT><>" got stuck [1] at <-783.968749 370.685638 -127.968749> Eye Position <-783.968749 370.685638 -63.968749> Eye Angles <22.565917 171.760253 0.000000> Last Known Nav Area ID <736>
L 07/04/2026 - 19:22:37: [navbot_stuck_logger.smx] Bot "[NAV] Bot 3<72><BOT><>" got stuck [1] at <-783.968749 290.522521 -127.968749> Eye Position <-783.968749 290.522521 -63.968749> Eye Angles <10.958862 -166.863204 0.000000> Last Known Nav Area ID <735>
L 07/04/2026 - 19:22:38: [navbot_stuck_logger.smx] Bot "[NAV] Bot 3<72><BOT><>" got stuck [2] at <-831.687377 312.450439 -99.828750> Eye Position <-831.687377 312.450439 -71.828750> Eye Angles <8.014526 46.818237 0.000000> Last Known Nav Area ID <753>
L 07/04/2026 - 19:22:49: [navbot_stuck_logger.smx] Bot "[NAV] Bot 17<68><BOT><>" got stuck [1] at <-1119.529663 -645.270690 85.031249> Eye Position <-1119.529663 -645.270690 149.031249> Eye Angles <15.644531 18.176879 0.000000> Last Known Nav Area ID <203>
L 07/04/2026 - 19:22:52: [navbot_stuck_logger.smx] Bot "[NAV] Bot 12<71><BOT><>" got stuck [1] at <-272.002777 -2020.329101 -169.778320> Eye Position <-272.002777 -2020.329101 -105.778320> Eye Angles <-0.642700 -41.728942 0.000000> Last Known Nav Area ID <257>
L 07/04/2026 - 19:22:53: [navbot_stuck_logger.smx] Bot "[NAV] Bot 12<71><BOT><>" got stuck [2] at <-272.031249 -2037.972167 -172.378463> Eye Position <-272.031249 -2037.972167 -144.378463> Eye Angles <-35.167236 -35.359497 0.000000> Last Known Nav Area ID <257>
L 07/04/2026 - 19:22:56: [navbot_stuck_logger.smx] Bot "[NAV] Bot 16<73><BOT><>" got stuck [1] at <-272.019805 -2031.715332 -171.446350> Eye Position <-272.019805 -2031.715332 -107.446350> Eye Angles <11.694946 -10.659606 0.000000> Last Known Nav Area ID <257>
L 07/04/2026 - 19:22:57: [navbot_stuck_logger.smx] Bot "[NAV] Bot 17<68><BOT><>" got stuck [1] at <-1083.632568 -647.968749 85.031249> Eye Position <-1083.632568 -647.968749 149.031249> Eye Angles <41.028442 -14.856140 0.000000> Last Known Nav Area ID <203>
L 07/04/2026 - 19:22:57: [navbot_stuck_logger.smx] Bot "[NAV] Bot 16<73><BOT><>" got stuck [2] at <-329.646972 -2044.922607 -175.228805> Eye Position <-329.646972 -2044.922607 -147.228805> Eye Angles <-19.632568 4.932861 0.000000> Last Known Nav Area ID <257>
L 07/04/2026 - 19:23:01: [navbot_stuck_logger.smx] Bot "[NAV] Bot 12<71><BOT><>" got stuck [1] at <-272.014526 -2006.824951 -168.468063> Eye Position <-272.014526 -2006.824951 -104.468063> Eye Angles <0.021972 -46.172912 0.000000> Last Known Nav Area ID <257>
L 07/04/2026 - 19:23:02: [navbot_stuck_logger.smx] Bot "[NAV] Bot 12<71><BOT><>" got stuck [2] at <-272.031249 -2012.997558 -168.699264> Eye Position <-272.031249 -2012.997558 -140.699264> Eye Angles <-37.139282 0.823974 0.000000> Last Known Nav Area ID <257>
L 07/04/2026 - 19:23:10: [navbot_stuck_logger.smx] Bot "[NAV] Bot 12<71><BOT><>" got stuck [1] at <-272.231933 -2005.094482 -168.457580> Eye Position <-272.231933 -2005.094482 -104.457580> Eye Angles <0.697631 36.351123 0.000000> Last Known Nav Area ID <257>
L 07/04/2026 - 19:23:11: [navbot_stuck_logger.smx] Bot "[NAV] Bot 12<71><BOT><>" got stuck [2] at <-272.031249 -2016.957641 -169.285140> Eye Position <-272.031249 -2016.957641 -141.285140> Eye Angles <0.807495 -147.137252 0.000000> Last Known Nav Area ID <257>
L 07/04/2026 - 19:23:19: [navbot_stuck_logger.smx] Bot "[NAV] Bot 12<71><BOT><>" got stuck [1] at <-272.270324 -2010.856689 -168.518768> Eye Position <-272.270324 -2010.856689 -104.518768> Eye Angles <0.692138 56.082569 0.000000> Last Known Nav Area ID <257>
L 07/04/2026 - 19:23:20: [navbot_stuck_logger.smx] Bot "[NAV] Bot 12<71><BOT><>" got stuck [2] at <-272.031249 -2012.386718 -168.622528> Eye Position <-272.031249 -2012.386718 -125.313522> Eye Angles <4.644579 -27.556335 0.000000> Last Known Nav Area ID <257>
L 07/04/2026 - 19:23:21: [navbot_stuck_logger.smx] Bot "[NAV] Bot 12<71><BOT><>" got stuck [3] at <-272.001037 -1998.821899 -90.624191> Eye Position <-272.001037 -1998.821899 -62.624191> Eye Angles <-3.449707 15.509839 0.000000> Last Known Nav Area ID <257>
L 07/04/2026 - 19:23:24: [navbot_stuck_logger.smx] Bot "[NAV] Bot 1<76><BOT><>" got stuck [1] at <-586.721374 -106.968749 9.031249> Eye Position <-586.721374 -106.968749 73.031249> Eye Angles <13.864746 -106.380615 0.000000> Last Known Nav Area ID <501>
L 07/04/2026 - 19:23:25: [navbot_stuck_logger.smx] Bot "[NAV] Bot 1<76><BOT><>" got stuck [2] at <-578.831665 -106.993255 9.031249> Eye Position <-578.831665 -106.993255 73.031249> Eye Angles <23.606983 -89.151184 0.000000> Last Known Nav Area ID <501>
L 07/04/2026 - 19:23:26: [navbot_stuck_logger.smx] Bot "[NAV] Bot 1<76><BOT><>" got stuck [3] at <-578.831665 -106.968749 9.031249> Eye Position <-578.831665 -106.968749 73.031249> Eye Angles <15.051269 -54.835388 0.000000> Last Known Nav Area ID <501>
L 07/04/2026 - 19:23:27: [navbot_stuck_logger.smx] Bot "[NAV] Bot 1<76><BOT><>" got stuck [4] at <-578.831665 -106.968749 9.031249> Eye Position <-578.831665 -106.968749 73.031249> Eye Angles <11.601562 -41.879882 0.000000> Last Known Nav Area ID <501>
L 07/04/2026 - 19:23:28: [navbot_stuck_logger.smx] Bot "[NAV] Bot 1<76><BOT><>" got stuck [5] at <-578.831665 -106.990425 9.031249> Eye Position <-578.831665 -106.990425 73.031249> Eye Angles <20.000610 -56.612548 0.000000> Last Known Nav Area ID <501>
L 07/04/2026 - 19:23:29: [navbot_stuck_logger.smx] Bot "[NAV] Bot 1<76><BOT><>" got stuck [6] at <-583.588806 -106.968749 9.031249> Eye Position <-583.588806 -106.968749 73.031249> Eye Angles <23.395385 -65.209350 0.000000> Last Known Nav Area ID <501>
L 07/04/2026 - 19:23:30: [navbot_stuck_logger.smx] Bot "[NAV] Bot 1<76><BOT><>" got stuck [7] at <-578.831665 -106.968749 9.031249> Eye Position <-578.831665 -106.968749 73.031249> Eye Angles <30.448608 -66.917724 0.000000> Last Known Nav Area ID <501>
L 07/04/2026 - 19:23:31: [navbot_stuck_logger.smx] Bot "[NAV] Bot 1<76><BOT><>" got stuck [8] at <-579.648986 -106.968749 9.031249> Eye Position <-579.648986 -106.968749 73.031249> Eye Angles <39.396972 -54.036254 0.000000> Last Known Nav Area ID <501>
L 07/04/2026 - 19:23:32: [navbot_stuck_logger.smx] Bot "[NAV] Bot 1<76><BOT><>" got stuck [9] at <-580.083923 -106.968749 9.031249> Eye Position <-580.083923 -106.968749 73.031249> Eye Angles <9.041748 -39.446411 0.000000> Last Known Nav Area ID <501>
L 07/04/2026 - 19:23:33: [navbot_stuck_logger.smx] Bot "[NAV] Bot 1<76><BOT><>" got stuck [10] at <-584.372497 -106.968749 9.031249> Eye Position <-584.372497 -106.968749 73.031249> Eye Angles <69.400634 -8.953857 0.000000> Last Known Nav Area ID <501>
L 07/04/2026 - 19:23:34: [navbot_stuck_logger.smx] Bot "[NAV] Bot 1<76><BOT><>" got stuck [11] at <-578.831665 -106.675765 9.031249> Eye Position <-578.831665 -106.675765 73.031249> Eye Angles <9.234008 -41.314086 0.000000> Last Known Nav Area ID <501>
L 07/04/2026 - 19:23:35: [navbot_stuck_logger.smx] Bot "[NAV] Bot 1<76><BOT><>" got stuck [12] at <-579.107788 -105.646163 9.031249> Eye Position <-579.107788 -105.646163 73.031249> Eye Angles <8.047485 -33.387451 0.000000> Last Known Nav Area ID <501>
L 07/04/2026 - 19:23:49: [navbot_stuck_logger.smx] Bot "[NAV] Bot 2<75><BOT><>" got stuck [1] at <-783.976074 357.813507 -127.968749> Eye Position <-783.976074 357.813507 -63.968749> Eye Angles <-8.305664 -67.159423 0.000000> Last Known Nav Area ID <736>
L 07/04/2026 - 19:23:50: [navbot_stuck_logger.smx] Bot "[NAV] Bot 2<75><BOT><>" got stuck [2] at <-812.272216 359.795715 -94.968749> Eye Position <-812.272216 359.795715 -66.968749> Eye Angles <-8.503417 -139.940994 0.000000> Last Known Nav Area ID <754>
L 07/04/2026 - 19:23:56: [navbot_stuck_logger.smx] Bot "[NAV] Bot 15<69><BOT><>" got stuck [1] at <-783.980651 352.147674 -127.968749> Eye Position <-783.980651 352.147674 -63.968749> Eye Angles <0.000000 -44.239318 0.000000> Last Known Nav Area ID <736>
L 07/04/2026 - 19:23:59: [navbot_stuck_logger.smx] Bot "[NAV] Bot 13<74><BOT><>" got stuck [1] at <-783.982238 376.242370 -127.968749> Eye Position <-783.982238 376.242370 -63.968749> Eye Angles <-7.987060 -67.016601 0.000000> Last Known Nav Area ID <736>
L 07/04/2026 - 19:24:33: [navbot_stuck_logger.smx] Bot "[NAV] Bot 17<68><BOT><>" got stuck [1] at <-272.031249 -2022.495971 -170.096298> Eye Position <-272.031249 -2022.495971 -106.096298> Eye Angles <0.450439 34.763599 0.000000> Last Known Nav Area ID <257>
L 07/04/2026 - 19:24:49: [navbot_stuck_logger.smx] Bot "[NAV] Bot 17<68><BOT><>" got stuck [1] at <-272.031249 -2014.289428 -168.894317> Eye Position <-272.031249 -2014.289428 -104.894317> Eye Angles <-0.137329 58.353881 0.000000> Last Known Nav Area ID <257>
L 07/04/2026 - 19:24:49: [navbot_stuck_logger.smx] Bot "[NAV] Bot 3<72><BOT><>" got stuck [1] at <-567.968749 -307.450500 205.031249> Eye Position <-567.968749 -307.450500 233.031249> Eye Angles <0.000000 166.827392 0.000000> Last Known Nav Area ID <696>
L 07/04/2026 - 19:24:50: [navbot_stuck_logger.smx] Bot "[NAV] Bot 17<68><BOT><>" got stuck [2] at <-272.005950 -2010.857543 -168.512252> Eye Position <-272.005950 -2010.857543 -140.512252> Eye Angles <-0.027465 23.584789 0.000000> Last Known Nav Area ID <257>
L 07/04/2026 - 19:24:50: [navbot_stuck_logger.smx] Bot "[NAV] Bot 3<72><BOT><>" got stuck [2] at <-626.453369 -302.603057 228.031249> Eye Position <-626.453369 -302.603057 256.031249> Eye Angles <0.000000 163.190917 0.000000> Last Known Nav Area ID <359>
L 07/04/2026 - 19:24:58: [navbot_stuck_logger.smx] Bot "[NAV] Bot 17<68><BOT><>" got stuck [1] at <-272.014923 -2001.056030 -168.410430> Eye Position <-272.014923 -2001.056030 -104.410430> Eye Angles <0.379028 48.491016 0.000000> Last Known Nav Area ID <257>
L 07/04/2026 - 19:24:59: [navbot_stuck_logger.smx] Bot "[NAV] Bot 17<68><BOT><>" got stuck [2] at <-272.025115 -2007.728271 -168.480499> Eye Position <-272.025115 -2007.728271 -140.480499> Eye Angles <-22.384643 32.313648 0.000000> Last Known Nav Area ID <257>
L 07/04/2026 - 19:25:01: [navbot_stuck_logger.smx] Bot "[NAV] Bot 3<72><BOT><>" got stuck [1] at <-227.595458 -1264.400512 152.031249> Eye Position <-227.595458 -1264.400512 216.031249> Eye Angles <32.541503 -130.089111 0.000000> Last Known Nav Area ID <808>
L 07/04/2026 - 19:25:02: [navbot_stuck_logger.smx] Bot "[NAV] Bot 3<72><BOT><>" got stuck [2] at <-231.968749 -1296.950317 183.788345> Eye Position <-231.968749 -1296.950317 211.788345> Eye Angles <33.953247 -97.698547 0.000000> Last Known Nav Area ID <808>
L 07/04/2026 - 19:25:08: [navbot_stuck_logger.smx] Bot "[NAV] Bot 3<72><BOT><>" got stuck [1] at <-231.989837 -1286.164184 183.788345> Eye Position <-231.989837 -1286.164184 247.788345> Eye Angles <36.677856 -148.699951 0.000000> Last Known Nav Area ID <808>
L 07/04/2026 - 19:25:09: [navbot_stuck_logger.smx] Bot "[NAV] Bot 3<72><BOT><>" got stuck [2] at <-231.989837 -1286.244018 183.788345> Eye Position <-231.989837 -1286.244018 247.788345> Eye Angles <34.343261 -158.719482 0.000000> Last Known Nav Area ID <808>
L 07/04/2026 - 19:25:10: [navbot_stuck_logger.smx] Bot "[NAV] Bot 12<71><BOT><>" got stuck [1] at <-227.968749 -1917.811767 -162.968749> Eye Position <-227.968749 -1917.811767 -98.968749> Eye Angles <-23.873291 90.351562 0.000000> Last Known Nav Area ID <786>
L 07/04/2026 - 19:25:10: [navbot_stuck_logger.smx] Bot "[NAV] Bot 3<72><BOT><>" got stuck [3] at <-231.989837 -1285.805908 183.788345> Eye Position <-231.989837 -1285.805908 247.788345> Eye Angles <33.316040 -165.866088 0.000000> Last Known Nav Area ID <808>
L 07/04/2026 - 19:25:11: [navbot_stuck_logger.smx] Bot "[NAV] Bot 12<71><BOT><>" got stuck [2] at <-260.812255 -1917.617065 -136.968749> Eye Position <-260.812255 -1917.617065 -108.968749> Eye Angles <-24.982910 87.462158 0.000000> Last Known Nav Area ID <786>
L 07/04/2026 - 19:25:11: [navbot_stuck_logger.smx] Bot "[NAV] Bot 3<72><BOT><>" got stuck [4] at <-231.989837 -1265.489135 186.805236> Eye Position <-231.989837 -1265.489135 250.805236> Eye Angles <30.640869 -177.083129 0.000000> Last Known Nav Area ID <808>
L 07/04/2026 - 19:25:12: [navbot_stuck_logger.smx] Bot "[NAV] Bot 3<72><BOT><>" got stuck [5] at <-231.986434 -1288.670410 183.788345> Eye Position <-231.986434 -1288.670410 247.788345> Eye Angles <38.177490 -105.194091 0.000000> Last Known Nav Area ID <808>
L 07/04/2026 - 19:25:14: [navbot_stuck_logger.smx] Bot "[NAV] Bot 3<72><BOT><>" got stuck [6] at <-231.986434 -1268.212890 186.805236> Eye Position <-231.986434 -1268.212890 250.805236> Eye Angles <39.188232 -117.498779 0.000000> Last Known Nav Area ID <808>
L 07/04/2026 - 19:25:15: [navbot_stuck_logger.smx] Bot "[NAV] Bot 3<72><BOT><>" got stuck [7] at <-231.996093 -1269.568969 186.805236> Eye Position <-231.996093 -1269.568969 250.805236> Eye Angles <39.138793 -132.445678 0.000000> Last Known Nav Area ID <808>
L 07/04/2026 - 19:25:16: [navbot_stuck_logger.smx] Bot "[NAV] Bot 3<72><BOT><>" got stuck [8] at <-231.968749 -1259.029907 186.805236> Eye Position <-231.968749 -1259.029907 250.805236> Eye Angles <37.776489 -145.634765 0.000000> Last Known Nav Area ID <808>
L 07/04/2026 - 19:25:17: [navbot_stuck_logger.smx] Bot "[NAV] Bot 3<72><BOT><>" got stuck [9] at <-231.998519 -1283.622314 183.788345> Eye Position <-231.998519 -1283.622314 247.788345> Eye Angles <34.985961 -157.983398 0.000000> Last Known Nav Area ID <808>
L 07/04/2026 - 19:25:18: [navbot_stuck_logger.smx] Bot "[NAV] Bot 3<72><BOT><>" got stuck [10] at <-231.998519 -1277.956665 186.805236> Eye Position <-231.998519 -1277.956665 250.805236> Eye Angles <24.104003 152.484741 0.000000> Last Known Nav Area ID <808>
L 07/04/2026 - 19:25:19: [navbot_stuck_logger.smx] Bot "[NAV] Bot 3<72><BOT><>" got stuck [11] at <-231.998519 -1265.839599 186.805236> Eye Position <-231.998519 -1265.839599 250.805236> Eye Angles <25.054321 149.699707 0.000000> Last Known Nav Area ID <808>
L 07/04/2026 - 19:25:20: [navbot_stuck_logger.smx] Bot "[NAV] Bot 3<72><BOT><>" got stuck [12] at <-231.981033 -1288.115600 183.788345> Eye Position <-231.981033 -1288.115600 247.788345> Eye Angles <26.883544 138.383789 0.000000> Last Known Nav Area ID <808>
L 07/04/2026 - 19:25:21: [navbot_stuck_logger.smx] Bot "[NAV] Bot 3<72><BOT><>" got stuck [13] at <-231.992691 -1260.575805 186.805236> Eye Position <-231.992691 -1260.575805 250.805236> Eye Angles <26.048583 130.962524 0.000000> Last Known Nav Area ID <808>
L 07/04/2026 - 19:25:22: [navbot_stuck_logger.smx] Bot "[NAV] Bot 3<72><BOT><>" got stuck [14] at <-230.115783 -1283.285888 183.788345> Eye Position <-230.115783 -1283.285888 247.788345> Eye Angles <21.917724 122.623901 0.000000> Last Known Nav Area ID <808>
L 07/04/2026 - 19:25:23: [navbot_stuck_logger.smx] Bot "[NAV] Bot 3<72><BOT><>" got stuck [15] at <-228.475036 -1278.003540 152.031249> Eye Position <-228.475036 -1278.003540 216.031249> Eye Angles <49.855957 -49.982299 0.000000> Last Known Nav Area ID <808>
L 07/04/2026 - 19:25:24: [navbot_stuck_logger.smx] Bot "[NAV] Bot 3<72><BOT><>" got stuck [16] at <-230.883468 -1268.381835 186.231506> Eye Position <-230.883468 -1268.381835 214.231506> Eye Angles <54.316406 -26.570434 0.000000> Last Known Nav Area ID <808>
L 07/04/2026 - 19:25:24: [navbot_stuck_logger.smx] Bot "[NAV] Bot 3<72><BOT><>" got stuck [1] at <-230.922225 -1271.533203 186.251907> Eye Position <-230.922225 -1271.533203 229.560913> Eye Angles <55.332641 -25.675048 0.000000> Last Known Nav Area ID <808>
L 07/04/2026 - 19:25:31: [navbot_stuck_logger.smx] Bot "[NAV] Bot 3<72><BOT><>" got stuck [1] at <-231.968749 -1283.934082 183.788345> Eye Position <-231.968749 -1283.934082 247.788345> Eye Angles <31.448364 83.578491 0.000000> Last Known Nav Area ID <808>
L 07/04/2026 - 19:25:32: [navbot_stuck_logger.smx] Bot "[NAV] Bot 3<72><BOT><>" got stuck [2] at <-231.968749 -1281.507446 183.788345> Eye Position <-231.968749 -1281.507446 247.788345> Eye Angles <33.673095 71.449584 0.000000> Last Known Nav Area ID <808>
L 07/04/2026 - 19:25:33: [navbot_stuck_logger.smx] Bot "[NAV] Bot 3<72><BOT><>" got stuck [3] at <-231.968749 -1283.902343 183.788345> Eye Position <-231.968749 -1283.902343 247.788345> Eye Angles <31.805419 81.161499 0.000000> Last Known Nav Area ID <808>
L 07/04/2026 - 19:25:34: [navbot_stuck_logger.smx] Bot "[NAV] Bot 3<72><BOT><>" got stuck [4] at <-231.999954 -1255.492431 186.805236> Eye Position <-231.999954 -1255.492431 250.805236> Eye Angles <33.480834 80.842895 0.000000> Last Known Nav Area ID <808>
L 07/04/2026 - 19:25:50: [navbot_stuck_logger.smx] Bot "[NAV] Bot 2<75><BOT><>" got stuck [1] at <-783.968749 374.938995 -127.968749> Eye Position <-783.968749 374.938995 -63.968749> Eye Angles <-8.316650 -67.697753 0.000000> Last Known Nav Area ID <736>
L 07/04/2026 - 19:25:51: [navbot_stuck_logger.smx] Bot "[NAV] Bot 2<75><BOT><>" got stuck [2] at <-828.034057 360.744903 -98.748748> Eye Position <-828.034057 360.744903 -70.748748> Eye Angles <-8.679199 -62.468261 0.000000> Last Known Nav Area ID <754>
L 07/04/2026 - 19:26:00: [navbot_stuck_logger.smx] Bot "[NAV] Bot 13<74><BOT><>" got stuck [1] at <-783.976867 381.907897 -127.968749> Eye Position <-783.976867 381.907897 -63.968749> Eye Angles <-8.184814 -67.736206 0.000000> Last Known Nav Area ID <736>
L 07/04/2026 - 19:26:00: [navbot_stuck_logger.smx] Bot "[NAV] Bot 15<69><BOT><>" got stuck [1] at <-783.968749 378.687072 -127.968749> Eye Position <-783.968749 378.687072 -63.968749> Eye Angles <-8.228759 -67.615356 0.000000> Last Known Nav Area ID <736>
L 07/04/2026 - 19:26:21: [navbot_stuck_logger.smx] Bot "[NAV] Bot 2<75><BOT><>" got stuck [1] at <-821.031249 366.913635 -126.569412> Eye Position <-821.031249 366.913635 -62.569412> Eye Angles <-7.739868 -63.023071 0.000000> Last Known Nav Area ID <754>
L 07/04/2026 - 19:26:29: [navbot_stuck_logger.smx] Bot "[NAV] Bot 2<75><BOT><>" got stuck [1] at <-821.000244 335.325012 -127.261093> Eye Position <-821.000244 335.325012 -63.261093> Eye Angles <-8.272705 -61.133422 0.000000> Last Known Nav Area ID <753>
L 07/04/2026 - 19:26:30: [navbot_stuck_logger.smx] Bot "[NAV] Bot 2<75><BOT><>" got stuck [2] at <-792.673583 321.377410 -94.968749> Eye Position <-792.673583 321.377410 -66.968749> Eye Angles <0.000000 11.939501 0.000000> Last Known Nav Area ID <735>
L 07/04/2026 - 19:26:40: [navbot_stuck_logger.smx] Bot "[NAV] Bot 13<74><BOT><>" got stuck [1] at <-821.031249 340.175262 -127.425148> Eye Position <-821.031249 340.175262 -63.425148> Eye Angles <-1.538085 -12.510803 0.000000> Last Known Nav Area ID <753>
L 07/04/2026 - 19:26:41: [navbot_stuck_logger.smx] Bot "[NAV] Bot 15<69><BOT><>" got stuck [1] at <-821.030334 327.188171 -125.970642> Eye Position <-821.030334 327.188171 -61.970642> Eye Angles <-0.390014 9.736523 0.000000> Last Known Nav Area ID <753>
L 07/04/2026 - 19:26:48: [navbot_stuck_logger.smx] Bot "[NAV] Bot 13<74><BOT><>" got stuck [1] at <-821.031677 316.191772 -124.221389> Eye Position <-821.031677 316.191772 -60.221389> Eye Angles <1.213989 -50.869567 0.000000> Last Known Nav Area ID <753>
L 07/04/2026 - 19:26:49: [navbot_stuck_logger.smx] Bot "[NAV] Bot 13<74><BOT><>" got stuck [2] at <-779.397338 296.925109 -97.803749> Eye Position <-779.397338 296.925109 -69.803749> Eye Angles <-0.560302 59.551391 0.000000> Last Known Nav Area ID <735>
L 07/04/2026 - 19:26:49: [navbot_stuck_logger.smx] Bot "[NAV] Bot 15<69><BOT><>" got stuck [1] at <-821.031249 321.192993 -125.023666> Eye Position <-821.031249 321.192993 -61.023666> Eye Angles <0.000000 0.005493 0.000000> Last Known Nav Area ID <753>
L 07/04/2026 - 19:26:50: [navbot_stuck_logger.smx] Bot "[NAV] Bot 15<69><BOT><>" got stuck [2] at <-787.774230 338.912750 -94.968749> Eye Position <-787.774230 338.912750 -66.968749> Eye Angles <0.000000 50.482177 0.000000> Last Known Nav Area ID <735>
L 07/04/2026 - 19:27:29: [navbot_stuck_logger.smx] Bot "[NAV] Bot 1<76><BOT><>" got stuck [1] at <-567.921997 -294.569488 205.031249> Eye Position <-567.921997 -294.569488 233.031249> Eye Angles <44.044189 -44.044189 0.000000> Last Known Nav Area ID <697>
L 07/04/2026 - 19:27:30: [navbot_stuck_logger.smx] Bot "[NAV] Bot 1<76><BOT><>" got stuck [2] at <-623.751281 -301.598632 228.031249> Eye Position <-623.751281 -301.598632 256.031249> Eye Angles <35.678100 -35.590209 0.000000> Last Known Nav Area ID <359>
L 07/04/2026 - 19:27:40: [navbot_stuck_logger.smx] Bot "[NAV] Bot 6<70><BOT><>" got stuck [1] at <-233.748931 -1877.984497 -162.968749> Eye Position <-233.748931 -1877.984497 -98.968749> Eye Angles <0.000000 -151.855667 0.000000> Last Known Nav Area ID <148>
L 07/04/2026 - 19:27:41: [navbot_stuck_logger.smx] Bot "[NAV] Bot 6<70><BOT><>" got stuck [2] at <-235.823608 -1917.582519 -136.969314> Eye Position <-235.823608 -1917.582519 -108.969314> Eye Angles <0.000000 -137.977294 0.000000> Last Known Nav Area ID <786>
L 07/04/2026 - 19:27:49: [navbot_stuck_logger.smx] Bot "[NAV] Bot 1<76><BOT><>" got stuck [1] at <-566.437988 -296.639923 205.031249> Eye Position <-566.437988 -296.639923 233.031249> Eye Angles <0.000000 -179.491775 0.000000> Last Known Nav Area ID <697>
L 07/04/2026 - 19:27:50: [navbot_stuck_logger.smx] Bot "[NAV] Bot 1<76><BOT><>" got stuck [2] at <-627.710266 -291.051696 228.031249> Eye Position <-627.710266 -291.051696 256.031249> Eye Angles <0.000000 -171.826171 0.000000> Last Known Nav Area ID <359>
L 07/04/2026 - 19:28:05: [navbot_stuck_logger.smx] Bot "[NAV] Bot 2<75><BOT><>" got stuck [1] at <-227.998764 -2101.628662 -162.968749> Eye Position <-227.998764 -2101.628662 -98.968749> Eye Angles <-16.528930 77.415161 0.000000> Last Known Nav Area ID <803>
L 07/04/2026 - 19:28:17: [navbot_stuck_logger.smx] Bot "[NAV] Bot 2<75><BOT><>" got stuck [1] at <-227.968749 -2083.686523 -162.968749> Eye Position <-227.968749 -2083.686523 -98.968749> Eye Angles <-15.161132 93.554077 0.000000> Last Known Nav Area ID <803>
L 07/04/2026 - 19:28:20: [navbot_stuck_logger.smx] Bot "[NAV] Bot 15<69><BOT><>" got stuck [1] at <88.004219 -1280.919677 -0.968749> Eye Position <88.004219 -1280.919677 63.031249> Eye Angles <6.410522 -128.007202 0.000000> Last Known Nav Area ID <150>
L 07/04/2026 - 19:28:23: [navbot_stuck_logger.smx] Bot "[NAV] Bot 13<74><BOT><>" got stuck [1] at <-143.230499 -1355.891235 -14.769508> Eye Position <-143.230499 -1355.891235 49.230491> Eye Angles <23.664550 -145.338134 0.000000> Last Known Nav Area ID <54>
L 07/04/2026 - 19:28:29: [navbot_stuck_logger.smx] Bot "[NAV] Bot 15<69><BOT><>" got stuck [1] at <110.023712 -1233.833374 -0.968749> Eye Position <110.023712 -1233.833374 63.031249> Eye Angles <21.461791 56.881713 0.000000> Last Known Nav Area ID <99>
L 07/04/2026 - 19:28:31: [navbot_stuck_logger.smx] Bot "[NAV] Bot 3<72><BOT><>" got stuck [1] at <-589.736572 -30.580219 -167.968749> Eye Position <-589.736572 -30.580219 -103.968749> Eye Angles <-12.403564 -90.252685 0.000000> Last Known Nav Area ID <231>
L 07/04/2026 - 19:28:32: [navbot_stuck_logger.smx] Bot "[NAV] Bot 3<72><BOT><>" got stuck [2] at <-609.845825 -33.719875 -167.968749> Eye Position <-609.845825 -33.719875 -139.968749> Eye Angles <-15.106201 -99.102172 0.000000> Last Known Nav Area ID <231>
L 07/04/2026 - 19:28:35: [navbot_stuck_logger.smx] Bot "[NAV] Bot 13<74><BOT><>" got stuck [1] at <-153.973052 -1358.420776 -31.968751> Eye Position <-153.973052 -1358.420776 32.031249> Eye Angles <0.000000 -136.362304 0.000000> Last Known Nav Area ID <54>
L 07/04/2026 - 19:28:39: [navbot_stuck_logger.smx] Bot "[NAV] Bot 3<72><BOT><>" got stuck [1] at <-605.604248 -13.573947 -167.968749> Eye Position <-605.604248 -13.573947 -103.968749> Eye Angles <-4.246215 -110.006103 0.000000> Last Known Nav Area ID <475>
L 07/04/2026 - 19:28:39: [navbot_stuck_logger.smx] Bot "[NAV] Bot 17<68><BOT><>" got stuck [1] at <-1046.253906 -734.539306 -30.968749> Eye Position <-1046.253906 -734.539306 33.031249> Eye Angles <0.000000 93.650100 0.000000> Last Known Nav Area ID <277>
L 07/04/2026 - 19:28:40: [navbot_stuck_logger.smx] Bot "[NAV] Bot 3<72><BOT><>" got stuck [2] at <-584.564270 25.420524 -167.968749> Eye Position <-584.564270 25.420524 -139.968749> Eye Angles <-7.399291 -115.120239 0.000000> Last Known Nav Area ID <135>
L 07/04/2026 - 19:28:40: [navbot_stuck_logger.smx] Bot "[NAV] Bot 17<68><BOT><>" got stuck [2] at <-1041.237182 -733.998962 -30.968749> Eye Position <-1041.237182 -733.998962 33.031249> Eye Angles <15.265502 38.221435 0.000000> Last Known Nav Area ID <277>
L 07/04/2026 - 19:28:41: [navbot_stuck_logger.smx] Bot "[NAV] Bot 17<68><BOT><>" got stuck [3] at <-1040.948974 -733.998962 -30.968749> Eye Position <-1040.948974 -733.998962 33.031249> Eye Angles <15.128173 24.812622 0.000000> Last Known Nav Area ID <277>
L 07/04/2026 - 19:28:42: [navbot_stuck_logger.smx] Bot "[NAV] Bot 17<68><BOT><>" got stuck [4] at <-1028.062133 -733.998962 -30.968749> Eye Position <-1028.062133 -733.998962 33.031249> Eye Angles <14.172363 17.630420 0.000000> Last Known Nav Area ID <115>
L 07/04/2026 - 19:28:43: [navbot_stuck_logger.smx] Bot "[NAV] Bot 17<68><BOT><>" got stuck [5] at <-1046.386474 -733.998962 -30.968749> Eye Position <-1046.386474 -733.998962 33.031249> Eye Angles <14.760131 29.245605 0.000000> Last Known Nav Area ID <277>
L 07/04/2026 - 19:28:45: [navbot_stuck_logger.smx] Bot "[NAV] Bot 17<68><BOT><>" got stuck [6] at <-1041.152954 -733.998962 -30.968749> Eye Position <-1041.152954 -733.998962 33.031249> Eye Angles <14.924926 17.171630 0.000000> Last Known Nav Area ID <277>
L 07/04/2026 - 19:28:46: [navbot_stuck_logger.smx] Bot "[NAV] Bot 17<68><BOT><>" got stuck [7] at <-1027.687866 -733.998962 -30.968749> Eye Position <-1027.687866 -733.998962 33.031249> Eye Angles <14.232788 12.963867 0.000000> Last Known Nav Area ID <277>
L 07/04/2026 - 19:28:47: [navbot_stuck_logger.smx] Bot "[NAV] Bot 17<68><BOT><>" got stuck [8] at <-1046.900024 -734.166809 -30.968749> Eye Position <-1046.900024 -734.166809 33.031249> Eye Angles <0.000000 76.291702 0.000000> Last Known Nav Area ID <277>
L 07/04/2026 - 19:28:47: [navbot_stuck_logger.smx] Bot "[NAV] Bot 15<69><BOT><>" got stuck [1] at <-225.935852 -2085.716308 -162.968749> Eye Position <-225.935852 -2085.716308 -98.968749> Eye Angles <0.000000 177.003585 0.000000> Last Known Nav Area ID <803>
L 07/04/2026 - 19:28:48: [navbot_stuck_logger.smx] Bot "[NAV] Bot 17<68><BOT><>" got stuck [9] at <-1028.273925 -735.944213 -30.968749> Eye Position <-1028.273925 -735.944213 33.031249> Eye Angles <0.000000 70.699874 0.000000> Last Known Nav Area ID <115>
L 07/04/2026 - 19:28:48: [navbot_stuck_logger.smx] Bot "[NAV] Bot 15<69><BOT><>" got stuck [2] at <-234.260528 -2107.659179 -137.178756> Eye Position <-234.260528 -2107.659179 -109.178756> Eye Angles <72.350463 -157.469680 0.000000> Last Known Nav Area ID <600>
L 07/04/2026 - 19:28:49: [navbot_stuck_logger.smx] Bot "[NAV] Bot 17<68><BOT><>" got stuck [10] at <-1029.265014 -734.031860 -30.968749> Eye Position <-1029.265014 -734.031860 33.031249> Eye Angles <0.000000 38.108715 0.000000> Last Known Nav Area ID <277>
L 07/04/2026 - 19:28:50: [navbot_stuck_logger.smx] Bot "[NAV] Bot 13<74><BOT><>" got stuck [1] at <-219.660644 -2071.931396 -162.968749> Eye Position <-219.660644 -2071.931396 -98.968749> Eye Angles <1.609497 68.703002 0.000000> Last Known Nav Area ID <148>
L 07/04/2026 - 19:28:50: [navbot_stuck_logger.smx] Bot "[NAV] Bot 17<68><BOT><>" got stuck [11] at <-1046.057373 -733.997192 -30.968749> Eye Position <-1046.057373 -733.997192 33.031249> Eye Angles <0.000000 75.714920 0.000000> Last Known Nav Area ID <277>
L 07/04/2026 - 19:28:51: [navbot_stuck_logger.smx] Bot "[NAV] Bot 17<68><BOT><>" got stuck [12] at <-1026.780273 -736.275756 -30.968749> Eye Position <-1026.780273 -736.275756 33.031249> Eye Angles <0.000000 72.825729 0.000000> Last Known Nav Area ID <115>
L 07/04/2026 - 19:28:52: [navbot_stuck_logger.smx] Bot "[NAV] Bot 17<68><BOT><>" got stuck [13] at <-1047.029174 -733.998962 -30.968749> Eye Position <-1047.029174 -733.998962 33.031249> Eye Angles <-1.109619 87.157180 0.000000> Last Known Nav Area ID <277>
L 07/04/2026 - 19:28:53: [navbot_stuck_logger.smx] Bot "[NAV] Bot 17<68><BOT><>" got stuck [14] at <-1026.745239 -738.288513 -30.968749> Eye Position <-1026.745239 -738.288513 33.031249> Eye Angles <0.000000 81.565353 0.000000> Last Known Nav Area ID <115>
L 07/04/2026 - 19:28:54: [navbot_stuck_logger.smx] Bot "[NAV] Bot 17<68><BOT><>" got stuck [15] at <-1047.966796 -733.998962 -30.968749> Eye Position <-1047.966796 -733.998962 33.031249> Eye Angles <0.000000 86.772659 0.000000> Last Known Nav Area ID <277>
L 07/04/2026 - 19:28:55: [navbot_stuck_logger.smx] Bot "[NAV] Bot 17<68><BOT><>" got stuck [16] at <-1026.206420 -738.185607 -30.968749> Eye Position <-1026.206420 -738.185607 33.031249> Eye Angles <0.000000 81.180831 0.000000> Last Known Nav Area ID <115>
L 07/04/2026 - 19:28:55: [navbot_stuck_logger.smx] Bot "[NAV] Bot 17<68><BOT><>" got stuck [1] at <-1039.244873 -737.508239 -30.968749> Eye Position <-1039.244873 -737.508239 33.031249> Eye Angles <0.000000 100.060836 0.000000> Last Known Nav Area ID <277>
L 07/04/2026 - 19:28:56: [navbot_stuck_logger.smx] Bot "[NAV] Bot 17<68><BOT><>" got stuck [2] at <-1041.482788 -733.998962 -30.968749> Eye Position <-1041.482788 -733.998962 33.031249> Eye Angles <0.000000 67.469680 0.000000> Last Known Nav Area ID <277>
L 07/04/2026 - 19:28:57: [navbot_stuck_logger.smx] Bot "[NAV] Bot 17<68><BOT><>" got stuck [3] at <-1044.755981 -734.082519 -30.968749> Eye Position <-1044.755981 -734.082519 33.031249> Eye Angles <0.000000 99.676315 0.000000> Last Known Nav Area ID <277>
L 07/04/2026 - 19:28:58: [navbot_stuck_logger.smx] Bot "[NAV] Bot 17<68><BOT><>" got stuck [4] at <-1041.504638 -733.998962 -30.968749> Eye Position <-1041.504638 -733.998962 33.031249> Eye Angles <0.000000 67.085159 0.000000> Last Known Nav Area ID <277>
L 07/04/2026 - 19:28:59: [navbot_stuck_logger.smx] Bot "[NAV] Bot 17<68><BOT><>" got stuck [5] at <-1044.629394 -734.085632 -30.968749> Eye Position <-1044.629394 -734.085632 33.031249> Eye Angles <0.000000 99.291793 0.000000> Last Known Nav Area ID <277>
L 07/04/2026 - 19:29:00: [navbot_stuck_logger.smx] Bot "[NAV] Bot 17<68><BOT><>" got stuck [6] at <-1046.810546 -733.998962 -30.968749> Eye Position <-1046.810546 -733.998962 33.031249> Eye Angles <0.000000 66.700637 0.000000> Last Known Nav Area ID <277>
L 07/04/2026 - 19:29:01: [navbot_stuck_logger.smx] Bot "[NAV] Bot 17<68><BOT><>" got stuck [7] at <-1044.972290 -733.998962 -30.968749> Eye Position <-1044.972290 -733.998962 33.031249> Eye Angles <0.000000 98.907272 0.000000> Last Known Nav Area ID <277>
L 07/04/2026 - 19:29:02: [navbot_stuck_logger.smx] Bot "[NAV] Bot 17<68><BOT><>" got stuck [8] at <-1052.990112 -733.998962 -30.968749> Eye Position <-1052.990112 -733.998962 33.031249> Eye Angles <17.545166 -2.230224 0.000000> Last Known Nav Area ID <277>
L 07/04/2026 - 19:29:04: [navbot_stuck_logger.smx] Bot "[NAV] Bot 17<68><BOT><>" got stuck [9] at <-1036.186767 -733.998962 -30.968749> Eye Position <-1036.186767 -733.998962 33.031249> Eye Angles <0.000000 26.284790 0.000000> Last Known Nav Area ID <277>
L 07/04/2026 - 19:29:05: [navbot_stuck_logger.smx] Bot "[NAV] Bot 17<68><BOT><>" got stuck [10] at <-1044.700317 -733.998962 -30.968749> Eye Position <-1044.700317 -733.998962 33.031249> Eye Angles <0.000000 63.899120 0.000000> Last Known Nav Area ID <277>
