L 07/04/2026 - 19:30:58: [navbot_stuck_logger.smx] Bot "[NAV] Bot 17<84><BOT><>" got stuck [1] at <2921.930664 285.837768 216.632095> Eye Position <2921.930664 285.837768 280.632080> Eye Angles <35.093189 95.017898 0.000000> Last Known Nav Area ID <2191>
L 07/04/2026 - 19:30:59: [navbot_stuck_logger.smx] Bot "[NAV] Bot 17<84><BOT><>" got stuck [2] at <2916.166503 345.348571 216.681259> Eye Position <2916.166503 345.348571 280.681274> Eye Angles <35.897827 -68.999633 0.000000> Last Known Nav Area ID <2191>
L 07/04/2026 - 19:31:10: [navbot_stuck_logger.smx] Bot "[NAV] Bot 10<80><BOT><>" got stuck [1] at <733.755126 350.031249 192.031249> Eye Position <733.755126 350.031249 220.031249> Eye Angles <-32.590942 -89.862670 0.000000> Last Known Nav Area ID <153>
L 07/04/2026 - 19:31:11: [navbot_stuck_logger.smx] Bot "[NAV] Bot 10<80><BOT><>" got stuck [2] at <733.804016 350.031249 192.031249> Eye Position <733.804016 350.031249 220.031249> Eye Angles <-32.590942 -89.972534 0.000000> Last Known Nav Area ID <153>
L 07/04/2026 - 19:31:12: [navbot_stuck_logger.smx] Bot "[NAV] Bot 10<80><BOT><>" got stuck [3] at <734.428955 350.031249 192.031249> Eye Position <734.428955 350.031249 220.031249> Eye Angles <-32.590942 -76.511657 0.000000> Last Known Nav Area ID <153>
L 07/04/2026 - 19:31:13: [navbot_stuck_logger.smx] Bot "[NAV] Bot 10<80><BOT><>" got stuck [4] at <734.590515 350.031249 192.031249> Eye Position <734.590515 350.031249 220.031249> Eye Angles <-32.590942 -89.785766 0.000000> Last Known Nav Area ID <153>
L 07/04/2026 - 19:31:14: [navbot_stuck_logger.smx] Bot "[NAV] Bot 10<80><BOT><>" got stuck [5] at <734.657653 350.031249 192.031249> Eye Position <734.657653 350.031249 220.031249> Eye Angles <-32.590942 -89.939575 0.000000> Last Known Nav Area ID <153>
L 07/04/2026 - 19:31:15: [navbot_stuck_logger.smx] Bot "[NAV] Bot 10<80><BOT><>" got stuck [6] at <734.693481 350.031249 192.031249> Eye Position <734.693481 350.031249 220.031249> Eye Angles <-32.590942 -90.021972 0.000000> Last Known Nav Area ID <153>
L 07/04/2026 - 19:31:16: [navbot_stuck_logger.smx] Bot "[NAV] Bot 10<80><BOT><>" got stuck [7] at <734.679565 350.031249 192.031249> Eye Position <734.679565 350.031249 220.031249> Eye Angles <-32.590942 -89.989013 0.000000> Last Known Nav Area ID <153>
L 07/04/2026 - 19:31:17: [navbot_stuck_logger.smx] Bot "[NAV] Bot 10<80><BOT><>" got stuck [8] at <733.737976 350.031249 192.031249> Eye Position <733.737976 350.031249 220.031249> Eye Angles <-32.579956 -87.184875 0.000000> Last Known Nav Area ID <153>
L 07/04/2026 - 19:31:18: [navbot_stuck_logger.smx] Bot "[NAV] Bot 10<80><BOT><>" got stuck [9] at <734.047546 350.031249 192.031249> Eye Position <734.047546 350.031249 220.031249> Eye Angles <-32.585449 -88.901367 0.000000> Last Known Nav Area ID <153>
L 07/04/2026 - 19:31:19: [navbot_stuck_logger.smx] Bot "[NAV] Bot 10<80><BOT><>" got stuck [10] at <734.707580 350.031249 192.031249> Eye Position <734.707580 350.031249 220.031249> Eye Angles <18.814086 -26.163940 0.000000> Last Known Nav Area ID <153>
L 07/04/2026 - 19:31:20: [navbot_stuck_logger.smx] Bot "[NAV] Bot 10<80><BOT><>" got stuck [11] at <739.141113 350.031249 192.031249> Eye Position <739.141113 350.031249 220.031249> Eye Angles <17.407836 -30.217895 0.000000> Last Known Nav Area ID <153>
L 07/04/2026 - 19:31:21: [navbot_stuck_logger.smx] Bot "[NAV] Bot 10<80><BOT><>" got stuck [12] at <741.693237 350.031249 192.031249> Eye Position <741.693237 350.031249 220.031249> Eye Angles <-32.590942 -54.033630 0.000000> Last Known Nav Area ID <153>
L 07/04/2026 - 19:31:22: [navbot_stuck_logger.smx] Bot "[NAV] Bot 9<81><BOT><>" got stuck [1] at <-234.962936 2054.124023 34.031249> Eye Position <-234.962936 2054.124023 98.031249> Eye Angles <5.954589 -18.762023 0.000000> Last Known Nav Area ID <2535>
L 07/04/2026 - 19:31:22: [navbot_stuck_logger.smx] Bot "[NAV] Bot 10<80><BOT><>" got stuck [13] at <740.948852 350.031249 192.031249> Eye Position <740.948852 350.031249 220.031249> Eye Angles <-32.579956 -88.566284 0.000000> Last Known Nav Area ID <153>
L 07/04/2026 - 19:31:23: [navbot_stuck_logger.smx] Bot "[NAV] Bot 9<81><BOT><>" got stuck [2] at <-173.794891 2041.870605 32.031249> Eye Position <-173.794891 2041.870605 60.031249> Eye Angles <17.091869 11.280322 0.000000> Last Known Nav Area ID <2534>
L 07/04/2026 - 19:31:23: [navbot_stuck_logger.smx] Bot "[NAV] Bot 10<80><BOT><>" got stuck [14] at <741.195617 350.031249 192.031249> Eye Position <741.195617 350.031249 220.031249> Eye Angles <-32.585449 -89.132080 0.000000> Last Known Nav Area ID <153>
L 07/04/2026 - 19:31:25: [navbot_stuck_logger.smx] Bot "[NAV] Bot 10<80><BOT><>" got stuck [15] at <741.355102 350.031249 192.031249> Eye Position <741.355102 350.031249 220.031249> Eye Angles <-32.590942 -89.500122 0.000000> Last Known Nav Area ID <153>
L 07/04/2026 - 19:31:26: [navbot_stuck_logger.smx] Bot "[NAV] Bot 10<80><BOT><>" got stuck [16] at <741.465026 350.031249 192.031249> Eye Position <741.465026 350.031249 220.031249> Eye Angles <-32.590942 -89.752807 0.000000> Last Known Nav Area ID <153>
L 07/04/2026 - 19:31:26: [navbot_stuck_logger.smx] Bot "[NAV] Bot 10<80><BOT><>" got stuck [1] at <741.473083 350.031249 192.031249> Eye Position <741.473083 350.031249 220.031249> Eye Angles <-32.590942 -89.774780 0.000000> Last Known Nav Area ID <153>
L 07/04/2026 - 19:31:27: [navbot_stuck_logger.smx] Bot "[NAV] Bot 10<80><BOT><>" got stuck [2] at <741.544189 350.031249 192.031249> Eye Position <741.544189 350.031249 220.031249> Eye Angles <-32.590942 -89.934082 0.000000> Last Known Nav Area ID <153>
L 07/04/2026 - 19:32:34: [navbot_stuck_logger.smx] Bot "[NAV] Bot 14<96><BOT><>" got stuck [1] at <-176.983337 2048.269775 32.031249> Eye Position <-176.983337 2048.269775 96.031249> Eye Angles <-1.417236 10.585327 0.000000> Last Known Nav Area ID <2534>
L 07/04/2026 - 19:32:44: [navbot_stuck_logger.smx] Bot "[NAV] Bot 9<95><BOT><>" got stuck [1] at <562.021972 193.768112 0.031249> Eye Position <562.021972 193.768112 64.031249> Eye Angles <5.163574 -34.681213 0.000000> Last Known Nav Area ID <1383>
L 07/04/2026 - 19:32:45: [navbot_stuck_logger.smx] Bot "[NAV] Bot 9<95><BOT><>" got stuck [2] at <565.982238 199.905715 0.031249> Eye Position <565.982238 199.905715 64.031249> Eye Angles <5.397143 1.672558 0.000000> Last Known Nav Area ID <1383>
L 07/04/2026 - 19:32:46: [navbot_stuck_logger.smx] Bot "[NAV] Bot 9<95><BOT><>" got stuck [3] at <567.734558 194.863494 0.031249> Eye Position <567.734558 194.863494 64.031249> Eye Angles <5.624999 34.192310 0.000000> Last Known Nav Area ID <1383>
L 07/04/2026 - 19:32:47: [navbot_stuck_logger.smx] Bot "[NAV] Bot 9<95><BOT><>" got stuck [4] at <570.379333 212.212295 -7.968749> Eye Position <570.379333 212.212295 56.031249> Eye Angles <4.647216 125.013427 0.000000> Last Known Nav Area ID <1383>
L 07/04/2026 - 19:32:48: [navbot_stuck_logger.smx] Bot "[NAV] Bot 9<95><BOT><>" got stuck [5] at <568.932128 199.407196 0.031249> Eye Position <568.932128 199.407196 64.031249> Eye Angles <4.504394 119.756469 0.000000> Last Known Nav Area ID <1383>
L 07/04/2026 - 19:32:49: [navbot_stuck_logger.smx] Bot "[NAV] Bot 9<95><BOT><>" got stuck [6] at <552.261413 204.851211 -7.968749> Eye Position <552.261413 204.851211 56.031249> Eye Angles <0.000000 173.976852 0.000000> Last Known Nav Area ID <1383>
L 07/04/2026 - 19:32:50: [navbot_stuck_logger.smx] Bot "[NAV] Bot 9<95><BOT><>" got stuck [7] at <554.552551 196.913253 0.031249> Eye Position <554.552551 196.913253 64.031249> Eye Angles <5.130615 -148.219192 0.000000> Last Known Nav Area ID <1383>
L 07/04/2026 - 19:32:51: [navbot_stuck_logger.smx] Bot "[NAV] Bot 9<95><BOT><>" got stuck [8] at <559.565856 199.675659 0.031249> Eye Position <559.565856 199.675659 64.031249> Eye Angles <0.000000 179.464309 0.000000> Last Known Nav Area ID <1383>
L 07/04/2026 - 19:32:52: [navbot_stuck_logger.smx] Bot "[NAV] Bot 9<95><BOT><>" got stuck [9] at <561.551757 196.734481 0.031249> Eye Position <561.551757 196.734481 64.031249> Eye Angles <0.000000 141.534011 0.000000> Last Known Nav Area ID <1383>
L 07/04/2026 - 19:32:53: [navbot_stuck_logger.smx] Bot "[NAV] Bot 9<95><BOT><>" got stuck [10] at <545.461364 211.801010 -7.968749> Eye Position <545.461364 211.801010 56.031249> Eye Angles <-6.278686 -77.184448 0.000000> Last Known Nav Area ID <1384>
L 07/04/2026 - 19:32:54: [navbot_stuck_logger.smx] Bot "[NAV] Bot 9<95><BOT><>" got stuck [11] at <553.663513 195.910095 0.031249> Eye Position <553.663513 195.910095 64.031249> Eye Angles <0.000000 -63.629943 0.000000> Last Known Nav Area ID <1383>
L 07/04/2026 - 19:32:55: [navbot_stuck_logger.smx] Bot "[NAV] Bot 9<95><BOT><>" got stuck [12] at <570.899963 212.975112 -7.968749> Eye Position <570.899963 212.975112 56.031249> Eye Angles <-16.174743 14.532275 0.000000> Last Known Nav Area ID <1383>
L 07/04/2026 - 19:32:56: [navbot_stuck_logger.smx] Bot "[NAV] Bot 9<95><BOT><>" got stuck [13] at <559.988159 210.357498 -7.968749> Eye Position <559.988159 210.357498 56.031249> Eye Angles <0.000000 -31.105163 0.000000> Last Known Nav Area ID <1383>
L 07/04/2026 - 19:32:57: [navbot_stuck_logger.smx] Bot "[NAV] Bot 9<95><BOT><>" got stuck [14] at <571.968749 210.789886 -7.968749> Eye Position <571.968749 210.789886 56.031249> Eye Angles <16.836547 -78.085327 0.000000> Last Known Nav Area ID <1383>
L 07/04/2026 - 19:32:58: [navbot_stuck_logger.smx] Bot "[NAV] Bot 9<95><BOT><>" got stuck [15] at <556.129028 195.014099 0.031249> Eye Position <556.129028 195.014099 64.031249> Eye Angles <16.023559 -64.396362 0.000000> Last Known Nav Area ID <1383>
L 07/04/2026 - 19:32:59: [navbot_stuck_logger.smx] Bot "[NAV] Bot 9<95><BOT><>" got stuck [16] at <568.058959 190.387252 8.031249> Eye Position <568.058959 190.387252 72.031249> Eye Angles <15.617065 -62.611083 0.000000> Last Known Nav Area ID <1383>
L 07/04/2026 - 19:33:00: [navbot_stuck_logger.smx] Bot "[NAV] Bot 9<95><BOT><>" got stuck [1] at <571.968749 201.341430 0.031249> Eye Position <571.968749 201.341430 64.031249> Eye Angles <15.600585 -62.902221 0.000000> Last Known Nav Area ID <1383>
L 07/04/2026 - 19:33:01: [navbot_stuck_logger.smx] Bot "[NAV] Bot 9<95><BOT><>" got stuck [2] at <558.728454 197.312179 0.031249> Eye Position <558.728454 197.312179 64.031249> Eye Angles <8.094286 -60.015686 0.000000> Last Known Nav Area ID <1383>
L 07/04/2026 - 19:34:31: [navbot_stuck_logger.smx] Bot "[NAV] Bot 14<96><BOT><>" got stuck [1] at <-296.132202 2048.121337 0.031249> Eye Position <-296.132202 2048.121337 64.031249> Eye Angles <5.059204 -46.906127 0.000000> Last Known Nav Area ID <44>
L 07/04/2026 - 19:34:32: [navbot_stuck_logger.smx] Bot "[NAV] Bot 14<96><BOT><>" got stuck [2] at <-295.008941 2023.584106 32.031249> Eye Position <-295.008941 2023.584106 60.031249> Eye Angles <0.000000 2.504882 0.000000> Last Known Nav Area ID <2536>
L 07/04/2026 - 19:34:40: [navbot_stuck_logger.smx] Bot "[NAV] Bot 14<96><BOT><>" got stuck [1] at <-296.006469 2045.496337 0.031249> Eye Position <-296.006469 2045.496337 64.031249> Eye Angles <7.586059 -64.017333 0.000000> Last Known Nav Area ID <44>
L 07/04/2026 - 19:34:41: [navbot_stuck_logger.smx] Bot "[NAV] Bot 14<96><BOT><>" got stuck [2] at <-295.008941 2015.709960 32.031249> Eye Position <-295.008941 2015.709960 60.031249> Eye Angles <10.469970 -49.141845 0.000000> Last Known Nav Area ID <2536>
L 07/04/2026 - 19:35:27: [navbot_stuck_logger.smx] Bot "[NAV] Bot 11<97><BOT><>" got stuck [1] at <557.716613 -89.295356 32.031249> Eye Position <557.716613 -89.295356 96.031249> Eye Angles <6.520385 95.808914 0.000000> Last Known Nav Area ID <2119>
L 07/04/2026 - 19:35:27: [navbot_stuck_logger.smx] Bot "[NAV] Bot 4<93><BOT><>" got stuck [1] at <550.950378 -63.236755 32.031249> Eye Position <550.950378 -63.236755 96.031249> Eye Angles <7.272949 87.072143 0.000000> Last Known Nav Area ID <2119>
L 07/04/2026 - 19:35:28: [navbot_stuck_logger.smx] Bot "[NAV] Bot 11<97><BOT><>" got stuck [2] at <465.912536 -56.462505 32.031272> Eye Position <465.912536 -56.462505 96.031272> Eye Angles <6.866455 65.050048 0.000000> Last Known Nav Area ID <2120>
L 07/04/2026 - 19:36:24: [navbot_stuck_logger.smx] Bot "[NAV] Bot 14<99><BOT><>" got stuck [1] at <300.254180 -707.230895 5.076671> Eye Position <300.254180 -707.230895 69.076675> Eye Angles <-0.362548 5.504150 0.000000> Last Known Nav Area ID <194>
L 07/04/2026 - 19:37:37: [navbot_stuck_logger.smx] Bot "[NAV] Bot 17<101><BOT><>" got stuck [1] at <-593.845275 1342.198852 16.031249> Eye Position <-593.845275 1342.198852 80.031249> Eye Angles <7.212524 125.469360 0.000000> Last Known Nav Area ID <393>
L 07/04/2026 - 19:37:38: [navbot_stuck_logger.smx] Bot "[NAV] Bot 17<101><BOT><>" got stuck [2] at <-592.644470 1343.399658 16.031249> Eye Position <-592.644470 1343.399658 80.031249> Eye Angles <0.000000 -161.809280 0.000000> Last Known Nav Area ID <393>
L 07/04/2026 - 19:37:39: [navbot_stuck_logger.smx] Bot "[NAV] Bot 17<101><BOT><>" got stuck [3] at <-595.249267 1345.474853 16.031249> Eye Position <-595.249267 1345.474853 80.031249> Eye Angles <0.000000 -48.221618 0.000000> Last Known Nav Area ID <393>
L 07/04/2026 - 19:37:40: [navbot_stuck_logger.smx] Bot "[NAV] Bot 14<99><BOT><>" got stuck [1] at <-693.494995 -824.004211 176.031249> Eye Position <-693.494995 -824.004211 240.031249> Eye Angles <9.816284 -156.854446 0.000000> Last Known Nav Area ID <2221>
L 07/04/2026 - 19:37:40: [navbot_stuck_logger.smx] Bot "[NAV] Bot 17<101><BOT><>" got stuck [4] at <-596.552734 1351.189208 16.031249> Eye Position <-596.552734 1351.189208 80.031249> Eye Angles <12.365112 -86.366394 0.000000> Last Known Nav Area ID <393>
L 07/04/2026 - 19:37:41: [navbot_stuck_logger.smx] Bot "[NAV] Bot 14<99><BOT><>" got stuck [2] at <-711.118164 -824.004211 176.031249> Eye Position <-711.118164 -824.004211 204.031249> Eye Angles <-2.631225 -90.488891 0.000000> Last Known Nav Area ID <2221>
L 07/04/2026 - 19:37:41: [navbot_stuck_logger.smx] Bot "[NAV] Bot 17<101><BOT><>" got stuck [5] at <-592.031249 1349.843139 16.031249> Eye Position <-592.031249 1349.843139 80.031249> Eye Angles <6.410522 -118.663330 0.000000> Last Known Nav Area ID <393>
L 07/04/2026 - 19:37:42: [navbot_stuck_logger.smx] Bot "[NAV] Bot 17<101><BOT><>" got stuck [6] at <-588.695617 1366.240234 20.031249> Eye Position <-588.695617 1366.240234 84.031249> Eye Angles <3.400268 -108.336181 0.000000> Last Known Nav Area ID <393>
L 07/04/2026 - 19:37:43: [navbot_stuck_logger.smx] Bot "[NAV] Bot 17<101><BOT><>" got stuck [7] at <-589.897399 1365.438720 20.031249> Eye Position <-589.897399 1365.438720 84.031249> Eye Angles <3.598022 -101.848754 0.000000> Last Known Nav Area ID <393>
L 07/04/2026 - 19:37:44: [navbot_stuck_logger.smx] Bot "[NAV] Bot 17<101><BOT><>" got stuck [8] at <-598.722106 1389.766113 16.031249> Eye Position <-598.722106 1389.766113 80.031249> Eye Angles <0.000000 -3.743713 0.000000> Last Known Nav Area ID <393>
L 07/04/2026 - 19:37:46: [navbot_stuck_logger.smx] Bot "[NAV] Bot 17<101><BOT><>" got stuck [9] at <-585.100708 1368.031249 20.031249> Eye Position <-585.100708 1368.031249 84.031249> Eye Angles <5.397143 -81.362121 0.000000> Last Known Nav Area ID <393>
L 07/04/2026 - 19:37:47: [navbot_stuck_logger.smx] Bot "[NAV] Bot 17<101><BOT><>" got stuck [10] at <-546.074584 1368.024902 20.031249> Eye Position <-546.074584 1368.024902 84.031249> Eye Angles <0.000000 43.157154 0.000000> Last Known Nav Area ID <2556>
L 07/04/2026 - 19:37:48: [navbot_stuck_logger.smx] Bot "[NAV] Bot 14<99><BOT><>" got stuck [1] at <-712.544860 -826.230529 176.031249> Eye Position <-712.544860 -826.230529 240.031249> Eye Angles <0.000000 127.982589 0.000000> Last Known Nav Area ID <2221>
L 07/04/2026 - 19:37:49: [navbot_stuck_logger.smx] Bot "[NAV] Bot 14<99><BOT><>" got stuck [2] at <-701.822570 -824.004028 176.031249> Eye Position <-701.822570 -824.004028 204.031249> Eye Angles <0.000000 57.637134 0.000000> Last Known Nav Area ID <2221>
L 07/04/2026 - 19:37:57: [navbot_stuck_logger.smx] Bot "[NAV] Bot 16<106><BOT><>" got stuck [1] at <-296.031249 2042.177001 0.031249> Eye Position <-296.031249 2042.177001 64.031249> Eye Angles <0.000000 25.172534 0.000000> Last Known Nav Area ID <44>
L 07/04/2026 - 19:37:58: [navbot_stuck_logger.smx] Bot "[NAV] Bot 16<106><BOT><>" got stuck [2] at <-295.008941 2033.458251 32.031249> Eye Position <-295.008941 2033.458251 60.031249> Eye Angles <10.651245 114.971923 0.000000> Last Known Nav Area ID <2535>
L 07/04/2026 - 19:38:06: [navbot_stuck_logger.smx] Bot "[NAV] Bot 16<106><BOT><>" got stuck [1] at <-296.031249 2043.489990 0.031249> Eye Position <-296.031249 2043.489990 64.031249> Eye Angles <0.000000 -34.818542 0.000000> Last Known Nav Area ID <44>
L 07/04/2026 - 19:38:07: [navbot_stuck_logger.smx] Bot "[NAV] Bot 16<106><BOT><>" got stuck [2] at <-296.183654 2014.046752 28.251243> Eye Position <-296.183654 2014.046752 56.251243> Eye Angles <-1.708374 13.851122 0.000000> Last Known Nav Area ID <2536>
L 07/04/2026 - 19:38:08: [navbot_stuck_logger.smx] Bot "[NAV] Bot 16<106><BOT><>" got stuck [3] at <-296.037017 2026.887817 0.031249> Eye Position <-296.037017 2026.887817 64.031249> Eye Angles <0.000000 13.664355 0.000000> Last Known Nav Area ID <44>
L 07/04/2026 - 19:38:15: [navbot_stuck_logger.smx] Bot "[NAV] Bot 16<106><BOT><>" got stuck [1] at <-296.007995 2052.804687 0.031249> Eye Position <-296.007995 2052.804687 64.031249> Eye Angles <6.119384 -71.339721 0.000000> Last Known Nav Area ID <44>
L 07/04/2026 - 19:38:16: [navbot_stuck_logger.smx] Bot "[NAV] Bot 16<106><BOT><>" got stuck [2] at <-295.008941 2033.817749 32.031249> Eye Position <-295.008941 2033.817749 60.031249> Eye Angles <4.735107 -72.982177 0.000000> Last Known Nav Area ID <2535>
L 07/04/2026 - 19:38:24: [navbot_stuck_logger.smx] Bot "[NAV] Bot 16<106><BOT><>" got stuck [1] at <-295.008941 2034.056518 32.031249> Eye Position <-295.008941 2034.056518 96.031249> Eye Angles <15.853271 -50.548095 0.000000> Last Known Nav Area ID <2535>
L 07/04/2026 - 19:38:25: [navbot_stuck_logger.smx] Bot "[NAV] Bot 16<106><BOT><>" got stuck [2] at <-245.704620 2028.703979 66.237556> Eye Position <-245.704620 2028.703979 94.237556> Eye Angles <16.325683 -87.382629 0.000000> Last Known Nav Area ID <2535>
L 07/04/2026 - 19:38:36: [navbot_stuck_logger.smx] Bot "[NAV] Bot 12<104><BOT><>" got stuck [1] at <1631.449707 1768.466918 0.031249> Eye Position <1631.449707 1768.466918 64.031249> Eye Angles <57.848510 -2.730102 0.000000> Last Known Nav Area ID <54>
L 07/04/2026 - 19:38:37: [navbot_stuck_logger.smx] Bot "[NAV] Bot 12<104><BOT><>" got stuck [2] at <1617.348388 1769.363769 0.031249> Eye Position <1617.348388 1769.363769 28.031249> Eye Angles <14.207959 -37.740905 0.000000> Last Known Nav Area ID <54>
L 07/04/2026 - 19:41:50: [navbot_stuck_logger.smx] Bot "[NAV] Bot 3<105><BOT><>" got stuck [1] at <283.433563 2425.664062 32.031249> Eye Position <283.433563 2425.664062 96.031249> Eye Angles <0.000000 -126.408691 0.000000> Last Known Nav Area ID <654>
L 07/04/2026 - 19:41:51: [navbot_stuck_logger.smx] Bot "[NAV] Bot 3<105><BOT><>" got stuck [2] at <282.786804 2426.108642 32.031249> Eye Position <282.786804 2426.108642 96.031249> Eye Angles <0.000000 -126.090087 0.000000> Last Known Nav Area ID <654>
L 07/04/2026 - 19:41:52: [navbot_stuck_logger.smx] Bot "[NAV] Bot 3<105><BOT><>" got stuck [3] at <282.248565 2426.478759 32.031249> Eye Position <282.248565 2426.478759 96.031249> Eye Angles <0.000000 -125.820922 0.000000> Last Known Nav Area ID <654>
L 07/04/2026 - 19:41:53: [navbot_stuck_logger.smx] Bot "[NAV] Bot 3<105><BOT><>" got stuck [4] at <274.260803 2431.968749 32.031249> Eye Position <274.260803 2431.968749 96.031249> Eye Angles <16.869506 81.897583 0.000000> Last Known Nav Area ID <654>
L 07/04/2026 - 19:41:54: [navbot_stuck_logger.smx] Bot "[NAV] Bot 3<105><BOT><>" got stuck [5] at <277.160827 2429.975830 32.031249> Eye Position <277.160827 2429.975830 96.031249> Eye Angles <0.000000 154.723312 0.000000> Last Known Nav Area ID <654>
L 07/04/2026 - 19:41:55: [navbot_stuck_logger.smx] Bot "[NAV] Bot 3<105><BOT><>" got stuck [6] at <284.143920 2425.176269 32.031249> Eye Position <284.143920 2425.176269 96.031249> Eye Angles <0.000000 -126.760253 0.000000> Last Known Nav Area ID <654>
L 07/04/2026 - 19:41:56: [navbot_stuck_logger.smx] Bot "[NAV] Bot 3<105><BOT><>" got stuck [7] at <283.377624 2425.702636 32.031249> Eye Position <283.377624 2425.702636 96.031249> Eye Angles <0.000000 -126.381225 0.000000> Last Known Nav Area ID <654>
L 07/04/2026 - 19:41:57: [navbot_stuck_logger.smx] Bot "[NAV] Bot 3<105><BOT><>" got stuck [8] at <282.740173 2426.140869 32.031249> Eye Position <282.740173 2426.140869 96.031249> Eye Angles <0.000000 -126.062622 0.000000> Last Known Nav Area ID <654>
L 07/04/2026 - 19:41:58: [navbot_stuck_logger.smx] Bot "[NAV] Bot 3<105><BOT><>" got stuck [9] at <283.067077 2425.916015 32.031249> Eye Position <283.067077 2425.916015 96.031249> Eye Angles <16.045532 -160.914108 0.000000> Last Known Nav Area ID <654>
L 07/04/2026 - 19:41:59: [navbot_stuck_logger.smx] Bot "[NAV] Bot 3<105><BOT><>" got stuck [10] at <274.260375 2431.968749 32.031249> Eye Position <274.260375 2431.968749 96.031249> Eye Angles <16.869506 81.897583 0.000000> Last Known Nav Area ID <654>
L 07/04/2026 - 19:42:00: [navbot_stuck_logger.smx] Bot "[NAV] Bot 3<105><BOT><>" got stuck [11] at <278.762603 2428.874755 32.031249> Eye Position <278.762603 2428.874755 96.031249> Eye Angles <0.000000 -148.576248 0.000000> Last Known Nav Area ID <654>
L 07/04/2026 - 19:42:01: [navbot_stuck_logger.smx] Bot "[NAV] Bot 3<105><BOT><>" got stuck [12] at <283.899047 2425.344726 32.031249> Eye Position <283.899047 2425.344726 96.031249> Eye Angles <0.000000 -126.639404 0.000000> Last Known Nav Area ID <654>
L 07/04/2026 - 19:42:02: [navbot_stuck_logger.smx] Bot "[NAV] Bot 3<105><BOT><>" got stuck [13] at <283.173889 2425.843017 32.031249> Eye Position <283.173889 2425.843017 96.031249> Eye Angles <0.000000 -126.276855 0.000000> Last Known Nav Area ID <654>
L 07/04/2026 - 19:42:03: [navbot_stuck_logger.smx] Bot "[NAV] Bot 3<105><BOT><>" got stuck [14] at <274.261291 2431.968749 32.031249> Eye Position <274.261291 2431.968749 96.031249> Eye Angles <16.869506 123.142898 0.000000> Last Known Nav Area ID <654>
L 07/04/2026 - 19:42:04: [navbot_stuck_logger.smx] Bot "[NAV] Bot 3<105><BOT><>" got stuck [15] at <274.222106 2431.995605 32.031249> Eye Position <274.222106 2431.995605 96.031249> Eye Angles <0.656323 98.072311 0.000000> Last Known Nav Area ID <654>
L 07/04/2026 - 19:42:06: [navbot_stuck_logger.smx] Bot "[NAV] Bot 3<105><BOT><>" got stuck [16] at <284.388214 2425.008544 32.031249> Eye Position <284.388214 2425.008544 96.031249> Eye Angles <0.000000 -126.881103 0.000000> Last Known Nav Area ID <2509>
L 07/04/2026 - 19:42:06: [navbot_stuck_logger.smx] Bot "[NAV] Bot 3<105><BOT><>" got stuck [1] at <284.300720 2425.068603 32.031249> Eye Position <284.300720 2425.068603 96.031249> Eye Angles <0.000000 -126.837158 0.000000> Last Known Nav Area ID <654>
L 07/04/2026 - 19:42:07: [navbot_stuck_logger.smx] Bot "[NAV] Bot 3<105><BOT><>" got stuck [2] at <283.508056 2425.613281 32.031249> Eye Position <283.508056 2425.613281 96.031249> Eye Angles <0.000000 -126.447143 0.000000> Last Known Nav Area ID <654>
L 07/04/2026 - 19:42:08: [navbot_stuck_logger.smx] Bot "[NAV] Bot 3<105><BOT><>" got stuck [3] at <282.848358 2426.066650 32.031249> Eye Position <282.848358 2426.066650 96.031249> Eye Angles <0.000000 -126.117553 0.000000> Last Known Nav Area ID <654>
L 07/04/2026 - 19:42:08: [navbot_stuck_logger.smx] Bot "[NAV] Bot 15<102><BOT><>" got stuck [1] at <274.328918 2431.922363 32.031249> Eye Position <274.328918 2431.922363 96.031249> Eye Angles <0.000000 -121.893310 0.000000> Last Known Nav Area ID <654>
L 07/04/2026 - 19:42:09: [navbot_stuck_logger.smx] Bot "[NAV] Bot 12<104><BOT><>" got stuck [1] at <459.108093 3070.174804 53.432983> Eye Position <459.108093 3070.174804 117.432983> Eye Angles <0.109863 178.764038 0.000000> Last Known Nav Area ID <1292>
L 07/04/2026 - 19:42:09: [navbot_stuck_logger.smx] Bot "[NAV] Bot 3<105><BOT><>" got stuck [4] at <282.299774 2426.443603 32.031249> Eye Position <282.299774 2426.443603 96.031249> Eye Angles <0.000000 -125.848388 0.000000> Last Known Nav Area ID <654>
L 07/04/2026 - 19:42:09: [navbot_stuck_logger.smx] Bot "[NAV] Bot 15<102><BOT><>" got stuck [2] at <275.192443 2431.328369 32.031249> Eye Position <275.192443 2431.328369 96.031249> Eye Angles <0.000000 -122.321777 0.000000> Last Known Nav Area ID <654>
L 07/04/2026 - 19:42:10: [navbot_stuck_logger.smx] Bot "[NAV] Bot 12<104><BOT><>" got stuck [2] at <458.598510 3089.474121 52.123451> Eye Position <458.598510 3089.474121 116.123451> Eye Angles <35.700073 69.145095 0.000000> Last Known Nav Area ID <1292>
L 07/04/2026 - 19:42:10: [navbot_stuck_logger.smx] Bot "[NAV] Bot 3<105><BOT><>" got stuck [5] at <279.320251 2428.491699 32.031249> Eye Position <279.320251 2428.491699 96.031249> Eye Angles <17.325439 -84.880371 0.000000> Last Known Nav Area ID <654>
L 07/04/2026 - 19:42:10: [navbot_stuck_logger.smx] Bot "[NAV] Bot 15<102><BOT><>" got stuck [3] at <275.914337 2430.831542 32.031249> Eye Position <275.914337 2430.831542 96.031249> Eye Angles <0.000000 -122.678833 0.000000> Last Known Nav Area ID <654>
L 07/04/2026 - 19:42:11: [navbot_stuck_logger.smx] Bot "[NAV] Bot 12<104><BOT><>" got stuck [3] at <459.128601 3068.663574 53.575809> Eye Position <459.128601 3068.663574 117.575805> Eye Angles <44.939575 -17.237548 0.000000> Last Known Nav Area ID <1292>
L 07/04/2026 - 19:42:11: [navbot_stuck_logger.smx] Bot "[NAV] Bot 3<105><BOT><>" got stuck [6] at <274.394012 2431.876953 32.031249> Eye Position <274.394012 2431.876953 96.031249> Eye Angles <0.000000 -119.155075 0.000000> Last Known Nav Area ID <654>
L 07/04/2026 - 19:42:11: [navbot_stuck_logger.smx] Bot "[NAV] Bot 15<102><BOT><>" got stuck [4] at <277.330352 2429.858642 32.031249> Eye Position <277.330352 2429.858642 96.031249> Eye Angles <16.561889 164.281204 0.000000> Last Known Nav Area ID <654>
L 07/04/2026 - 19:42:12: [navbot_stuck_logger.smx] Bot "[NAV] Bot 12<104><BOT><>" got stuck [4] at <459.059722 3078.528320 52.507766> Eye Position <459.059722 3078.528320 116.507766> Eye Angles <-2.021484 -168.269454 0.000000> Last Known Nav Area ID <1292>
L 07/04/2026 - 19:42:12: [navbot_stuck_logger.smx] Bot "[NAV] Bot 3<105><BOT><>" got stuck [7] at <275.143432 2431.361572 32.031249> Eye Position <275.143432 2431.361572 96.031249> Eye Angles <0.000000 -122.299804 0.000000> Last Known Nav Area ID <654>
L 07/04/2026 - 19:42:12: [navbot_stuck_logger.smx] Bot "[NAV] Bot 15<102><BOT><>" got stuck [5] at <274.260070 2431.968749 32.031249> Eye Position <274.260070 2431.968749 96.031249> Eye Angles <16.869506 81.897583 0.000000> Last Known Nav Area ID <654>
L 07/04/2026 - 19:42:13: [navbot_stuck_logger.smx] Bot "[NAV] Bot 12<104><BOT><>" got stuck [5] at <458.773040 3067.758056 54.426788> Eye Position <458.773040 3067.758056 118.426788> Eye Angles <1.054687 176.418457 0.000000> Last Known Nav Area ID <1292>
L 07/04/2026 - 19:42:13: [navbot_stuck_logger.smx] Bot "[NAV] Bot 3<105><BOT><>" got stuck [8] at <275.889953 2430.848388 32.031249> Eye Position <275.889953 2430.848388 96.031249> Eye Angles <0.000000 -122.667846 0.000000> Last Known Nav Area ID <654>
L 07/04/2026 - 19:42:13: [navbot_stuck_logger.smx] Bot "[NAV] Bot 15<102><BOT><>" got stuck [6] at <283.847015 2425.380371 32.031249> Eye Position <283.847015 2425.380371 96.031249> Eye Angles <0.000000 -126.551513 0.000000> Last Known Nav Area ID <654>
L 07/04/2026 - 19:42:14: [navbot_stuck_logger.smx] Bot "[NAV] Bot 12<104><BOT><>" got stuck [6] at <459.023406 3062.257812 54.581073> Eye Position <459.023406 3062.257812 118.581069> Eye Angles <1.148071 177.863159 0.000000> Last Known Nav Area ID <1292>
L 07/04/2026 - 19:42:14: [navbot_stuck_logger.smx] Bot "[NAV] Bot 3<105><BOT><>" got stuck [9] at <276.511230 2430.421386 32.031249> Eye Position <276.511230 2430.421386 96.031249> Eye Angles <0.000000 -122.975463 0.000000> Last Known Nav Area ID <654>
L 07/04/2026 - 19:42:14: [navbot_stuck_logger.smx] Bot "[NAV] Bot 15<102><BOT><>" got stuck [7] at <283.180603 2425.837890 32.031249> Eye Position <283.180603 2425.837890 96.031249> Eye Angles <0.000000 -126.282348 0.000000> Last Known Nav Area ID <654>
L 07/04/2026 - 19:42:15: [navbot_stuck_logger.smx] Bot "[NAV] Bot 12<104><BOT><>" got stuck [7] at <458.367614 3079.642333 53.810825> Eye Position <458.367614 3079.642333 117.810821> Eye Angles <0.856933 178.566284 0.000000> Last Known Nav Area ID <1292>
L 07/04/2026 - 19:42:15: [navbot_stuck_logger.smx] Bot "[NAV] Bot 3<105><BOT><>" got stuck [10] at <277.028106 2430.066650 32.031249> Eye Position <277.028106 2430.066650 96.031249> Eye Angles <0.000000 -123.233642 0.000000> Last Known Nav Area ID <654>
L 07/04/2026 - 19:42:15: [navbot_stuck_logger.smx] Bot "[NAV] Bot 15<102><BOT><>" got stuck [8] at <282.589538 2426.244140 32.031249> Eye Position <282.589538 2426.244140 96.031249> Eye Angles <0.000000 -125.991210 0.000000> Last Known Nav Area ID <654>
L 07/04/2026 - 19:42:16: [navbot_stuck_logger.smx] Bot "[NAV] Bot 12<104><BOT><>" got stuck [8] at <459.039184 3066.508300 54.026031> Eye Position <459.039184 3066.508300 118.026031> Eye Angles <57.947387 -169.315795 0.000000> Last Known Nav Area ID <1292>
L 07/04/2026 - 19:42:16: [navbot_stuck_logger.smx] Bot "[NAV] Bot 15<102><BOT><>" got stuck [9] at <282.095642 2426.583007 32.031249> Eye Position <282.095642 2426.583007 96.031249> Eye Angles <0.000000 -125.744018 0.000000> Last Known Nav Area ID <654>
L 07/04/2026 - 19:42:17: [navbot_stuck_logger.smx] Bot "[NAV] Bot 12<104><BOT><>" got stuck [9] at <459.028717 3063.744628 54.387039> Eye Position <459.028717 3063.744628 118.387039> Eye Angles <58.595581 -176.555786 0.000000> Last Known Nav Area ID <1292>
L 07/04/2026 - 19:42:17: [navbot_stuck_logger.smx] Bot "[NAV] Bot 15<102><BOT><>" got stuck [10] at <279.772735 2428.178955 32.031249> Eye Position <279.772735 2428.178955 96.031249> Eye Angles <17.391357 -85.149536 0.000000> Last Known Nav Area ID <654>
L 07/04/2026 - 19:42:18: [navbot_stuck_logger.smx] Bot "[NAV] Bot 12<104><BOT><>" got stuck [10] at <459.115020 3066.008056 53.929710> Eye Position <459.115020 3066.008056 117.929710> Eye Angles <1.842846 -177.533569 0.000000> Last Known Nav Area ID <1292>
L 07/04/2026 - 19:42:18: [navbot_stuck_logger.smx] Bot "[NAV] Bot 15<102><BOT><>" got stuck [11] at <277.932708 2429.443847 32.031249> Eye Position <277.932708 2429.443847 96.031249> Eye Angles <17.133178 -84.078369 0.000000> Last Known Nav Area ID <654>
L 07/04/2026 - 19:42:19: [navbot_stuck_logger.smx] Bot "[NAV] Bot 12<104><BOT><>" got stuck [11] at <459.217193 3067.982910 53.474617> Eye Position <459.217193 3067.982910 117.474617> Eye Angles <1.049194 173.441162 0.000000> Last Known Nav Area ID <1292>
L 07/04/2026 - 19:42:20: [navbot_stuck_logger.smx] Bot "[NAV] Bot 12<104><BOT><>" got stuck [12] at <396.043670 3045.645263 51.726734> Eye Position <396.043670 3045.645263 79.726730> Eye Angles <-1.461181 144.923294 0.000000> Last Known Nav Area ID <1287>
L 07/04/2026 - 19:42:35: [navbot_stuck_logger.smx] Bot "[NAV] Bot 11<100><BOT><>" got stuck [1] at <276.487976 2430.437255 32.031249> Eye Position <276.487976 2430.437255 96.031249> Eye Angles <16.561889 142.660110 0.000000> Last Known Nav Area ID <654>
L 07/04/2026 - 19:42:36: [navbot_stuck_logger.smx] Bot "[NAV] Bot 11<100><BOT><>" got stuck [2] at <274.259460 2431.968749 32.031249> Eye Position <274.259460 2431.968749 96.031249> Eye Angles <16.869506 81.897583 0.000000> Last Known Nav Area ID <654>
L 07/04/2026 - 19:42:37: [navbot_stuck_logger.smx] Bot "[NAV] Bot 11<100><BOT><>" got stuck [3] at <283.810546 2425.405517 32.031249> Eye Position <283.810546 2425.405517 96.031249> Eye Angles <0.000000 -126.595458 0.000000> Last Known Nav Area ID <654>
L 07/04/2026 - 19:42:38: [navbot_stuck_logger.smx] Bot "[NAV] Bot 11<100><BOT><>" got stuck [4] at <283.116210 2425.882324 32.031249> Eye Position <283.116210 2425.882324 96.031249> Eye Angles <0.000000 -126.249389 0.000000> Last Known Nav Area ID <654>
L 07/04/2026 - 19:42:39: [navbot_stuck_logger.smx] Bot "[NAV] Bot 11<100><BOT><>" got stuck [5] at <282.535766 2426.280761 32.031249> Eye Position <282.535766 2426.280761 96.031249> Eye Angles <0.000000 -125.963745 0.000000> Last Known Nav Area ID <654>
L 07/04/2026 - 19:42:40: [navbot_stuck_logger.smx] Bot "[NAV] Bot 11<100><BOT><>" got stuck [6] at <282.050689 2426.613769 32.031249> Eye Position <282.050689 2426.613769 96.031249> Eye Angles <0.000000 -125.722045 0.000000> Last Known Nav Area ID <654>
L 07/04/2026 - 19:42:41: [navbot_stuck_logger.smx] Bot "[NAV] Bot 11<100><BOT><>" got stuck [7] at <274.788360 2431.604003 32.031249> Eye Position <274.788360 2431.604003 96.031249> Eye Angles <16.820068 104.724319 0.000000> Last Known Nav Area ID <654>
L 07/04/2026 - 19:42:43: [navbot_stuck_logger.smx] Bot "[NAV] Bot 11<100><BOT><>" got stuck [8] at <274.495300 2431.805419 32.031249> Eye Position <274.495300 2431.805419 96.031249> Eye Angles <0.000000 116.963302 0.000000> Last Known Nav Area ID <654>
L 07/04/2026 - 19:42:44: [navbot_stuck_logger.smx] Bot "[NAV] Bot 11<100><BOT><>" got stuck [9] at <283.659576 2425.507812 32.031249> Eye Position <283.659576 2425.507812 96.031249> Eye Angles <0.000000 -126.518554 0.000000> Last Known Nav Area ID <654>
L 07/04/2026 - 19:42:45: [navbot_stuck_logger.smx] Bot "[NAV] Bot 11<100><BOT><>" got stuck [10] at <282.989776 2425.967773 32.031249> Eye Position <282.989776 2425.967773 96.031249> Eye Angles <0.000000 -126.188964 0.000000> Last Known Nav Area ID <654>
L 07/04/2026 - 19:42:46: [navbot_stuck_logger.smx] Bot "[NAV] Bot 11<100><BOT><>" got stuck [11] at <279.380493 2428.449462 32.031249> Eye Position <279.380493 2428.449462 96.031249> Eye Angles <17.336425 -84.918823 0.000000> Last Known Nav Area ID <654>
L 07/04/2026 - 19:42:47: [navbot_stuck_logger.smx] Bot "[NAV] Bot 11<100><BOT><>" got stuck [12] at <274.512878 2431.794677 32.031249> Eye Position <274.512878 2431.794677 96.031249> Eye Angles <0.000000 -121.986694 0.000000> Last Known Nav Area ID <654>
L 07/04/2026 - 19:42:48: [navbot_stuck_logger.smx] Bot "[NAV] Bot 11<100><BOT><>" got stuck [13] at <275.346160 2431.221679 32.031249> Eye Position <275.346160 2431.221679 96.031249> Eye Angles <0.000000 -122.398681 0.000000> Last Known Nav Area ID <654>
L 07/04/2026 - 19:42:49: [navbot_stuck_logger.smx] Bot "[NAV] Bot 11<100><BOT><>" got stuck [14] at <276.042724 2430.741943 32.031249> Eye Position <276.042724 2430.741943 96.031249> Eye Angles <0.000000 -122.744750 0.000000> Last Known Nav Area ID <654>
L 07/04/2026 - 19:42:50: [navbot_stuck_logger.smx] Bot "[NAV] Bot 11<100><BOT><>" got stuck [15] at <276.624786 2430.341552 32.031249> Eye Position <276.624786 2430.341552 96.031249> Eye Angles <0.000000 -123.030395 0.000000> Last Known Nav Area ID <654>
L 07/04/2026 - 19:42:51: [navbot_stuck_logger.smx] Bot "[NAV] Bot 11<100><BOT><>" got stuck [16] at <275.706542 2430.972900 32.031249> Eye Position <275.706542 2430.972900 96.031249> Eye Angles <16.831054 -82.820434 0.000000> Last Known Nav Area ID <654>
L 07/04/2026 - 19:42:51: [navbot_stuck_logger.smx] Bot "[NAV] Bot 11<100><BOT><>" got stuck [1] at <275.587585 2431.054687 32.031249> Eye Position <275.587585 2431.054687 96.031249> Eye Angles <16.814575 -82.754516 0.000000> Last Known Nav Area ID <654>
L 07/04/2026 - 19:42:52: [navbot_stuck_logger.smx] Bot "[NAV] Bot 11<100><BOT><>" got stuck [2] at <274.218536 2431.994873 32.031249> Eye Position <274.218536 2431.994873 96.031249> Eye Angles <0.475048 -98.440368 0.000000> Last Known Nav Area ID <654>
L 07/04/2026 - 19:42:53: [navbot_stuck_logger.smx] Bot "[NAV] Bot 11<100><BOT><>" got stuck [3] at <275.026824 2431.439697 32.031249> Eye Position <275.026824 2431.439697 96.031249> Eye Angles <0.000000 -122.239379 0.000000> Last Known Nav Area ID <654>
L 07/04/2026 - 19:42:54: [navbot_stuck_logger.smx] Bot "[NAV] Bot 11<100><BOT><>" got stuck [4] at <275.775573 2430.924316 32.031249> Eye Position <275.775573 2430.924316 96.031249> Eye Angles <0.000000 -122.612915 0.000000> Last Known Nav Area ID <654>
L 07/04/2026 - 19:42:55: [navbot_stuck_logger.smx] Bot "[NAV] Bot 11<100><BOT><>" got stuck [5] at <283.661407 2509.193359 32.031249> Eye Position <283.661407 2509.193359 96.031249> Eye Angles <0.000000 -176.509201 0.000000> Last Known Nav Area ID <2517>
L 07/04/2026 - 19:43:31: [navbot_stuck_logger.smx] Bot "[NAV] Bot 11<100><BOT><>" got stuck [1] at <335.968749 -1112.031249 32.031249> Eye Position <335.968749 -1112.031249 96.031249> Eye Angles <0.000000 31.102294 0.000000> Last Known Nav Area ID <1219>
L 07/04/2026 - 19:43:57: [navbot_stuck_logger.smx] Bot "[NAV] Bot 13<107><BOT><>" got stuck [1] at <384.031249 -1096.703124 32.031249> Eye Position <384.031249 -1096.703124 96.031249> Eye Angles <24.505004 -122.986450 0.000000> Last Known Nav Area ID <105>
L 07/04/2026 - 19:43:58: [navbot_stuck_logger.smx] Bot "[NAV] Bot 13<107><BOT><>" got stuck [2] at <384.922668 -1098.140014 32.031249> Eye Position <384.922668 -1098.140014 96.031249> Eye Angles <24.213867 -123.140258 0.000000> Last Known Nav Area ID <105>
L 07/04/2026 - 19:43:59: [navbot_stuck_logger.smx] Bot "[NAV] Bot 13<107><BOT><>" got stuck [3] at <384.031249 -1087.107788 32.031249> Eye Position <384.031249 -1087.107788 96.031249> Eye Angles <0.000000 -159.343063 0.000000> Last Known Nav Area ID <105>
L 07/04/2026 - 19:44:00: [navbot_stuck_logger.smx] Bot "[NAV] Bot 13<107><BOT><>" got stuck [4] at <384.155792 -1098.717163 32.031249> Eye Position <384.155792 -1098.717163 96.031249> Eye Angles <0.000000 -126.751907 0.000000> Last Known Nav Area ID <105>
L 07/04/2026 - 19:44:01: [navbot_stuck_logger.smx] Bot "[NAV] Bot 13<107><BOT><>" got stuck [5] at <384.031249 -1087.202758 32.031249> Eye Position <384.031249 -1087.202758 96.031249> Eye Angles <0.000000 -158.958541 0.000000> Last Known Nav Area ID <105>
L 07/04/2026 - 19:44:02: [navbot_stuck_logger.smx] Bot "[NAV] Bot 13<107><BOT><>" got stuck [6] at <384.031249 -1102.841674 32.031249> Eye Position <384.031249 -1102.841674 96.031249> Eye Angles <0.000000 -159.049072 0.000000> Last Known Nav Area ID <105>
L 07/04/2026 - 19:44:04: [navbot_stuck_logger.smx] Bot "[NAV] Bot 13<107><BOT><>" got stuck [7] at <357.768981 -1144.090698 34.031249> Eye Position <357.768981 -1144.090698 98.031249> Eye Angles <0.000000 151.463012 0.000000> Last Known Nav Area ID <469>
L 07/04/2026 - 19:44:09: [navbot_stuck_logger.smx] Bot "[NAV] Bot 15<102><BOT><>" got stuck [1] at <324.989715 -1113.236938 32.031249> Eye Position <324.989715 -1113.236938 96.031249> Eye Angles <0.000000 30.286449 0.000000> Last Known Nav Area ID <1219>
L 07/04/2026 - 19:44:10: [navbot_stuck_logger.smx] Bot "[NAV] Bot 15<102><BOT><>" got stuck [2] at <325.020294 -1112.708496 32.031249> Eye Position <325.020294 -1112.708496 96.031249> Eye Angles <0.000000 30.094188 0.000000> Last Known Nav Area ID <1219>
L 07/04/2026 - 19:44:11: [navbot_stuck_logger.smx] Bot "[NAV] Bot 15<102><BOT><>" got stuck [3] at <325.026306 -1112.705200 32.031249> Eye Position <325.026306 -1112.705200 96.031249> Eye Angles <0.000000 29.901927 0.000000> Last Known Nav Area ID <1219>
L 07/04/2026 - 19:44:12: [navbot_stuck_logger.smx] Bot "[NAV] Bot 15<102><BOT><>" got stuck [4] at <325.027465 -1112.797729 32.031249> Eye Position <325.027465 -1112.797729 96.031249> Eye Angles <0.000000 29.709667 0.000000> Last Known Nav Area ID <1219>
L 07/04/2026 - 19:44:13: [navbot_stuck_logger.smx] Bot "[NAV] Bot 15<102><BOT><>" got stuck [5] at <325.033752 -1112.820312 32.031249> Eye Position <325.033752 -1112.820312 96.031249> Eye Angles <0.000000 29.517406 0.000000> Last Known Nav Area ID <1219>
L 07/04/2026 - 19:44:14: [navbot_stuck_logger.smx] Bot "[NAV] Bot 15<102><BOT><>" got stuck [6] at <325.039978 -1112.837646 32.031249> Eye Position <325.039978 -1112.837646 96.031249> Eye Angles <0.000000 29.325145 0.000000> Last Known Nav Area ID <1219>
L 07/04/2026 - 19:44:15: [navbot_stuck_logger.smx] Bot "[NAV] Bot 15<102><BOT><>" got stuck [7] at <325.032653 -1112.853515 32.031249> Eye Position <325.032653 -1112.853515 96.031249> Eye Angles <0.000000 29.132884 0.000000> Last Known Nav Area ID <1219>
L 07/04/2026 - 19:44:16: [navbot_stuck_logger.smx] Bot "[NAV] Bot 15<102><BOT><>" got stuck [8] at <325.037353 -1112.873657 32.031249> Eye Position <325.037353 -1112.873657 96.031249> Eye Angles <0.000000 29.001049 0.000000> Last Known Nav Area ID <1219>
L 07/04/2026 - 19:44:17: [navbot_stuck_logger.smx] Bot "[NAV] Bot 15<102><BOT><>" got stuck [9] at <325.035980 -1112.867675 32.031249> Eye Position <325.035980 -1112.867675 96.031249> Eye Angles <0.000000 29.039501 0.000000> Last Known Nav Area ID <1219>
L 07/04/2026 - 19:44:18: [navbot_stuck_logger.smx] Bot "[NAV] Bot 15<102><BOT><>" got stuck [10] at <325.036499 -1112.869384 32.031249> Eye Position <325.036499 -1112.869384 96.031249> Eye Angles <0.000000 29.028514 0.000000> Last Known Nav Area ID <1219>
L 07/04/2026 - 19:44:19: [navbot_stuck_logger.smx] Bot "[NAV] Bot 15<102><BOT><>" got stuck [11] at <325.036529 -1112.869384 32.031249> Eye Position <325.036529 -1112.869384 96.031249> Eye Angles <0.000000 29.028514 0.000000> Last Known Nav Area ID <1219>
L 07/04/2026 - 19:44:26: [navbot_stuck_logger.smx] Bot "[NAV] Bot 15<102><BOT><>" got stuck [1] at <335.968749 -1112.031249 32.031249> Eye Position <335.968749 -1112.031249 96.031249> Eye Angles <0.000000 35.447387 0.000000> Last Known Nav Area ID <1225>
L 07/04/2026 - 19:44:27: [navbot_stuck_logger.smx] Bot "[NAV] Bot 15<102><BOT><>" got stuck [2] at <313.233581 -1061.524414 62.681251> Eye Position <313.233581 -1061.524414 90.681251> Eye Angles <19.780883 145.956222 0.000000> Last Known Nav Area ID <2043>
L 07/04/2026 - 19:45:22: [navbot_stuck_logger.smx] Bot "[NAV] Bot 12<104><BOT><>" got stuck [1] at <274.960052 2431.487060 32.031249> Eye Position <274.960052 2431.487060 96.031249> Eye Angles <0.000000 -122.206420 0.000000> Last Known Nav Area ID <654>
L 07/04/2026 - 19:45:23: [navbot_stuck_logger.smx] Bot "[NAV] Bot 12<104><BOT><>" got stuck [2] at <275.719940 2430.964355 32.031249> Eye Position <275.719940 2430.964355 96.031249> Eye Angles <0.000000 -122.585449 0.000000> Last Known Nav Area ID <654>
L 07/04/2026 - 19:45:24: [navbot_stuck_logger.smx] Bot "[NAV] Bot 12<104><BOT><>" got stuck [3] at <276.355133 2430.527343 32.031249> Eye Position <276.355133 2430.527343 96.031249> Eye Angles <0.000000 -122.898559 0.000000> Last Known Nav Area ID <654>
L 07/04/2026 - 19:45:25: [navbot_stuck_logger.smx] Bot "[NAV] Bot 12<104><BOT><>" got stuck [4] at <274.257659 2431.968749 32.031249> Eye Position <274.257659 2431.968749 96.031249> Eye Angles <16.864013 81.941528 0.000000> Last Known Nav Area ID <654>
L 07/04/2026 - 19:45:26: [navbot_stuck_logger.smx] Bot "[NAV] Bot 12<104><BOT><>" got stuck [5] at <276.932586 2430.131103 32.031249> Eye Position <276.932586 2430.131103 96.031249> Eye Angles <0.000000 154.723312 0.000000> Last Known Nav Area ID <654>
L 07/04/2026 - 19:45:27: [navbot_stuck_logger.smx] Bot "[NAV] Bot 12<104><BOT><>" got stuck [6] at <283.516082 2425.606445 32.031249> Eye Position <283.516082 2425.606445 96.031249> Eye Angles <0.000000 -126.447143 0.000000> Last Known Nav Area ID <654>
L 07/04/2026 - 19:45:28: [navbot_stuck_logger.smx] Bot "[NAV] Bot 12<104><BOT><>" got stuck [7] at <282.869903 2426.050048 32.031249> Eye Position <282.869903 2426.050048 96.031249> Eye Angles <0.000000 -126.128540 0.000000> Last Known Nav Area ID <654>
L 07/04/2026 - 19:45:29: [navbot_stuck_logger.smx] Bot "[NAV] Bot 12<104><BOT><>" got stuck [8] at <282.329895 2426.421142 32.031249> Eye Position <282.329895 2426.421142 96.031249> Eye Angles <0.000000 -125.859374 0.000000> Last Known Nav Area ID <654>
L 07/04/2026 - 19:45:30: [navbot_stuck_logger.smx] Bot "[NAV] Bot 12<104><BOT><>" got stuck [9] at <276.709320 2430.284179 32.031249> Eye Position <276.709320 2430.284179 96.031249> Eye Angles <16.534423 142.478836 0.000000> Last Known Nav Area ID <654>
L 07/04/2026 - 19:45:31: [navbot_stuck_logger.smx] Bot "[NAV] Bot 12<104><BOT><>" got stuck [10] at <274.258178 2431.968749 32.031249> Eye Position <274.258178 2431.968749 96.031249> Eye Angles <16.869506 81.897583 0.000000> Last Known Nav Area ID <654>
L 07/04/2026 - 19:45:32: [navbot_stuck_logger.smx] Bot "[NAV] Bot 12<104><BOT><>" got stuck [11] at <283.809265 2425.405517 32.031249> Eye Position <283.809265 2425.405517 96.031249> Eye Angles <0.000000 -126.595458 0.000000> Last Known Nav Area ID <654>
L 07/04/2026 - 19:45:33: [navbot_stuck_logger.smx] Bot "[NAV] Bot 12<104><BOT><>" got stuck [12] at <283.244110 2425.793701 32.031249> Eye Position <283.244110 2425.793701 96.031249> Eye Angles <0.000000 -126.315307 0.000000> Last Known Nav Area ID <654>
L 07/04/2026 - 19:45:34: [navbot_stuck_logger.smx] Bot "[NAV] Bot 12<104><BOT><>" got stuck [13] at <282.642547 2426.206542 32.031249> Eye Position <282.642547 2426.206542 96.031249> Eye Angles <0.000000 -126.018676 0.000000> Last Known Nav Area ID <654>
L 07/04/2026 - 19:45:36: [navbot_stuck_logger.smx] Bot "[NAV] Bot 12<104><BOT><>" got stuck [14] at <282.139892 2426.552246 32.031249> Eye Position <282.139892 2426.552246 96.031249> Eye Angles <0.000000 -125.765991 0.000000> Last Known Nav Area ID <654>
L 07/04/2026 - 19:45:37: [navbot_stuck_logger.smx] Bot "[NAV] Bot 12<104><BOT><>" got stuck [15] at <282.011566 2426.640136 32.031249> Eye Position <282.011566 2426.640136 96.031249> Eye Angles <16.185718 -109.366043 0.000000> Last Known Nav Area ID <654>
L 07/04/2026 - 19:45:38: [navbot_stuck_logger.smx] Bot "[NAV] Bot 12<104><BOT><>" got stuck [16] at <278.390533 2429.128662 32.031249> Eye Position <278.390533 2429.128662 96.031249> Eye Angles <17.199096 -84.342041 0.000000> Last Known Nav Area ID <654>
L 07/04/2026 - 19:45:38: [navbot_stuck_logger.smx] Bot "[NAV] Bot 12<104><BOT><>" got stuck [1] at <278.217376 2429.247558 32.031249> Eye Position <278.217376 2429.247558 96.031249> Eye Angles <17.177124 -84.237670 0.000000> Last Known Nav Area ID <654>
L 07/04/2026 - 19:45:39: [navbot_stuck_logger.smx] Bot "[NAV] Bot 12<104><BOT><>" got stuck [2] at <274.703521 2431.663085 32.031249> Eye Position <274.703521 2431.663085 96.031249> Eye Angles <0.000000 -122.080078 0.000000> Last Known Nav Area ID <654>
L 07/04/2026 - 19:45:40: [navbot_stuck_logger.smx] Bot "[NAV] Bot 12<104><BOT><>" got stuck [3] at <275.505401 2431.111328 32.031249> Eye Position <275.505401 2431.111328 96.031249> Eye Angles <0.000000 -122.475585 0.000000> Last Known Nav Area ID <654>
L 07/04/2026 - 19:45:41: [navbot_stuck_logger.smx] Bot "[NAV] Bot 12<104><BOT><>" got stuck [4] at <276.175781 2430.650146 32.031249> Eye Position <276.175781 2430.650146 96.031249> Eye Angles <0.000000 -122.810668 0.000000> Last Known Nav Area ID <654>
L 07/04/2026 - 19:45:42: [navbot_stuck_logger.smx] Bot "[NAV] Bot 12<104><BOT><>" got stuck [5] at <274.211486 2431.999755 32.031249> Eye Position <274.211486 2431.999755 96.031249> Eye Angles <16.874999 81.864624 0.000000> Last Known Nav Area ID <654>
L 07/04/2026 - 19:45:43: [navbot_stuck_logger.smx] Bot "[NAV] Bot 12<104><BOT><>" got stuck [6] at <277.891662 2429.470947 32.031249> Eye Position <277.891662 2429.470947 96.031249> Eye Angles <0.000000 173.570358 0.000000> Last Known Nav Area ID <654>
L 07/04/2026 - 19:45:44: [navbot_stuck_logger.smx] Bot "[NAV] Bot 12<104><BOT><>" got stuck [7] at <278.103393 2429.325195 32.031249> Eye Position <278.103393 2429.325195 96.031249> Eye Angles <0.000000 -123.766479 0.000000> Last Known Nav Area ID <654>
L 07/04/2026 - 19:45:45: [navbot_stuck_logger.smx] Bot "[NAV] Bot 12<104><BOT><>" got stuck [8] at <278.346923 2429.158447 32.031249> Eye Position <278.346923 2429.158447 96.031249> Eye Angles <0.000000 -123.887329 0.000000> Last Known Nav Area ID <654>
L 07/04/2026 - 19:45:46: [navbot_stuck_logger.smx] Bot "[NAV] Bot 12<104><BOT><>" got stuck [9] at <278.550354 2429.017578 32.031249> Eye Position <278.550354 2429.017578 96.031249> Eye Angles <0.000000 -123.986206 0.000000> Last Known Nav Area ID <654>
L 07/04/2026 - 19:45:47: [navbot_stuck_logger.smx] Bot "[NAV] Bot 12<104><BOT><>" got stuck [10] at <280.045379 2427.990234 32.031249> Eye Position <280.045379 2427.990234 96.031249> Eye Angles <16.320190 -177.992355 0.000000> Last Known Nav Area ID <654>
L 07/04/2026 - 19:45:54: [navbot_stuck_logger.smx] Bot "[NAV] Bot 15<102><BOT><>" got stuck [1] at <-1449.059936 1312.913940 26.045103> Eye Position <-1449.059936 1312.913940 90.045104> Eye Angles <-0.021972 -40.355407 0.000000> Last Known Nav Area ID <299>
L 07/04/2026 - 19:47:47: [navbot_stuck_logger.smx] Bot "[NAV] Bot 14<99><BOT><>" got stuck [1] at <-1543.228637 1716.126464 51.425437> Eye Position <-1543.228637 1716.126464 115.425437> Eye Angles <47.977294 153.473510 0.000000> Last Known Nav Area ID <786>
L 07/04/2026 - 19:49:05: [navbot_stuck_logger.smx] Bot "[NAV] Bot 3<105><BOT><>" got stuck [1] at <-1545.929931 1716.315429 51.425437> Eye Position <-1545.929931 1716.315429 115.425437> Eye Angles <10.486450 20.319213 0.000000> Last Known Nav Area ID <786>
L 07/04/2026 - 19:49:06: [navbot_stuck_logger.smx] Bot "[NAV] Bot 3<105><BOT><>" got stuck [2] at <-1547.220825 1727.094238 58.475051> Eye Position <-1547.220825 1727.094238 122.408676> Eye Angles <60.477100 4.501538 0.000000> Last Known Nav Area ID <786>
L 07/04/2026 - 19:49:11: [navbot_stuck_logger.smx] Bot "[NAV] Bot 14<99><BOT><>" got stuck [1] at <-1542.539428 1716.079223 51.425437> Eye Position <-1542.539428 1716.079223 115.425437> Eye Angles <0.000000 85.341796 0.000000> Last Known Nav Area ID <786>
L 07/04/2026 - 19:49:21: [navbot_stuck_logger.smx] Bot "[NAV] Bot 3<105><BOT><>" got stuck [1] at <-1451.485595 1712.851806 33.065425> Eye Position <-1451.485595 1712.851806 97.065429> Eye Angles <-35.576599 47.947193 0.000000> Last Known Nav Area ID <786>
L 07/04/2026 - 19:49:44: [navbot_stuck_logger.smx] Bot "[NAV] Bot 15<102><BOT><>" got stuck [1] at <315.813476 -1112.031249 32.031249> Eye Position <315.813476 -1112.031249 96.031249> Eye Angles <0.000000 -61.053649 0.000000> Last Known Nav Area ID <1219>
L 07/04/2026 - 19:49:45: [navbot_stuck_logger.smx] Bot "[NAV] Bot 15<102><BOT><>" got stuck [2] at <324.710174 -1112.031249 32.031249> Eye Position <324.710174 -1112.031249 96.031249> Eye Angles <0.000000 52.429615 0.000000> Last Known Nav Area ID <1219>
L 07/04/2026 - 19:49:46: [navbot_stuck_logger.smx] Bot "[NAV] Bot 15<102><BOT><>" got stuck [3] at <328.474212 -1112.311767 32.031249> Eye Position <328.474212 -1112.311767 96.031249> Eye Angles <0.000000 55.994678 0.000000> Last Known Nav Area ID <1225>
L 07/04/2026 - 19:49:47: [navbot_stuck_logger.smx] Bot "[NAV] Bot 15<102><BOT><>" got stuck [4] at <318.679168 -1112.008422 32.031249> Eye Position <318.679168 -1112.008422 96.031249> Eye Angles <30.761718 -52.520141 0.000000> Last Known Nav Area ID <1225>
L 07/04/2026 - 19:49:48: [navbot_stuck_logger.smx] Bot "[NAV] Bot 15<102><BOT><>" got stuck [5] at <294.455108 -1112.031249 32.031249> Eye Position <294.455108 -1112.031249 96.031249> Eye Angles <0.000000 27.040210 0.000000> Last Known Nav Area ID <1219>
L 07/04/2026 - 19:49:49: [navbot_stuck_logger.smx] Bot "[NAV] Bot 15<102><BOT><>" got stuck [6] at <325.636474 -1061.073730 62.006252> Eye Position <325.636474 -1061.073730 90.006256> Eye Angles <-0.532836 99.610397 0.000000> Last Known Nav Area ID <2043>
L 07/04/2026 - 19:50:20: [navbot_stuck_logger.smx] Bot "[NAV] Bot 14<99><BOT><>" got stuck [1] at <-1143.500976 1623.554931 176.027725> Eye Position <-1143.500976 1623.554931 240.027725> Eye Angles <9.003295 -27.751464 0.000000> Last Known Nav Area ID <2572>
L 07/04/2026 - 19:50:21: [navbot_stuck_logger.smx] Bot "[NAV] Bot 14<99><BOT><>" got stuck [2] at <-1143.037597 1614.646240 176.025665> Eye Position <-1143.037597 1614.646240 240.025665> Eye Angles <3.757324 -34.898071 0.000000> Last Known Nav Area ID <2573>
L 07/04/2026 - 19:50:22: [navbot_stuck_logger.smx] Bot "[NAV] Bot 14<99><BOT><>" got stuck [3] at <-1143.262817 1618.964721 176.029968> Eye Position <-1143.262817 1618.964721 240.029968> Eye Angles <3.367309 -36.386718 0.000000> Last Known Nav Area ID <2572>
L 07/04/2026 - 19:50:23: [navbot_stuck_logger.smx] Bot "[NAV] Bot 14<99><BOT><>" got stuck [4] at <-1143.443725 1622.443359 176.017150> Eye Position <-1143.443725 1622.443359 240.017150> Eye Angles <3.350830 -34.019165 0.000000> Last Known Nav Area ID <2572>
L 07/04/2026 - 19:50:24: [navbot_stuck_logger.smx] Bot "[NAV] Bot 14<99><BOT><>" got stuck [5] at <-1143.613281 1626.265380 176.021362> Eye Position <-1143.613281 1626.265380 240.021362> Eye Angles <3.334350 -33.189697 0.000000> Last Known Nav Area ID <2572>
L 07/04/2026 - 19:50:25: [navbot_stuck_logger.smx] Bot "[NAV] Bot 14<99><BOT><>" got stuck [6] at <-1143.078124 1615.404541 176.021362> Eye Position <-1143.078124 1615.404541 240.021362> Eye Angles <0.000000 -13.032409 0.000000> Last Known Nav Area ID <2572>
L 07/04/2026 - 19:50:27: [navbot_stuck_logger.smx] Bot "[NAV] Bot 14<99><BOT><>" got stuck [7] at <-1142.796752 1610.000854 176.020187> Eye Position <-1142.796752 1610.000854 240.020187> Eye Angles <37.911182 149.197189 0.000000> Last Known Nav Area ID <2573>
L 07/04/2026 - 19:50:28: [navbot_stuck_logger.smx] Bot "[NAV] Bot 14<99><BOT><>" got stuck [8] at <-1142.072509 1596.085083 176.018051> Eye Position <-1142.072509 1596.085083 240.018051> Eye Angles <33.508300 -178.615722 0.000000> Last Known Nav Area ID <2573>
L 07/04/2026 - 19:50:29: [navbot_stuck_logger.smx] Bot "[NAV] Bot 14<99><BOT><>" got stuck [9] at <-1142.201293 1598.560424 176.022018> Eye Position <-1142.201293 1598.560424 240.022018> Eye Angles <35.370483 -177.020065 0.000000> Last Known Nav Area ID <2573>
L 07/04/2026 - 19:51:44: [navbot_stuck_logger.smx] Bot "[NAV] Bot 14<99><BOT><>" got stuck [1] at <-255.037750 2017.613647 32.031249> Eye Position <-255.037750 2017.613647 96.031249> Eye Angles <0.000000 26.523853 0.000000> Last Known Nav Area ID <2536>
L 07/04/2026 - 19:51:45: [navbot_stuck_logger.smx] Bot "[NAV] Bot 14<99><BOT><>" got stuck [2] at <-198.747146 2040.847045 34.031249> Eye Position <-198.747146 2040.847045 98.031249> Eye Angles <0.000000 65.404464 0.000000> Last Known Nav Area ID <1236>
L 07/04/2026 - 19:52:10: [navbot_stuck_logger.smx] Bot "[NAV] Bot 3<105><BOT><>" got stuck [1] at <395.242126 -1203.551269 32.031249> Eye Position <395.242126 -1203.551269 96.031249> Eye Angles <0.000000 89.173171 0.000000> Last Known Nav Area ID <105>
L 07/04/2026 - 19:52:11: [navbot_stuck_logger.smx] Bot "[NAV] Bot 3<105><BOT><>" got stuck [2] at <384.018249 -1205.540771 32.031249> Eye Position <384.018249 -1205.540771 96.031249> Eye Angles <0.000000 159.178268 0.000000> Last Known Nav Area ID <105>
L 07/04/2026 - 19:52:13: [navbot_stuck_logger.smx] Bot "[NAV] Bot 3<105><BOT><>" got stuck [3] at <389.800781 -1203.551269 32.031249> Eye Position <389.800781 -1203.551269 96.031249> Eye Angles <7.976074 13.191723 0.000000> Last Known Nav Area ID <105>
L 07/04/2026 - 19:52:14: [navbot_stuck_logger.smx] Bot "[NAV] Bot 3<105><BOT><>" got stuck [4] at <387.793395 -1203.551269 32.031249> Eye Position <387.793395 -1203.551269 96.031249> Eye Angles <0.000000 46.683765 0.000000> Last Known Nav Area ID <105>
L 07/04/2026 - 19:52:15: [navbot_stuck_logger.smx] Bot "[NAV] Bot 3<105><BOT><>" got stuck [5] at <395.453247 -1209.001831 32.031249> Eye Position <395.453247 -1209.001831 96.031249> Eye Angles <0.000000 106.564743 0.000000> Last Known Nav Area ID <105>
L 07/04/2026 - 19:52:16: [navbot_stuck_logger.smx] Bot "[NAV] Bot 3<105><BOT><>" got stuck [6] at <384.319244 -1203.738281 32.031249> Eye Position <384.319244 -1203.738281 96.031249> Eye Angles <0.000000 144.170944 0.000000> Last Known Nav Area ID <105>
L 07/04/2026 - 19:52:17: [navbot_stuck_logger.smx] Bot "[NAV] Bot 3<105><BOT><>" got stuck [7] at <391.765228 -1203.551269 32.031249> Eye Position <391.765228 -1203.551269 96.031249> Eye Angles <0.000000 119.393920 0.000000> Last Known Nav Area ID <105>
L 07/04/2026 - 19:52:18: [navbot_stuck_logger.smx] Bot "[NAV] Bot 3<105><BOT><>" got stuck [8] at <387.136138 -1203.551269 32.031249> Eye Position <387.136138 -1203.551269 96.031249> Eye Angles <0.000000 91.711013 0.000000> Last Known Nav Area ID <105>
L 07/04/2026 - 19:52:19: [navbot_stuck_logger.smx] Bot "[NAV] Bot 3<105><BOT><>" got stuck [9] at <389.389465 -1203.551269 32.031249> Eye Position <389.389465 -1203.551269 96.031249> Eye Angles <23.433837 125.447387 0.000000> Last Known Nav Area ID <105>
L 07/04/2026 - 19:52:20: [navbot_stuck_logger.smx] Bot "[NAV] Bot 3<105><BOT><>" got stuck [10] at <389.597717 -1197.819580 32.031249> Eye Position <389.597717 -1197.819580 96.031249> Eye Angles <24.686279 128.128051 0.000000> Last Known Nav Area ID <105>
L 07/04/2026 - 19:52:28: [navbot_stuck_logger.smx] Bot "[NAV] Bot 3<105><BOT><>" got stuck [1] at <304.255523 -1120.458862 32.031249> Eye Position <304.255523 -1120.458862 96.031249> Eye Angles <0.000000 71.661178 0.000000> Last Known Nav Area ID <1219>
L 07/04/2026 - 19:52:29: [navbot_stuck_logger.smx] Bot "[NAV] Bot 3<105><BOT><>" got stuck [2] at <298.205352 -1068.039550 68.031249> Eye Position <298.205352 -1068.039550 96.031249> Eye Angles <0.000000 70.688888 0.000000> Last Known Nav Area ID <196>
L 07/04/2026 - 19:53:46: [navbot_stuck_logger.smx] Bot "[NAV] Bot 15<102><BOT><>" got stuck [1] at <-712.305480 -824.031249 176.031249> Eye Position <-712.305480 -824.031249 240.031249> Eye Angles <22.543945 98.945510 0.000000> Last Known Nav Area ID <2221>
L 07/04/2026 - 19:56:01: [navbot_stuck_logger.smx] Bot "[NAV] Bot 15<102><BOT><>" got stuck [1] at <-191.031341 2040.317260 32.031249> Eye Position <-191.031341 2040.317260 96.031249> Eye Angles <4.048461 -95.951965 0.000000> Last Known Nav Area ID <1236>
L 07/04/2026 - 19:57:15: [navbot_stuck_logger.smx] Bot "[NAV] Bot 17<101><BOT><>" got stuck [1] at <275.437866 2431.162597 32.031249> Eye Position <275.437866 2431.162597 96.031249> Eye Angles <0.000000 154.717819 0.000000> Last Known Nav Area ID <654>
L 07/04/2026 - 19:57:16: [navbot_stuck_logger.smx] Bot "[NAV] Bot 17<101><BOT><>" got stuck [2] at <278.721710 2428.905029 32.031249> Eye Position <278.721710 2428.905029 96.031249> Eye Angles <0.000000 -124.074096 0.000000> Last Known Nav Area ID <654>
L 07/04/2026 - 19:57:17: [navbot_stuck_logger.smx] Bot "[NAV] Bot 17<101><BOT><>" got stuck [3] at <278.830139 2428.832031 32.031249> Eye Position <278.830139 2428.832031 96.031249> Eye Angles <0.000000 -124.123535 0.000000> Last Known Nav Area ID <654>
L 07/04/2026 - 19:57:18: [navbot_stuck_logger.smx] Bot "[NAV] Bot 17<101><BOT><>" got stuck [4] at <278.924621 2428.763671 32.031249> Eye Position <278.924621 2428.763671 96.031249> Eye Angles <0.000000 -124.172973 0.000000> Last Known Nav Area ID <654>
L 07/04/2026 - 19:57:19: [navbot_stuck_logger.smx] Bot "[NAV] Bot 17<101><BOT><>" got stuck [5] at <274.245544 2431.977783 32.031249> Eye Position <274.245544 2431.977783 96.031249> Eye Angles <16.869506 81.886596 0.000000> Last Known Nav Area ID <654>
L 07/04/2026 - 19:57:20: [navbot_stuck_logger.smx] Bot "[NAV] Bot 17<101><BOT><>" got stuck [6] at <276.030364 2430.751464 32.031249> Eye Position <276.030364 2430.751464 96.031249> Eye Angles <0.000000 173.592330 0.000000> Last Known Nav Area ID <654>
L 07/04/2026 - 19:57:22: [navbot_stuck_logger.smx] Bot "[NAV] Bot 17<101><BOT><>" got stuck [7] at <278.725189 2428.898437 32.031249> Eye Position <278.725189 2428.898437 96.031249> Eye Angles <0.000000 -124.074096 0.000000> Last Known Nav Area ID <654>
L 07/04/2026 - 19:57:23: [navbot_stuck_logger.smx] Bot "[NAV] Bot 17<101><BOT><>" got stuck [8] at <278.610504 2428.979003 32.031249> Eye Position <278.610504 2428.979003 96.031249> Eye Angles <16.185718 -140.309249 0.000000> Last Known Nav Area ID <654>
L 07/04/2026 - 19:57:24: [navbot_stuck_logger.smx] Bot "[NAV] Bot 17<101><BOT><>" got stuck [9] at <295.776062 2460.237304 34.031249> Eye Position <295.776062 2460.237304 98.031249> Eye Angles <24.439086 97.135620 0.000000> Last Known Nav Area ID <654>
L 07/04/2026 - 19:59:03: [navbot_stuck_logger.smx] Bot "[NAV] Bot 15<102><BOT><>" got stuck [1] at <-241.846679 2000.393554 32.031249> Eye Position <-241.846679 2000.393554 96.031249> Eye Angles <0.000000 65.346679 0.000000> Last Known Nav Area ID <952>
L 07/04/2026 - 19:59:04: [navbot_stuck_logger.smx] Bot "[NAV] Bot 15<102><BOT><>" got stuck [2] at <-236.414916 2043.828491 34.005962> Eye Position <-236.414916 2043.828491 62.005962> Eye Angles <-0.043945 20.525096 0.000000> Last Known Nav Area ID <2535>
L 07/04/2026 - 20:02:24: [navbot_stuck_logger.smx] Bot "[NAV] Bot 14<99><BOT><>" got stuck [1] at <-909.714538 -824.205078 176.031249> Eye Position <-909.714538 -824.205078 240.031249> Eye Angles <22.214355 -46.741333 0.000000> Last Known Nav Area ID <2216>
L 07/04/2026 - 20:02:25: [navbot_stuck_logger.smx] Bot "[NAV] Bot 14<99><BOT><>" got stuck [2] at <-870.554077 -824.016601 176.031249> Eye Position <-870.554077 -824.016601 204.031249> Eye Angles <1.073803 -15.427429 0.000000> Last Known Nav Area ID <2218>
L 07/04/2026 - 20:02:32: [navbot_stuck_logger.smx] Bot "[NAV] Bot 14<99><BOT><>" got stuck [1] at <-905.238830 -824.013061 176.031249> Eye Position <-905.238830 -824.013061 240.031249> Eye Angles <0.000000 -58.136779 0.000000> Last Known Nav Area ID <2216>
L 07/04/2026 - 20:02:33: [navbot_stuck_logger.smx] Bot "[NAV] Bot 14<99><BOT><>" got stuck [2] at <-885.238708 -824.000366 176.031249> Eye Position <-885.238708 -824.000366 204.031249> Eye Angles <0.000000 66.052658 0.000000> Last Known Nav Area ID <2217>
L 07/04/2026 - 20:03:14: [navbot_stuck_logger.smx] Bot "[NAV] Bot 13<107><BOT><>" got stuck [1] at <-310.977630 2052.920654 0.031249> Eye Position <-310.977630 2052.920654 64.031249> Eye Angles <0.000000 -29.803283 0.000000> Last Known Nav Area ID <44>
L 07/04/2026 - 20:03:15: [navbot_stuck_logger.smx] Bot "[NAV] Bot 13<107><BOT><>" got stuck [2] at <-332.066040 1946.761352 0.031249> Eye Position <-332.066040 1946.761352 28.031249> Eye Angles <0.000000 -23.359558 0.000000> Last Known Nav Area ID <34>
